---
source: stackslib/src/chainstate/tests/runtime_tests.rs
expression: result
---
[
  Success(ExpectedBlockOutput(
    marf_hash: "27c832d8dc7e9b5c7f59ad9773a65bf2532a7b1a350c25f6552decb7e906914e",
    evaluated_epoch: Epoch34,
    transactions: [
      ExpectedTransactionOutput(
        tx: "SmartContract(name: pow-neg-deploy-Epoch3_4-Clarity1, code_body: [..], clarity_version: Some(Clarity1))",
        vm_error: "Some(Arithmetic(\"Power argument to (pow ...) must be a u32 integer\")) [NON-CONSENSUS BREAKING]",
        return_type: Response(ResponseData(
          committed: false,
          data: Optional(OptionalData(
            data: None,
          )),
        )),
        cost: ExecutionCost(
          write_length: 51,
          write_count: 2,
          read_length: 1,
          read_count: 1,
          runtime: 9707,
        ),
      ),
    ],
    total_block_cost: ExecutionCost(
      write_length: 51,
      write_count: 2,
      read_length: 1,
      read_count: 1,
      runtime: 9707,
    ),
  )),
  Success(ExpectedBlockOutput(
    marf_hash: "0d39bddf6087123a03e0b95fe9b12aaeaf40c1c71410cad1a275b96d1010c0a4",
    evaluated_epoch: Epoch34,
    transactions: [
      ExpectedTransactionOutput(
        tx: "SmartContract(name: pow-neg-deploy-Epoch3_4-Clarity2, code_body: [..], clarity_version: Some(Clarity2))",
        vm_error: "Some(Arithmetic(\"Power argument to (pow ...) must be a u32 integer\")) [NON-CONSENSUS BREAKING]",
        return_type: Response(ResponseData(
          committed: false,
          data: Optional(OptionalData(
            data: None,
          )),
        )),
        cost: ExecutionCost(
          write_length: 51,
          write_count: 2,
          read_length: 1,
          read_count: 1,
          runtime: 9707,
        ),
      ),
    ],
    total_block_cost: ExecutionCost(
      write_length: 51,
      write_count: 2,
      read_length: 1,
      read_count: 1,
      runtime: 9707,
    ),
  )),
  Success(ExpectedBlockOutput(
    marf_hash: "d2da6c7be5749330568ad66e3d4146f6aad7d590ea11db9b10e2f0331c944b20",
    evaluated_epoch: Epoch34,
    transactions: [
      ExpectedTransactionOutput(
        tx: "SmartContract(name: pow-neg-deploy-Epoch3_4-Clarity3, code_body: [..], clarity_version: Some(Clarity3))",
        vm_error: "Some(Arithmetic(\"Power argument to (pow ...) must be a u32 integer\")) [NON-CONSENSUS BREAKING]",
        return_type: Response(ResponseData(
          committed: false,
          data: Optional(OptionalData(
            data: None,
          )),
        )),
        cost: ExecutionCost(
          write_length: 51,
          write_count: 2,
          read_length: 1,
          read_count: 1,
          runtime: 9707,
        ),
      ),
    ],
    total_block_cost: ExecutionCost(
      write_length: 51,
      write_count: 2,
      read_length: 1,
      read_count: 1,
      runtime: 9707,
    ),
  )),
  Success(ExpectedBlockOutput(
    marf_hash: "79dc65ef83486145ddfce6ab28288da1a4433d98de01b43e6a4d01cec2e68d95",
    evaluated_epoch: Epoch34,
    transactions: [
      ExpectedTransactionOutput(
        tx: "SmartContract(name: pow-neg-deploy-Epoch3_4-Clarity4, code_body: [..], clarity_version: Some(Clarity4))",
        vm_error: "Some(Arithmetic(\"Power argument to (pow ...) must be a u32 integer\")) [NON-CONSENSUS BREAKING]",
        return_type: Response(ResponseData(
          committed: false,
          data: Optional(OptionalData(
            data: None,
          )),
        )),
        cost: ExecutionCost(
          write_length: 51,
          write_count: 2,
          read_length: 1,
          read_count: 1,
          runtime: 9707,
        ),
      ),
    ],
    total_block_cost: ExecutionCost(
      write_length: 51,
      write_count: 2,
      read_length: 1,
      read_count: 1,
      runtime: 9707,
    ),
  )),
  Success(ExpectedBlockOutput(
    marf_hash: "4a2ccc069b6b597b99c686473f787e654e45465bd4bb8b0f8f1e0303eac05258",
    evaluated_epoch: Epoch34,
    transactions: [
      ExpectedTransactionOutput(
        tx: "SmartContract(name: pow-neg-deploy-Epoch3_4-Clarity5, code_body: [..], clarity_version: Some(Clarity5))",
        vm_error: "Some(Arithmetic(\"Power argument to (pow ...) must be a u32 integer\")) [NON-CONSENSUS BREAKING]",
        return_type: Response(ResponseData(
          committed: false,
          data: Optional(OptionalData(
            data: None,
          )),
        )),
        cost: ExecutionCost(
          write_length: 51,
          write_count: 2,
          read_length: 1,
          read_count: 1,
          runtime: 9707,
        ),
      ),
    ],
    total_block_cost: ExecutionCost(
      write_length: 51,
      write_count: 2,
      read_length: 1,
      read_count: 1,
      runtime: 9707,
    ),
  )),
  Success(ExpectedBlockOutput(
    marf_hash: "270819a6efa0441709c31b11fb7a0f41b7ca69d5c3eb6c1714056ba342959962",
    evaluated_epoch: Epoch40,
    transactions: [
      ExpectedTransactionOutput(
        tx: "SmartContract(name: pow-neg-deploy-Epoch4_0-Clarity1, code_body: [..], clarity_version: Some(Clarity1))",
        vm_error: "Some(Arithmetic(\"Power argument to (pow ...) must be a u32 integer\")) [NON-CONSENSUS BREAKING]",
        return_type: Response(ResponseData(
          committed: false,
          data: Optional(OptionalData(
            data: None,
          )),
        )),
        cost: ExecutionCost(
          write_length: 51,
          write_count: 2,
          read_length: 1,
          read_count: 1,
          runtime: 9707,
        ),
      ),
    ],
    total_block_cost: ExecutionCost(
      write_length: 51,
      write_count: 2,
      read_length: 1,
      read_count: 1,
      runtime: 9707,
    ),
  )),
  Success(ExpectedBlockOutput(
    marf_hash: "0b32de4627406985121d1da1487f0d3b3758c9029a8aebeea3d4b65705d4195b",
    evaluated_epoch: Epoch40,
    transactions: [
      ExpectedTransactionOutput(
        tx: "SmartContract(name: pow-neg-deploy-Epoch4_0-Clarity2, code_body: [..], clarity_version: Some(Clarity2))",
        vm_error: "Some(Arithmetic(\"Power argument to (pow ...) must be a u32 integer\")) [NON-CONSENSUS BREAKING]",
        return_type: Response(ResponseData(
          committed: false,
          data: Optional(OptionalData(
            data: None,
          )),
        )),
        cost: ExecutionCost(
          write_length: 51,
          write_count: 2,
          read_length: 1,
          read_count: 1,
          runtime: 9707,
        ),
      ),
    ],
    total_block_cost: ExecutionCost(
      write_length: 51,
      write_count: 2,
      read_length: 1,
      read_count: 1,
      runtime: 9707,
    ),
  )),
  Success(ExpectedBlockOutput(
    marf_hash: "ead4bfc364f18ee5da95177a522862b0fd859856c0d27b5f93fbb7b1b4a1f0f9",
    evaluated_epoch: Epoch40,
    transactions: [
      ExpectedTransactionOutput(
        tx: "SmartContract(name: pow-neg-deploy-Epoch4_0-Clarity3, code_body: [..], clarity_version: Some(Clarity3))",
        vm_error: "Some(Arithmetic(\"Power argument to (pow ...) must be a u32 integer\")) [NON-CONSENSUS BREAKING]",
        return_type: Response(ResponseData(
          committed: false,
          data: Optional(OptionalData(
            data: None,
          )),
        )),
        cost: ExecutionCost(
          write_length: 51,
          write_count: 2,
          read_length: 1,
          read_count: 1,
          runtime: 9707,
        ),
      ),
    ],
    total_block_cost: ExecutionCost(
      write_length: 51,
      write_count: 2,
      read_length: 1,
      read_count: 1,
      runtime: 9707,
    ),
  )),
  Success(ExpectedBlockOutput(
    marf_hash: "04eda6679b57e1fbe1ec723455d1c43f721851ae53a357423fffd780f6d660b3",
    evaluated_epoch: Epoch40,
    transactions: [
      ExpectedTransactionOutput(
        tx: "SmartContract(name: pow-neg-deploy-Epoch4_0-Clarity4, code_body: [..], clarity_version: Some(Clarity4))",
        vm_error: "Some(Arithmetic(\"Power argument to (pow ...) must be a u32 integer\")) [NON-CONSENSUS BREAKING]",
        return_type: Response(ResponseData(
          committed: false,
          data: Optional(OptionalData(
            data: None,
          )),
        )),
        cost: ExecutionCost(
          write_length: 51,
          write_count: 2,
          read_length: 1,
          read_count: 1,
          runtime: 9707,
        ),
      ),
    ],
    total_block_cost: ExecutionCost(
      write_length: 51,
      write_count: 2,
      read_length: 1,
      read_count: 1,
      runtime: 9707,
    ),
  )),
  Success(ExpectedBlockOutput(
    marf_hash: "c62100ed6c9c4093cd9fca4fc5b09204791005eb5a8876006d9f88a4730e55b2",
    evaluated_epoch: Epoch40,
    transactions: [
      ExpectedTransactionOutput(
        tx: "SmartContract(name: pow-neg-deploy-Epoch4_0-Clarity5, code_body: [..], clarity_version: Some(Clarity5))",
        vm_error: "Some(Arithmetic(\"Power argument to (pow ...) must be a u32 integer\")) [NON-CONSENSUS BREAKING]",
        return_type: Response(ResponseData(
          committed: false,
          data: Optional(OptionalData(
            data: None,
          )),
        )),
        cost: ExecutionCost(
          write_length: 51,
          write_count: 2,
          read_length: 1,
          read_count: 1,
          runtime: 9707,
        ),
      ),
    ],
    total_block_cost: ExecutionCost(
      write_length: 51,
      write_count: 2,
      read_length: 1,
      read_count: 1,
      runtime: 9707,
    ),
  )),
  Success(ExpectedBlockOutput(
    marf_hash: "fd936ca519dd727cfce1cdc2cb7520a260de93a03148dc2dc2f6a56798b78b80",
    evaluated_epoch: Epoch40,
    transactions: [
      ExpectedTransactionOutput(
        tx: "SmartContract(name: pow-neg-deploy-Epoch4_0-Clarity6, code_body: [..], clarity_version: Some(Clarity6))",
        vm_error: "Some(Arithmetic(\"Power argument to (pow ...) must be a u32 integer\")) [NON-CONSENSUS BREAKING]",
        return_type: Response(ResponseData(
          committed: false,
          data: Optional(OptionalData(
            data: None,
          )),
        )),
        cost: ExecutionCost(
          write_length: 51,
          write_count: 2,
          read_length: 1,
          read_count: 1,
          runtime: 9707,
        ),
      ),
    ],
    total_block_cost: ExecutionCost(
      write_length: 51,
      write_count: 2,
      read_length: 1,
      read_count: 1,
      runtime: 9707,
    ),
  )),
]
