---
source: stackslib/src/chainstate/tests/static_analysis_tests.rs
expression: result
---
[
  Success(ExpectedBlockOutput(
    marf_hash: "0db0c671e9d9e122004faa3ab548812b06af79f047959700cf0b74ca99d36091",
    evaluated_epoch: Epoch33,
    transactions: [
      ExpectedTransactionOutput(
        tx: "SmartContract(name: expected-response-type-Epoch3_3-Clarity1, code_body: [..], clarity_version: Some(Clarity1))",
        vm_error: "Some(:0:0: expecting expression of type \'response\', found \'(optional int)\') [NON-CONSENSUS BREAKING]",
        return_type: Response(ResponseData(
          committed: false,
          data: Optional(OptionalData(
            data: None,
          )),
        )),
        cost: ExecutionCost(
          write_length: 7,
          write_count: 1,
          read_length: 1,
          read_count: 1,
          runtime: 1065,
        ),
      ),
    ],
    total_block_cost: ExecutionCost(
      write_length: 7,
      write_count: 1,
      read_length: 1,
      read_count: 1,
      runtime: 1065,
    ),
  )),
  Success(ExpectedBlockOutput(
    marf_hash: "e4669542cf9220f48120e779ee482f5e201ce433881aa9fae0ef2e0bd80cf634",
    evaluated_epoch: Epoch33,
    transactions: [
      ExpectedTransactionOutput(
        tx: "SmartContract(name: expected-response-type-Epoch3_3-Clarity2, code_body: [..], clarity_version: Some(Clarity2))",
        vm_error: "Some(:0:0: expecting expression of type \'response\', found \'(optional int)\') [NON-CONSENSUS BREAKING]",
        return_type: Response(ResponseData(
          committed: false,
          data: Optional(OptionalData(
            data: None,
          )),
        )),
        cost: ExecutionCost(
          write_length: 7,
          write_count: 1,
          read_length: 1,
          read_count: 1,
          runtime: 1065,
        ),
      ),
    ],
    total_block_cost: ExecutionCost(
      write_length: 7,
      write_count: 1,
      read_length: 1,
      read_count: 1,
      runtime: 1065,
    ),
  )),
  Success(ExpectedBlockOutput(
    marf_hash: "b85f082b113f55268008117bdd4a73e80d8d14986aaa23ec18fbece7deec8809",
    evaluated_epoch: Epoch33,
    transactions: [
      ExpectedTransactionOutput(
        tx: "SmartContract(name: expected-response-type-Epoch3_3-Clarity3, code_body: [..], clarity_version: Some(Clarity3))",
        vm_error: "Some(:0:0: expecting expression of type \'response\', found \'(optional int)\') [NON-CONSENSUS BREAKING]",
        return_type: Response(ResponseData(
          committed: false,
          data: Optional(OptionalData(
            data: None,
          )),
        )),
        cost: ExecutionCost(
          write_length: 7,
          write_count: 1,
          read_length: 1,
          read_count: 1,
          runtime: 1065,
        ),
      ),
    ],
    total_block_cost: ExecutionCost(
      write_length: 7,
      write_count: 1,
      read_length: 1,
      read_count: 1,
      runtime: 1065,
    ),
  )),
  Success(ExpectedBlockOutput(
    marf_hash: "3834dd1bc59f2a8c4e9e8211cad2a4942a8e7c76e015d5384d77c56d2401c697",
    evaluated_epoch: Epoch33,
    transactions: [
      ExpectedTransactionOutput(
        tx: "SmartContract(name: expected-response-type-Epoch3_3-Clarity4, code_body: [..], clarity_version: Some(Clarity4))",
        vm_error: "Some(:0:0: expecting expression of type \'response\', found \'(optional int)\') [NON-CONSENSUS BREAKING]",
        return_type: Response(ResponseData(
          committed: false,
          data: Optional(OptionalData(
            data: None,
          )),
        )),
        cost: ExecutionCost(
          write_length: 7,
          write_count: 1,
          read_length: 1,
          read_count: 1,
          runtime: 1065,
        ),
      ),
    ],
    total_block_cost: ExecutionCost(
      write_length: 7,
      write_count: 1,
      read_length: 1,
      read_count: 1,
      runtime: 1065,
    ),
  )),
]
