---
source: stackslib/src/chainstate/tests/runtime_analysis_tests.rs
expression: result.get_expected_results()
---
[
  Success(ExpectedBlockOutput(
    marf_hash: "5c053b0d10f4889b1a83ce8aa1ab6d96d5e79f4ec196a7a2cf160fe133b06f08",
    evaluated_epoch: Epoch20,
    transactions: [
      ExpectedTransactionOutput(
        tx: "SmartContract(name: check-error-kind-Epoch2_0-Clarity1, code_body: [..], clarity_version: None)",
        vm_error: "None [NON-CONSENSUS BREAKING]",
        return_type: Response(ResponseData(
          committed: true,
          data: Bool(true),
        )),
        cost: ExecutionCost(
          write_length: 62,
          write_count: 2,
          read_length: 1,
          read_count: 1,
          runtime: 581000,
        ),
      ),
    ],
    total_block_cost: ExecutionCost(
      write_length: 62,
      write_count: 2,
      read_length: 1,
      read_count: 1,
      runtime: 581000,
    ),
  )),
  Success(ExpectedBlockOutput(
    marf_hash: "ff0eb1c3132fd4f7f7bb1d33b87078f3756c941718925f195e5cab1b80820ee3",
    evaluated_epoch: Epoch2_05,
    transactions: [
      ExpectedTransactionOutput(
        tx: "SmartContract(name: check-error-kind-Epoch2_05-Clarity1, code_body: [..], clarity_version: None)",
        vm_error: "None [NON-CONSENSUS BREAKING]",
        return_type: Response(ResponseData(
          committed: true,
          data: Bool(true),
        )),
        cost: ExecutionCost(
          write_length: 62,
          write_count: 2,
          read_length: 1,
          read_count: 1,
          runtime: 305355,
        ),
      ),
    ],
    total_block_cost: ExecutionCost(
      write_length: 62,
      write_count: 2,
      read_length: 1,
      read_count: 1,
      runtime: 305355,
    ),
  )),
  Success(ExpectedBlockOutput(
    marf_hash: "abb98265523b5e04506643a5a25e794caa92629678892e184dd12eb7e49a0417",
    evaluated_epoch: Epoch21,
    transactions: [
      ExpectedTransactionOutput(
        tx: "SmartContract(name: check-error-kind-Epoch2_1-Clarity1, code_body: [..], clarity_version: Some(Clarity1))",
        vm_error: "None [NON-CONSENSUS BREAKING]",
        return_type: Response(ResponseData(
          committed: true,
          data: Bool(true),
        )),
        cost: ExecutionCost(
          write_length: 62,
          write_count: 2,
          read_length: 1,
          read_count: 1,
          runtime: 9659,
        ),
      ),
    ],
    total_block_cost: ExecutionCost(
      write_length: 62,
      write_count: 2,
      read_length: 1,
      read_count: 1,
      runtime: 9659,
    ),
  )),
  Success(ExpectedBlockOutput(
    marf_hash: "cf9ea3959801afb08d0af6be4059a8c2c548990a40eabbc4a9083034726ebaef",
    evaluated_epoch: Epoch21,
    transactions: [
      ExpectedTransactionOutput(
        tx: "SmartContract(name: check-error-kind-Epoch2_1-Clarity2, code_body: [..], clarity_version: Some(Clarity2))",
        vm_error: "None [NON-CONSENSUS BREAKING]",
        return_type: Response(ResponseData(
          committed: true,
          data: Bool(true),
        )),
        cost: ExecutionCost(
          write_length: 62,
          write_count: 2,
          read_length: 1,
          read_count: 1,
          runtime: 9659,
        ),
      ),
    ],
    total_block_cost: ExecutionCost(
      write_length: 62,
      write_count: 2,
      read_length: 1,
      read_count: 1,
      runtime: 9659,
    ),
  )),
  Success(ExpectedBlockOutput(
    marf_hash: "961a199d1b87a993e75c341c73bda6a412ef29f8ed7f0d95ca704d36d01ac916",
    evaluated_epoch: Epoch22,
    transactions: [
      ExpectedTransactionOutput(
        tx: "SmartContract(name: check-error-kind-Epoch2_2-Clarity1, code_body: [..], clarity_version: Some(Clarity1))",
        vm_error: "None [NON-CONSENSUS BREAKING]",
        return_type: Response(ResponseData(
          committed: true,
          data: Bool(true),
        )),
        cost: ExecutionCost(
          write_length: 62,
          write_count: 2,
          read_length: 1,
          read_count: 1,
          runtime: 9659,
        ),
      ),
    ],
    total_block_cost: ExecutionCost(
      write_length: 62,
      write_count: 2,
      read_length: 1,
      read_count: 1,
      runtime: 9659,
    ),
  )),
  Success(ExpectedBlockOutput(
    marf_hash: "8b2ff3c27feac699b8acc60f084153f6280d43c996bc93739b0bc069755eba73",
    evaluated_epoch: Epoch22,
    transactions: [
      ExpectedTransactionOutput(
        tx: "SmartContract(name: check-error-kind-Epoch2_2-Clarity2, code_body: [..], clarity_version: Some(Clarity2))",
        vm_error: "None [NON-CONSENSUS BREAKING]",
        return_type: Response(ResponseData(
          committed: true,
          data: Bool(true),
        )),
        cost: ExecutionCost(
          write_length: 62,
          write_count: 2,
          read_length: 1,
          read_count: 1,
          runtime: 9659,
        ),
      ),
    ],
    total_block_cost: ExecutionCost(
      write_length: 62,
      write_count: 2,
      read_length: 1,
      read_count: 1,
      runtime: 9659,
    ),
  )),
  Success(ExpectedBlockOutput(
    marf_hash: "ec15900e87232aa829868e6919f6168aac93cd6eba4439dceb027c61b99eebd2",
    evaluated_epoch: Epoch23,
    transactions: [
      ExpectedTransactionOutput(
        tx: "SmartContract(name: check-error-kind-Epoch2_3-Clarity1, code_body: [..], clarity_version: Some(Clarity1))",
        vm_error: "None [NON-CONSENSUS BREAKING]",
        return_type: Response(ResponseData(
          committed: true,
          data: Bool(true),
        )),
        cost: ExecutionCost(
          write_length: 62,
          write_count: 2,
          read_length: 1,
          read_count: 1,
          runtime: 9659,
        ),
      ),
    ],
    total_block_cost: ExecutionCost(
      write_length: 62,
      write_count: 2,
      read_length: 1,
      read_count: 1,
      runtime: 9659,
    ),
  )),
  Success(ExpectedBlockOutput(
    marf_hash: "b840dee280d19f76348f239cc8ec68aa6ffef4629f77e69f7c416e438c0bb20b",
    evaluated_epoch: Epoch23,
    transactions: [
      ExpectedTransactionOutput(
        tx: "SmartContract(name: check-error-kind-Epoch2_3-Clarity2, code_body: [..], clarity_version: Some(Clarity2))",
        vm_error: "None [NON-CONSENSUS BREAKING]",
        return_type: Response(ResponseData(
          committed: true,
          data: Bool(true),
        )),
        cost: ExecutionCost(
          write_length: 62,
          write_count: 2,
          read_length: 1,
          read_count: 1,
          runtime: 9659,
        ),
      ),
    ],
    total_block_cost: ExecutionCost(
      write_length: 62,
      write_count: 2,
      read_length: 1,
      read_count: 1,
      runtime: 9659,
    ),
  )),
  Success(ExpectedBlockOutput(
    marf_hash: "cf99c983db707be248270435e97b9ad641aef54a9a385bedae8316afbdb8279b",
    evaluated_epoch: Epoch24,
    transactions: [
      ExpectedTransactionOutput(
        tx: "SmartContract(name: check-error-kind-Epoch2_4-Clarity1, code_body: [..], clarity_version: Some(Clarity1))",
        vm_error: "None [NON-CONSENSUS BREAKING]",
        return_type: Response(ResponseData(
          committed: true,
          data: Bool(true),
        )),
        cost: ExecutionCost(
          write_length: 62,
          write_count: 2,
          read_length: 1,
          read_count: 1,
          runtime: 9659,
        ),
      ),
    ],
    total_block_cost: ExecutionCost(
      write_length: 62,
      write_count: 2,
      read_length: 1,
      read_count: 1,
      runtime: 9659,
    ),
  )),
  Success(ExpectedBlockOutput(
    marf_hash: "5e28fdcf07d69a9dc6c616549bc4874353d59ce1840e09eeb36ecabf935c6eca",
    evaluated_epoch: Epoch24,
    transactions: [
      ExpectedTransactionOutput(
        tx: "SmartContract(name: check-error-kind-Epoch2_4-Clarity2, code_body: [..], clarity_version: Some(Clarity2))",
        vm_error: "None [NON-CONSENSUS BREAKING]",
        return_type: Response(ResponseData(
          committed: true,
          data: Bool(true),
        )),
        cost: ExecutionCost(
          write_length: 62,
          write_count: 2,
          read_length: 1,
          read_count: 1,
          runtime: 9659,
        ),
      ),
    ],
    total_block_cost: ExecutionCost(
      write_length: 62,
      write_count: 2,
      read_length: 1,
      read_count: 1,
      runtime: 9659,
    ),
  )),
  Success(ExpectedBlockOutput(
    marf_hash: "34dbe72fb135deb6e8ed5ac750417947135e5d0b89878e6c2ba0b02efc69d7f0",
    evaluated_epoch: Epoch25,
    transactions: [
      ExpectedTransactionOutput(
        tx: "SmartContract(name: check-error-kind-Epoch2_5-Clarity1, code_body: [..], clarity_version: Some(Clarity1))",
        vm_error: "None [NON-CONSENSUS BREAKING]",
        return_type: Response(ResponseData(
          committed: true,
          data: Bool(true),
        )),
        cost: ExecutionCost(
          write_length: 62,
          write_count: 2,
          read_length: 1,
          read_count: 1,
          runtime: 9659,
        ),
      ),
    ],
    total_block_cost: ExecutionCost(
      write_length: 62,
      write_count: 2,
      read_length: 1,
      read_count: 1,
      runtime: 9659,
    ),
  )),
  Success(ExpectedBlockOutput(
    marf_hash: "cfc7440ab28b17c5a3999b7fc20d4bd2826bc9e8f6a54408c452dca1b8982f82",
    evaluated_epoch: Epoch25,
    transactions: [
      ExpectedTransactionOutput(
        tx: "SmartContract(name: check-error-kind-Epoch2_5-Clarity2, code_body: [..], clarity_version: Some(Clarity2))",
        vm_error: "None [NON-CONSENSUS BREAKING]",
        return_type: Response(ResponseData(
          committed: true,
          data: Bool(true),
        )),
        cost: ExecutionCost(
          write_length: 62,
          write_count: 2,
          read_length: 1,
          read_count: 1,
          runtime: 9659,
        ),
      ),
    ],
    total_block_cost: ExecutionCost(
      write_length: 62,
      write_count: 2,
      read_length: 1,
      read_count: 1,
      runtime: 9659,
    ),
  )),
  Success(ExpectedBlockOutput(
    marf_hash: "7c909e394fc38545eb116bd5a12d5e494a5c529046dee968f2381062031e23ea",
    evaluated_epoch: Epoch30,
    transactions: [
      ExpectedTransactionOutput(
        tx: "SmartContract(name: check-error-kind-Epoch3_0-Clarity1, code_body: [..], clarity_version: Some(Clarity1))",
        vm_error: "None [NON-CONSENSUS BREAKING]",
        return_type: Response(ResponseData(
          committed: true,
          data: Bool(true),
        )),
        cost: ExecutionCost(
          write_length: 62,
          write_count: 2,
          read_length: 1,
          read_count: 1,
          runtime: 9659,
        ),
      ),
    ],
    total_block_cost: ExecutionCost(
      write_length: 62,
      write_count: 2,
      read_length: 1,
      read_count: 1,
      runtime: 9659,
    ),
  )),
  Success(ExpectedBlockOutput(
    marf_hash: "db3533f968a873e46f1e70504ca9b94aa96b366b9c0decec740d96da7f8d1cbf",
    evaluated_epoch: Epoch30,
    transactions: [
      ExpectedTransactionOutput(
        tx: "SmartContract(name: check-error-kind-Epoch3_0-Clarity2, code_body: [..], clarity_version: Some(Clarity2))",
        vm_error: "None [NON-CONSENSUS BREAKING]",
        return_type: Response(ResponseData(
          committed: true,
          data: Bool(true),
        )),
        cost: ExecutionCost(
          write_length: 62,
          write_count: 2,
          read_length: 1,
          read_count: 1,
          runtime: 9659,
        ),
      ),
    ],
    total_block_cost: ExecutionCost(
      write_length: 62,
      write_count: 2,
      read_length: 1,
      read_count: 1,
      runtime: 9659,
    ),
  )),
  Success(ExpectedBlockOutput(
    marf_hash: "0c5a09b1b6193569c94b761c16b6567c2f25028f718f81ed5b9dc33bdf4dbe46",
    evaluated_epoch: Epoch30,
    transactions: [
      ExpectedTransactionOutput(
        tx: "SmartContract(name: check-error-kind-Epoch3_0-Clarity3, code_body: [..], clarity_version: Some(Clarity3))",
        vm_error: "None [NON-CONSENSUS BREAKING]",
        return_type: Response(ResponseData(
          committed: true,
          data: Bool(true),
        )),
        cost: ExecutionCost(
          write_length: 62,
          write_count: 2,
          read_length: 1,
          read_count: 1,
          runtime: 9659,
        ),
      ),
    ],
    total_block_cost: ExecutionCost(
      write_length: 62,
      write_count: 2,
      read_length: 1,
      read_count: 1,
      runtime: 9659,
    ),
  )),
  Success(ExpectedBlockOutput(
    marf_hash: "86c97ace4dfaa88c61690e63d4f544b46382c812649f3be26e9b7989de1f8866",
    evaluated_epoch: Epoch31,
    transactions: [
      ExpectedTransactionOutput(
        tx: "SmartContract(name: check-error-kind-Epoch3_1-Clarity1, code_body: [..], clarity_version: Some(Clarity1))",
        vm_error: "None [NON-CONSENSUS BREAKING]",
        return_type: Response(ResponseData(
          committed: true,
          data: Bool(true),
        )),
        cost: ExecutionCost(
          write_length: 62,
          write_count: 2,
          read_length: 1,
          read_count: 1,
          runtime: 9659,
        ),
      ),
    ],
    total_block_cost: ExecutionCost(
      write_length: 62,
      write_count: 2,
      read_length: 1,
      read_count: 1,
      runtime: 9659,
    ),
  )),
  Success(ExpectedBlockOutput(
    marf_hash: "98f7783ae62c4af474d135dcb88e4bf5ce490943d571908cf7b7dae9050f5255",
    evaluated_epoch: Epoch31,
    transactions: [
      ExpectedTransactionOutput(
        tx: "SmartContract(name: check-error-kind-Epoch3_1-Clarity2, code_body: [..], clarity_version: Some(Clarity2))",
        vm_error: "None [NON-CONSENSUS BREAKING]",
        return_type: Response(ResponseData(
          committed: true,
          data: Bool(true),
        )),
        cost: ExecutionCost(
          write_length: 62,
          write_count: 2,
          read_length: 1,
          read_count: 1,
          runtime: 9659,
        ),
      ),
    ],
    total_block_cost: ExecutionCost(
      write_length: 62,
      write_count: 2,
      read_length: 1,
      read_count: 1,
      runtime: 9659,
    ),
  )),
  Success(ExpectedBlockOutput(
    marf_hash: "c1004e386524ba7fa5cf33d3faaffd86be814da4854e3f766b03cc9aea62500c",
    evaluated_epoch: Epoch31,
    transactions: [
      ExpectedTransactionOutput(
        tx: "SmartContract(name: check-error-kind-Epoch3_1-Clarity3, code_body: [..], clarity_version: Some(Clarity3))",
        vm_error: "None [NON-CONSENSUS BREAKING]",
        return_type: Response(ResponseData(
          committed: true,
          data: Bool(true),
        )),
        cost: ExecutionCost(
          write_length: 62,
          write_count: 2,
          read_length: 1,
          read_count: 1,
          runtime: 9659,
        ),
      ),
    ],
    total_block_cost: ExecutionCost(
      write_length: 62,
      write_count: 2,
      read_length: 1,
      read_count: 1,
      runtime: 9659,
    ),
  )),
  Success(ExpectedBlockOutput(
    marf_hash: "a475344adf19d7d6d37c2e277879939b21dabec8e43631535c09c27ba4723b81",
    evaluated_epoch: Epoch32,
    transactions: [
      ExpectedTransactionOutput(
        tx: "SmartContract(name: check-error-kind-Epoch3_2-Clarity1, code_body: [..], clarity_version: Some(Clarity1))",
        vm_error: "None [NON-CONSENSUS BREAKING]",
        return_type: Response(ResponseData(
          committed: true,
          data: Bool(true),
        )),
        cost: ExecutionCost(
          write_length: 62,
          write_count: 2,
          read_length: 1,
          read_count: 1,
          runtime: 9659,
        ),
      ),
    ],
    total_block_cost: ExecutionCost(
      write_length: 62,
      write_count: 2,
      read_length: 1,
      read_count: 1,
      runtime: 9659,
    ),
  )),
  Success(ExpectedBlockOutput(
    marf_hash: "3ef2c256878997042cfc8ee6e0dde988f22009d688f43f1ba6730b9ed325d9aa",
    evaluated_epoch: Epoch32,
    transactions: [
      ExpectedTransactionOutput(
        tx: "SmartContract(name: check-error-kind-Epoch3_2-Clarity2, code_body: [..], clarity_version: Some(Clarity2))",
        vm_error: "None [NON-CONSENSUS BREAKING]",
        return_type: Response(ResponseData(
          committed: true,
          data: Bool(true),
        )),
        cost: ExecutionCost(
          write_length: 62,
          write_count: 2,
          read_length: 1,
          read_count: 1,
          runtime: 9659,
        ),
      ),
    ],
    total_block_cost: ExecutionCost(
      write_length: 62,
      write_count: 2,
      read_length: 1,
      read_count: 1,
      runtime: 9659,
    ),
  )),
  Success(ExpectedBlockOutput(
    marf_hash: "67ea0d3a21e6cd5c2c25ef7d06f7c14b1d9f8f8c21023415c1da51fbb652ed8c",
    evaluated_epoch: Epoch32,
    transactions: [
      ExpectedTransactionOutput(
        tx: "SmartContract(name: check-error-kind-Epoch3_2-Clarity3, code_body: [..], clarity_version: Some(Clarity3))",
        vm_error: "None [NON-CONSENSUS BREAKING]",
        return_type: Response(ResponseData(
          committed: true,
          data: Bool(true),
        )),
        cost: ExecutionCost(
          write_length: 62,
          write_count: 2,
          read_length: 1,
          read_count: 1,
          runtime: 9659,
        ),
      ),
    ],
    total_block_cost: ExecutionCost(
      write_length: 62,
      write_count: 2,
      read_length: 1,
      read_count: 1,
      runtime: 9659,
    ),
  )),
  Success(ExpectedBlockOutput(
    marf_hash: "37bd8c570ba484f77a56068d228ce739ad13c342befbd1ae8e60a93dbc6b482b",
    evaluated_epoch: Epoch33,
    transactions: [
      ExpectedTransactionOutput(
        tx: "SmartContract(name: check-error-kind-Epoch3_3-Clarity1, code_body: [..], clarity_version: Some(Clarity1))",
        vm_error: "None [NON-CONSENSUS BREAKING]",
        return_type: Response(ResponseData(
          committed: true,
          data: Bool(true),
        )),
        cost: ExecutionCost(
          write_length: 62,
          write_count: 2,
          read_length: 1,
          read_count: 1,
          runtime: 9659,
        ),
      ),
    ],
    total_block_cost: ExecutionCost(
      write_length: 62,
      write_count: 2,
      read_length: 1,
      read_count: 1,
      runtime: 9659,
    ),
  )),
  Success(ExpectedBlockOutput(
    marf_hash: "4f6df5bf64464edb08a81e1564e0a3edfb75556b1fdda0e98671dd1a1af8b4c0",
    evaluated_epoch: Epoch33,
    transactions: [
      ExpectedTransactionOutput(
        tx: "SmartContract(name: check-error-kind-Epoch3_3-Clarity2, code_body: [..], clarity_version: Some(Clarity2))",
        vm_error: "None [NON-CONSENSUS BREAKING]",
        return_type: Response(ResponseData(
          committed: true,
          data: Bool(true),
        )),
        cost: ExecutionCost(
          write_length: 62,
          write_count: 2,
          read_length: 1,
          read_count: 1,
          runtime: 9659,
        ),
      ),
    ],
    total_block_cost: ExecutionCost(
      write_length: 62,
      write_count: 2,
      read_length: 1,
      read_count: 1,
      runtime: 9659,
    ),
  )),
  Success(ExpectedBlockOutput(
    marf_hash: "3d6a109a713e51243254b873703734f3ce4de0c8d647b7612f782340d288457f",
    evaluated_epoch: Epoch33,
    transactions: [
      ExpectedTransactionOutput(
        tx: "SmartContract(name: check-error-kind-Epoch3_3-Clarity3, code_body: [..], clarity_version: Some(Clarity3))",
        vm_error: "None [NON-CONSENSUS BREAKING]",
        return_type: Response(ResponseData(
          committed: true,
          data: Bool(true),
        )),
        cost: ExecutionCost(
          write_length: 62,
          write_count: 2,
          read_length: 1,
          read_count: 1,
          runtime: 9659,
        ),
      ),
    ],
    total_block_cost: ExecutionCost(
      write_length: 62,
      write_count: 2,
      read_length: 1,
      read_count: 1,
      runtime: 9659,
    ),
  )),
  Success(ExpectedBlockOutput(
    marf_hash: "9a062f6925781d6f9233579f9f34084c4f199ad20271ae63257f9cdec48eb0d8",
    evaluated_epoch: Epoch33,
    transactions: [
      ExpectedTransactionOutput(
        tx: "SmartContract(name: check-error-kind-Epoch3_3-Clarity4, code_body: [..], clarity_version: Some(Clarity4))",
        vm_error: "None [NON-CONSENSUS BREAKING]",
        return_type: Response(ResponseData(
          committed: true,
          data: Bool(true),
        )),
        cost: ExecutionCost(
          write_length: 62,
          write_count: 2,
          read_length: 1,
          read_count: 1,
          runtime: 9659,
        ),
      ),
    ],
    total_block_cost: ExecutionCost(
      write_length: 62,
      write_count: 2,
      read_length: 1,
      read_count: 1,
      runtime: 9659,
    ),
  )),
  Success(ExpectedBlockOutput(
    marf_hash: "871794ea93794837c25ec6fc7c2df1b3c5ebabf5aef63107c6bdcc7936a4189c",
    evaluated_epoch: Epoch34,
    transactions: [
      ExpectedTransactionOutput(
        tx: "SmartContract(name: check-error-kind-Epoch3_4-Clarity1, code_body: [..], clarity_version: Some(Clarity1))",
        vm_error: "None [NON-CONSENSUS BREAKING]",
        return_type: Response(ResponseData(
          committed: true,
          data: Bool(true),
        )),
        cost: ExecutionCost(
          write_length: 62,
          write_count: 2,
          read_length: 1,
          read_count: 1,
          runtime: 9659,
        ),
      ),
    ],
    total_block_cost: ExecutionCost(
      write_length: 62,
      write_count: 2,
      read_length: 1,
      read_count: 1,
      runtime: 9659,
    ),
  )),
  Success(ExpectedBlockOutput(
    marf_hash: "32f09b5c6f880d235481d4caf31c05f5d2a0382058ecd5e0b947e46bcfeb8c94",
    evaluated_epoch: Epoch34,
    transactions: [
      ExpectedTransactionOutput(
        tx: "SmartContract(name: check-error-kind-Epoch3_4-Clarity2, code_body: [..], clarity_version: Some(Clarity2))",
        vm_error: "None [NON-CONSENSUS BREAKING]",
        return_type: Response(ResponseData(
          committed: true,
          data: Bool(true),
        )),
        cost: ExecutionCost(
          write_length: 62,
          write_count: 2,
          read_length: 1,
          read_count: 1,
          runtime: 9659,
        ),
      ),
    ],
    total_block_cost: ExecutionCost(
      write_length: 62,
      write_count: 2,
      read_length: 1,
      read_count: 1,
      runtime: 9659,
    ),
  )),
  Success(ExpectedBlockOutput(
    marf_hash: "558e66f293de5f06b429fd594c70160d28d59d6536481da0b0582400c119cfad",
    evaluated_epoch: Epoch34,
    transactions: [
      ExpectedTransactionOutput(
        tx: "SmartContract(name: check-error-kind-Epoch3_4-Clarity3, code_body: [..], clarity_version: Some(Clarity3))",
        vm_error: "None [NON-CONSENSUS BREAKING]",
        return_type: Response(ResponseData(
          committed: true,
          data: Bool(true),
        )),
        cost: ExecutionCost(
          write_length: 62,
          write_count: 2,
          read_length: 1,
          read_count: 1,
          runtime: 9659,
        ),
      ),
    ],
    total_block_cost: ExecutionCost(
      write_length: 62,
      write_count: 2,
      read_length: 1,
      read_count: 1,
      runtime: 9659,
    ),
  )),
  Success(ExpectedBlockOutput(
    marf_hash: "e5ee1c5836c60a4a879693071b5065fbe218caff989fbdbaf4ccbc5a8316f364",
    evaluated_epoch: Epoch34,
    transactions: [
      ExpectedTransactionOutput(
        tx: "SmartContract(name: check-error-kind-Epoch3_4-Clarity4, code_body: [..], clarity_version: Some(Clarity4))",
        vm_error: "None [NON-CONSENSUS BREAKING]",
        return_type: Response(ResponseData(
          committed: true,
          data: Bool(true),
        )),
        cost: ExecutionCost(
          write_length: 62,
          write_count: 2,
          read_length: 1,
          read_count: 1,
          runtime: 9659,
        ),
      ),
    ],
    total_block_cost: ExecutionCost(
      write_length: 62,
      write_count: 2,
      read_length: 1,
      read_count: 1,
      runtime: 9659,
    ),
  )),
  Success(ExpectedBlockOutput(
    marf_hash: "34d2911a815d9dcc8b411bd5b9332f55061c52e330191abc1243af119d7e503e",
    evaluated_epoch: Epoch34,
    transactions: [
      ExpectedTransactionOutput(
        tx: "SmartContract(name: check-error-kind-Epoch3_4-Clarity5, code_body: [..], clarity_version: Some(Clarity5))",
        vm_error: "None [NON-CONSENSUS BREAKING]",
        return_type: Response(ResponseData(
          committed: true,
          data: Bool(true),
        )),
        cost: ExecutionCost(
          write_length: 62,
          write_count: 2,
          read_length: 1,
          read_count: 1,
          runtime: 9659,
        ),
      ),
    ],
    total_block_cost: ExecutionCost(
      write_length: 62,
      write_count: 2,
      read_length: 1,
      read_count: 1,
      runtime: 9659,
    ),
  )),
  Success(ExpectedBlockOutput(
    marf_hash: "658c6962beb619bf576e55051855c18f36f9c987a202dad6696f5622e8a108e8",
    evaluated_epoch: Epoch34,
    transactions: [
      ExpectedTransactionOutput(
        tx: "ContractCall(address: ST1AW6EKPGT61SQ9FNVDS17RKNWT8ZP582VF9HSCP, contract_name: check-error-kind-Epoch2_0-Clarity1, function_name: trigger-error, function_args: [[Bool(true)]])",
        vm_error: "Some(TypeValueError(UIntType, \"Bool(true)\")) [NON-CONSENSUS BREAKING]",
        return_type: Response(ResponseData(
          committed: false,
          data: Optional(OptionalData(
            data: None,
          )),
        )),
        cost: ExecutionCost(
          write_length: 0,
          write_count: 0,
          read_length: 51,
          read_count: 3,
          runtime: 168,
        ),
      ),
    ],
    total_block_cost: ExecutionCost(
      write_length: 0,
      write_count: 0,
      read_length: 51,
      read_count: 3,
      runtime: 168,
    ),
  )),
  Success(ExpectedBlockOutput(
    marf_hash: "4ac7611d2af1efdccb30486f2cbee320b6f65003e77c65997387371fbbb4ed19",
    evaluated_epoch: Epoch34,
    transactions: [
      ExpectedTransactionOutput(
        tx: "ContractCall(address: ST1AW6EKPGT61SQ9FNVDS17RKNWT8ZP582VF9HSCP, contract_name: check-error-kind-Epoch2_05-Clarity1, function_name: trigger-error, function_args: [[Bool(true)]])",
        vm_error: "Some(TypeValueError(UIntType, \"Bool(true)\")) [NON-CONSENSUS BREAKING]",
        return_type: Response(ResponseData(
          committed: false,
          data: Optional(OptionalData(
            data: None,
          )),
        )),
        cost: ExecutionCost(
          write_length: 0,
          write_count: 0,
          read_length: 51,
          read_count: 3,
          runtime: 168,
        ),
      ),
    ],
    total_block_cost: ExecutionCost(
      write_length: 0,
      write_count: 0,
      read_length: 51,
      read_count: 3,
      runtime: 168,
    ),
  )),
  Success(ExpectedBlockOutput(
    marf_hash: "d3c877c3751b823cd84c11e4b7b0b4a646f31dc42a844c68a7b67656355814af",
    evaluated_epoch: Epoch34,
    transactions: [
      ExpectedTransactionOutput(
        tx: "ContractCall(address: ST1AW6EKPGT61SQ9FNVDS17RKNWT8ZP582VF9HSCP, contract_name: check-error-kind-Epoch2_1-Clarity1, function_name: trigger-error, function_args: [[Bool(true)]])",
        vm_error: "Some(TypeValueError(UIntType, \"Bool(true)\")) [NON-CONSENSUS BREAKING]",
        return_type: Response(ResponseData(
          committed: false,
          data: Optional(OptionalData(
            data: None,
          )),
        )),
        cost: ExecutionCost(
          write_length: 0,
          write_count: 0,
          read_length: 51,
          read_count: 3,
          runtime: 168,
        ),
      ),
    ],
    total_block_cost: ExecutionCost(
      write_length: 0,
      write_count: 0,
      read_length: 51,
      read_count: 3,
      runtime: 168,
    ),
  )),
  Success(ExpectedBlockOutput(
    marf_hash: "c7483fad18e53a63ff9f7bfe755c1d365a5f8aebcc855b7470b71394eec83821",
    evaluated_epoch: Epoch34,
    transactions: [
      ExpectedTransactionOutput(
        tx: "ContractCall(address: ST1AW6EKPGT61SQ9FNVDS17RKNWT8ZP582VF9HSCP, contract_name: check-error-kind-Epoch2_1-Clarity2, function_name: trigger-error, function_args: [[Bool(true)]])",
        vm_error: "Some(TypeValueError(UIntType, \"Bool(true)\")) [NON-CONSENSUS BREAKING]",
        return_type: Response(ResponseData(
          committed: false,
          data: Optional(OptionalData(
            data: None,
          )),
        )),
        cost: ExecutionCost(
          write_length: 0,
          write_count: 0,
          read_length: 51,
          read_count: 3,
          runtime: 168,
        ),
      ),
    ],
    total_block_cost: ExecutionCost(
      write_length: 0,
      write_count: 0,
      read_length: 51,
      read_count: 3,
      runtime: 168,
    ),
  )),
  Success(ExpectedBlockOutput(
    marf_hash: "07f8333ead9ba7a5a754b0fc3f5d14b2ee3bf2507333303d4175cd7d27dd1cf7",
    evaluated_epoch: Epoch34,
    transactions: [
      ExpectedTransactionOutput(
        tx: "ContractCall(address: ST1AW6EKPGT61SQ9FNVDS17RKNWT8ZP582VF9HSCP, contract_name: check-error-kind-Epoch2_2-Clarity1, function_name: trigger-error, function_args: [[Bool(true)]])",
        vm_error: "Some(TypeValueError(UIntType, \"Bool(true)\")) [NON-CONSENSUS BREAKING]",
        return_type: Response(ResponseData(
          committed: false,
          data: Optional(OptionalData(
            data: None,
          )),
        )),
        cost: ExecutionCost(
          write_length: 0,
          write_count: 0,
          read_length: 51,
          read_count: 3,
          runtime: 168,
        ),
      ),
    ],
    total_block_cost: ExecutionCost(
      write_length: 0,
      write_count: 0,
      read_length: 51,
      read_count: 3,
      runtime: 168,
    ),
  )),
  Success(ExpectedBlockOutput(
    marf_hash: "51ae8a47e7359a35c32ad377a7c1cfe318aba64dbf7c240b45a111986786980a",
    evaluated_epoch: Epoch34,
    transactions: [
      ExpectedTransactionOutput(
        tx: "ContractCall(address: ST1AW6EKPGT61SQ9FNVDS17RKNWT8ZP582VF9HSCP, contract_name: check-error-kind-Epoch2_2-Clarity2, function_name: trigger-error, function_args: [[Bool(true)]])",
        vm_error: "Some(TypeValueError(UIntType, \"Bool(true)\")) [NON-CONSENSUS BREAKING]",
        return_type: Response(ResponseData(
          committed: false,
          data: Optional(OptionalData(
            data: None,
          )),
        )),
        cost: ExecutionCost(
          write_length: 0,
          write_count: 0,
          read_length: 51,
          read_count: 3,
          runtime: 168,
        ),
      ),
    ],
    total_block_cost: ExecutionCost(
      write_length: 0,
      write_count: 0,
      read_length: 51,
      read_count: 3,
      runtime: 168,
    ),
  )),
  Success(ExpectedBlockOutput(
    marf_hash: "993acbc378018378851ca5dd0301af28f1abe6353d0d05027d6071fbd85e7d63",
    evaluated_epoch: Epoch34,
    transactions: [
      ExpectedTransactionOutput(
        tx: "ContractCall(address: ST1AW6EKPGT61SQ9FNVDS17RKNWT8ZP582VF9HSCP, contract_name: check-error-kind-Epoch2_3-Clarity1, function_name: trigger-error, function_args: [[Bool(true)]])",
        vm_error: "Some(TypeValueError(UIntType, \"Bool(true)\")) [NON-CONSENSUS BREAKING]",
        return_type: Response(ResponseData(
          committed: false,
          data: Optional(OptionalData(
            data: None,
          )),
        )),
        cost: ExecutionCost(
          write_length: 0,
          write_count: 0,
          read_length: 51,
          read_count: 3,
          runtime: 168,
        ),
      ),
    ],
    total_block_cost: ExecutionCost(
      write_length: 0,
      write_count: 0,
      read_length: 51,
      read_count: 3,
      runtime: 168,
    ),
  )),
  Success(ExpectedBlockOutput(
    marf_hash: "b95eed4d7c8e7f2cb6ee2fd907fc96c41e0abdf8d645e8e04a88d5f65d5a747c",
    evaluated_epoch: Epoch34,
    transactions: [
      ExpectedTransactionOutput(
        tx: "ContractCall(address: ST1AW6EKPGT61SQ9FNVDS17RKNWT8ZP582VF9HSCP, contract_name: check-error-kind-Epoch2_3-Clarity2, function_name: trigger-error, function_args: [[Bool(true)]])",
        vm_error: "Some(TypeValueError(UIntType, \"Bool(true)\")) [NON-CONSENSUS BREAKING]",
        return_type: Response(ResponseData(
          committed: false,
          data: Optional(OptionalData(
            data: None,
          )),
        )),
        cost: ExecutionCost(
          write_length: 0,
          write_count: 0,
          read_length: 51,
          read_count: 3,
          runtime: 168,
        ),
      ),
    ],
    total_block_cost: ExecutionCost(
      write_length: 0,
      write_count: 0,
      read_length: 51,
      read_count: 3,
      runtime: 168,
    ),
  )),
  Success(ExpectedBlockOutput(
    marf_hash: "230fa38fc23313b5bf3d523bab6637af5e6e0d0a5af735c0c0a31744987c2e02",
    evaluated_epoch: Epoch34,
    transactions: [
      ExpectedTransactionOutput(
        tx: "ContractCall(address: ST1AW6EKPGT61SQ9FNVDS17RKNWT8ZP582VF9HSCP, contract_name: check-error-kind-Epoch2_4-Clarity1, function_name: trigger-error, function_args: [[Bool(true)]])",
        vm_error: "Some(TypeValueError(UIntType, \"Bool(true)\")) [NON-CONSENSUS BREAKING]",
        return_type: Response(ResponseData(
          committed: false,
          data: Optional(OptionalData(
            data: None,
          )),
        )),
        cost: ExecutionCost(
          write_length: 0,
          write_count: 0,
          read_length: 51,
          read_count: 3,
          runtime: 168,
        ),
      ),
    ],
    total_block_cost: ExecutionCost(
      write_length: 0,
      write_count: 0,
      read_length: 51,
      read_count: 3,
      runtime: 168,
    ),
  )),
  Success(ExpectedBlockOutput(
    marf_hash: "b2f571058a6b328184a09efbea7f1a0686c5137b840d57393c9e257d775ac2a2",
    evaluated_epoch: Epoch34,
    transactions: [
      ExpectedTransactionOutput(
        tx: "ContractCall(address: ST1AW6EKPGT61SQ9FNVDS17RKNWT8ZP582VF9HSCP, contract_name: check-error-kind-Epoch2_4-Clarity2, function_name: trigger-error, function_args: [[Bool(true)]])",
        vm_error: "Some(TypeValueError(UIntType, \"Bool(true)\")) [NON-CONSENSUS BREAKING]",
        return_type: Response(ResponseData(
          committed: false,
          data: Optional(OptionalData(
            data: None,
          )),
        )),
        cost: ExecutionCost(
          write_length: 0,
          write_count: 0,
          read_length: 51,
          read_count: 3,
          runtime: 168,
        ),
      ),
    ],
    total_block_cost: ExecutionCost(
      write_length: 0,
      write_count: 0,
      read_length: 51,
      read_count: 3,
      runtime: 168,
    ),
  )),
  Success(ExpectedBlockOutput(
    marf_hash: "925d454da9ae167397cf5cb76389869d57e13ee040185cefc8908e4fa8bced06",
    evaluated_epoch: Epoch34,
    transactions: [
      ExpectedTransactionOutput(
        tx: "ContractCall(address: ST1AW6EKPGT61SQ9FNVDS17RKNWT8ZP582VF9HSCP, contract_name: check-error-kind-Epoch2_5-Clarity1, function_name: trigger-error, function_args: [[Bool(true)]])",
        vm_error: "Some(TypeValueError(UIntType, \"Bool(true)\")) [NON-CONSENSUS BREAKING]",
        return_type: Response(ResponseData(
          committed: false,
          data: Optional(OptionalData(
            data: None,
          )),
        )),
        cost: ExecutionCost(
          write_length: 0,
          write_count: 0,
          read_length: 51,
          read_count: 3,
          runtime: 168,
        ),
      ),
    ],
    total_block_cost: ExecutionCost(
      write_length: 0,
      write_count: 0,
      read_length: 51,
      read_count: 3,
      runtime: 168,
    ),
  )),
  Success(ExpectedBlockOutput(
    marf_hash: "f7f5e75c11cad544b58a3b5280a0602d49d50ef366b448456109a70434513116",
    evaluated_epoch: Epoch34,
    transactions: [
      ExpectedTransactionOutput(
        tx: "ContractCall(address: ST1AW6EKPGT61SQ9FNVDS17RKNWT8ZP582VF9HSCP, contract_name: check-error-kind-Epoch2_5-Clarity2, function_name: trigger-error, function_args: [[Bool(true)]])",
        vm_error: "Some(TypeValueError(UIntType, \"Bool(true)\")) [NON-CONSENSUS BREAKING]",
        return_type: Response(ResponseData(
          committed: false,
          data: Optional(OptionalData(
            data: None,
          )),
        )),
        cost: ExecutionCost(
          write_length: 0,
          write_count: 0,
          read_length: 51,
          read_count: 3,
          runtime: 168,
        ),
      ),
    ],
    total_block_cost: ExecutionCost(
      write_length: 0,
      write_count: 0,
      read_length: 51,
      read_count: 3,
      runtime: 168,
    ),
  )),
  Success(ExpectedBlockOutput(
    marf_hash: "30c3a7064ba3d15f885f8abc86d2c8758bedaf49b244611b37fdf932889055df",
    evaluated_epoch: Epoch34,
    transactions: [
      ExpectedTransactionOutput(
        tx: "ContractCall(address: ST1AW6EKPGT61SQ9FNVDS17RKNWT8ZP582VF9HSCP, contract_name: check-error-kind-Epoch3_0-Clarity1, function_name: trigger-error, function_args: [[Bool(true)]])",
        vm_error: "Some(TypeValueError(UIntType, \"Bool(true)\")) [NON-CONSENSUS BREAKING]",
        return_type: Response(ResponseData(
          committed: false,
          data: Optional(OptionalData(
            data: None,
          )),
        )),
        cost: ExecutionCost(
          write_length: 0,
          write_count: 0,
          read_length: 51,
          read_count: 3,
          runtime: 168,
        ),
      ),
    ],
    total_block_cost: ExecutionCost(
      write_length: 0,
      write_count: 0,
      read_length: 51,
      read_count: 3,
      runtime: 168,
    ),
  )),
  Success(ExpectedBlockOutput(
    marf_hash: "4fb71b43f2ebb13a4b95409971cc231e2e3590906fad8f3b2bee82c040cc3888",
    evaluated_epoch: Epoch34,
    transactions: [
      ExpectedTransactionOutput(
        tx: "ContractCall(address: ST1AW6EKPGT61SQ9FNVDS17RKNWT8ZP582VF9HSCP, contract_name: check-error-kind-Epoch3_0-Clarity2, function_name: trigger-error, function_args: [[Bool(true)]])",
        vm_error: "Some(TypeValueError(UIntType, \"Bool(true)\")) [NON-CONSENSUS BREAKING]",
        return_type: Response(ResponseData(
          committed: false,
          data: Optional(OptionalData(
            data: None,
          )),
        )),
        cost: ExecutionCost(
          write_length: 0,
          write_count: 0,
          read_length: 51,
          read_count: 3,
          runtime: 168,
        ),
      ),
    ],
    total_block_cost: ExecutionCost(
      write_length: 0,
      write_count: 0,
      read_length: 51,
      read_count: 3,
      runtime: 168,
    ),
  )),
  Success(ExpectedBlockOutput(
    marf_hash: "f7c4196003bd30ccbba45d1695be03cd7d935a905c05f04b4fc435b3fdf39181",
    evaluated_epoch: Epoch34,
    transactions: [
      ExpectedTransactionOutput(
        tx: "ContractCall(address: ST1AW6EKPGT61SQ9FNVDS17RKNWT8ZP582VF9HSCP, contract_name: check-error-kind-Epoch3_0-Clarity3, function_name: trigger-error, function_args: [[Bool(true)]])",
        vm_error: "Some(TypeValueError(UIntType, \"Bool(true)\")) [NON-CONSENSUS BREAKING]",
        return_type: Response(ResponseData(
          committed: false,
          data: Optional(OptionalData(
            data: None,
          )),
        )),
        cost: ExecutionCost(
          write_length: 0,
          write_count: 0,
          read_length: 51,
          read_count: 3,
          runtime: 168,
        ),
      ),
    ],
    total_block_cost: ExecutionCost(
      write_length: 0,
      write_count: 0,
      read_length: 51,
      read_count: 3,
      runtime: 168,
    ),
  )),
  Success(ExpectedBlockOutput(
    marf_hash: "b7dd7c2db95236aaa20e9d5b06f61d440afd630feda576d487fee3f44459e6bb",
    evaluated_epoch: Epoch34,
    transactions: [
      ExpectedTransactionOutput(
        tx: "ContractCall(address: ST1AW6EKPGT61SQ9FNVDS17RKNWT8ZP582VF9HSCP, contract_name: check-error-kind-Epoch3_1-Clarity1, function_name: trigger-error, function_args: [[Bool(true)]])",
        vm_error: "Some(TypeValueError(UIntType, \"Bool(true)\")) [NON-CONSENSUS BREAKING]",
        return_type: Response(ResponseData(
          committed: false,
          data: Optional(OptionalData(
            data: None,
          )),
        )),
        cost: ExecutionCost(
          write_length: 0,
          write_count: 0,
          read_length: 51,
          read_count: 3,
          runtime: 168,
        ),
      ),
    ],
    total_block_cost: ExecutionCost(
      write_length: 0,
      write_count: 0,
      read_length: 51,
      read_count: 3,
      runtime: 168,
    ),
  )),
  Success(ExpectedBlockOutput(
    marf_hash: "9681bbf39cce51cb04b9bfec83fcb31fd599b83229da0e2f551b18fc6ae60e16",
    evaluated_epoch: Epoch34,
    transactions: [
      ExpectedTransactionOutput(
        tx: "ContractCall(address: ST1AW6EKPGT61SQ9FNVDS17RKNWT8ZP582VF9HSCP, contract_name: check-error-kind-Epoch3_1-Clarity2, function_name: trigger-error, function_args: [[Bool(true)]])",
        vm_error: "Some(TypeValueError(UIntType, \"Bool(true)\")) [NON-CONSENSUS BREAKING]",
        return_type: Response(ResponseData(
          committed: false,
          data: Optional(OptionalData(
            data: None,
          )),
        )),
        cost: ExecutionCost(
          write_length: 0,
          write_count: 0,
          read_length: 51,
          read_count: 3,
          runtime: 168,
        ),
      ),
    ],
    total_block_cost: ExecutionCost(
      write_length: 0,
      write_count: 0,
      read_length: 51,
      read_count: 3,
      runtime: 168,
    ),
  )),
  Success(ExpectedBlockOutput(
    marf_hash: "c4331962d033fd3a9248d36a38451349fcad6fffc607265796a4bb505e977100",
    evaluated_epoch: Epoch34,
    transactions: [
      ExpectedTransactionOutput(
        tx: "ContractCall(address: ST1AW6EKPGT61SQ9FNVDS17RKNWT8ZP582VF9HSCP, contract_name: check-error-kind-Epoch3_1-Clarity3, function_name: trigger-error, function_args: [[Bool(true)]])",
        vm_error: "Some(TypeValueError(UIntType, \"Bool(true)\")) [NON-CONSENSUS BREAKING]",
        return_type: Response(ResponseData(
          committed: false,
          data: Optional(OptionalData(
            data: None,
          )),
        )),
        cost: ExecutionCost(
          write_length: 0,
          write_count: 0,
          read_length: 51,
          read_count: 3,
          runtime: 168,
        ),
      ),
    ],
    total_block_cost: ExecutionCost(
      write_length: 0,
      write_count: 0,
      read_length: 51,
      read_count: 3,
      runtime: 168,
    ),
  )),
  Success(ExpectedBlockOutput(
    marf_hash: "cc1baf5e5e7d1b3713b373bc4e7fa69a614725341aa308cd76cb58454ade90d3",
    evaluated_epoch: Epoch34,
    transactions: [
      ExpectedTransactionOutput(
        tx: "ContractCall(address: ST1AW6EKPGT61SQ9FNVDS17RKNWT8ZP582VF9HSCP, contract_name: check-error-kind-Epoch3_2-Clarity1, function_name: trigger-error, function_args: [[Bool(true)]])",
        vm_error: "Some(TypeValueError(UIntType, \"Bool(true)\")) [NON-CONSENSUS BREAKING]",
        return_type: Response(ResponseData(
          committed: false,
          data: Optional(OptionalData(
            data: None,
          )),
        )),
        cost: ExecutionCost(
          write_length: 0,
          write_count: 0,
          read_length: 51,
          read_count: 3,
          runtime: 168,
        ),
      ),
    ],
    total_block_cost: ExecutionCost(
      write_length: 0,
      write_count: 0,
      read_length: 51,
      read_count: 3,
      runtime: 168,
    ),
  )),
  Success(ExpectedBlockOutput(
    marf_hash: "0d6b4ccdd7e7a72109899b1a5fd70b61d9d7e0e1698a9c2d88297ec3da0edc9d",
    evaluated_epoch: Epoch34,
    transactions: [
      ExpectedTransactionOutput(
        tx: "ContractCall(address: ST1AW6EKPGT61SQ9FNVDS17RKNWT8ZP582VF9HSCP, contract_name: check-error-kind-Epoch3_2-Clarity2, function_name: trigger-error, function_args: [[Bool(true)]])",
        vm_error: "Some(TypeValueError(UIntType, \"Bool(true)\")) [NON-CONSENSUS BREAKING]",
        return_type: Response(ResponseData(
          committed: false,
          data: Optional(OptionalData(
            data: None,
          )),
        )),
        cost: ExecutionCost(
          write_length: 0,
          write_count: 0,
          read_length: 51,
          read_count: 3,
          runtime: 168,
        ),
      ),
    ],
    total_block_cost: ExecutionCost(
      write_length: 0,
      write_count: 0,
      read_length: 51,
      read_count: 3,
      runtime: 168,
    ),
  )),
  Success(ExpectedBlockOutput(
    marf_hash: "7bd4e89c96599044ff45f336ddc15dd8eea5fc77d17449624dec2a1cc1c1fc1e",
    evaluated_epoch: Epoch34,
    transactions: [
      ExpectedTransactionOutput(
        tx: "ContractCall(address: ST1AW6EKPGT61SQ9FNVDS17RKNWT8ZP582VF9HSCP, contract_name: check-error-kind-Epoch3_2-Clarity3, function_name: trigger-error, function_args: [[Bool(true)]])",
        vm_error: "Some(TypeValueError(UIntType, \"Bool(true)\")) [NON-CONSENSUS BREAKING]",
        return_type: Response(ResponseData(
          committed: false,
          data: Optional(OptionalData(
            data: None,
          )),
        )),
        cost: ExecutionCost(
          write_length: 0,
          write_count: 0,
          read_length: 51,
          read_count: 3,
          runtime: 168,
        ),
      ),
    ],
    total_block_cost: ExecutionCost(
      write_length: 0,
      write_count: 0,
      read_length: 51,
      read_count: 3,
      runtime: 168,
    ),
  )),
  Success(ExpectedBlockOutput(
    marf_hash: "52692b9cf16e55021dd3f72e525b35be6a3360541bf8bf2e6d12974188ee90e8",
    evaluated_epoch: Epoch34,
    transactions: [
      ExpectedTransactionOutput(
        tx: "ContractCall(address: ST1AW6EKPGT61SQ9FNVDS17RKNWT8ZP582VF9HSCP, contract_name: check-error-kind-Epoch3_3-Clarity1, function_name: trigger-error, function_args: [[Bool(true)]])",
        vm_error: "Some(TypeValueError(UIntType, \"Bool(true)\")) [NON-CONSENSUS BREAKING]",
        return_type: Response(ResponseData(
          committed: false,
          data: Optional(OptionalData(
            data: None,
          )),
        )),
        cost: ExecutionCost(
          write_length: 0,
          write_count: 0,
          read_length: 51,
          read_count: 3,
          runtime: 168,
        ),
      ),
    ],
    total_block_cost: ExecutionCost(
      write_length: 0,
      write_count: 0,
      read_length: 51,
      read_count: 3,
      runtime: 168,
    ),
  )),
  Success(ExpectedBlockOutput(
    marf_hash: "eb274ae2a2329cfc8667b5561c193fb8fc9ff7a2858ea33d50040d77ef7bf0f4",
    evaluated_epoch: Epoch34,
    transactions: [
      ExpectedTransactionOutput(
        tx: "ContractCall(address: ST1AW6EKPGT61SQ9FNVDS17RKNWT8ZP582VF9HSCP, contract_name: check-error-kind-Epoch3_3-Clarity2, function_name: trigger-error, function_args: [[Bool(true)]])",
        vm_error: "Some(TypeValueError(UIntType, \"Bool(true)\")) [NON-CONSENSUS BREAKING]",
        return_type: Response(ResponseData(
          committed: false,
          data: Optional(OptionalData(
            data: None,
          )),
        )),
        cost: ExecutionCost(
          write_length: 0,
          write_count: 0,
          read_length: 51,
          read_count: 3,
          runtime: 168,
        ),
      ),
    ],
    total_block_cost: ExecutionCost(
      write_length: 0,
      write_count: 0,
      read_length: 51,
      read_count: 3,
      runtime: 168,
    ),
  )),
  Success(ExpectedBlockOutput(
    marf_hash: "cade0ee83a0171924e67e8abc836d99ca6f16b48c5a8cdeab0e42fdf2b9566fd",
    evaluated_epoch: Epoch34,
    transactions: [
      ExpectedTransactionOutput(
        tx: "ContractCall(address: ST1AW6EKPGT61SQ9FNVDS17RKNWT8ZP582VF9HSCP, contract_name: check-error-kind-Epoch3_3-Clarity3, function_name: trigger-error, function_args: [[Bool(true)]])",
        vm_error: "Some(TypeValueError(UIntType, \"Bool(true)\")) [NON-CONSENSUS BREAKING]",
        return_type: Response(ResponseData(
          committed: false,
          data: Optional(OptionalData(
            data: None,
          )),
        )),
        cost: ExecutionCost(
          write_length: 0,
          write_count: 0,
          read_length: 51,
          read_count: 3,
          runtime: 168,
        ),
      ),
    ],
    total_block_cost: ExecutionCost(
      write_length: 0,
      write_count: 0,
      read_length: 51,
      read_count: 3,
      runtime: 168,
    ),
  )),
  Success(ExpectedBlockOutput(
    marf_hash: "89ce888ca39fd0fd259d314b2837e9f997d7c9a1bc169adcd2d8cae6b95f8f8b",
    evaluated_epoch: Epoch34,
    transactions: [
      ExpectedTransactionOutput(
        tx: "ContractCall(address: ST1AW6EKPGT61SQ9FNVDS17RKNWT8ZP582VF9HSCP, contract_name: check-error-kind-Epoch3_3-Clarity4, function_name: trigger-error, function_args: [[Bool(true)]])",
        vm_error: "Some(TypeValueError(UIntType, \"Bool(true)\")) [NON-CONSENSUS BREAKING]",
        return_type: Response(ResponseData(
          committed: false,
          data: Optional(OptionalData(
            data: None,
          )),
        )),
        cost: ExecutionCost(
          write_length: 0,
          write_count: 0,
          read_length: 51,
          read_count: 3,
          runtime: 168,
        ),
      ),
    ],
    total_block_cost: ExecutionCost(
      write_length: 0,
      write_count: 0,
      read_length: 51,
      read_count: 3,
      runtime: 168,
    ),
  )),
  Success(ExpectedBlockOutput(
    marf_hash: "2c65fc8e5241a09e6b02e40b3873bdc12ecfa9e4bcf4c8c2b9c71cb06ecce0e3",
    evaluated_epoch: Epoch34,
    transactions: [
      ExpectedTransactionOutput(
        tx: "ContractCall(address: ST1AW6EKPGT61SQ9FNVDS17RKNWT8ZP582VF9HSCP, contract_name: check-error-kind-Epoch3_4-Clarity1, function_name: trigger-error, function_args: [[Bool(true)]])",
        vm_error: "Some(TypeValueError(UIntType, \"Bool(true)\")) [NON-CONSENSUS BREAKING]",
        return_type: Response(ResponseData(
          committed: false,
          data: Optional(OptionalData(
            data: None,
          )),
        )),
        cost: ExecutionCost(
          write_length: 0,
          write_count: 0,
          read_length: 51,
          read_count: 3,
          runtime: 168,
        ),
      ),
    ],
    total_block_cost: ExecutionCost(
      write_length: 0,
      write_count: 0,
      read_length: 51,
      read_count: 3,
      runtime: 168,
    ),
  )),
  Success(ExpectedBlockOutput(
    marf_hash: "55d27eb4d7e9c21f6a4419f1e7638adaed1f4386b3e4dbb1ca0e5fcd1f2dc8bd",
    evaluated_epoch: Epoch34,
    transactions: [
      ExpectedTransactionOutput(
        tx: "ContractCall(address: ST1AW6EKPGT61SQ9FNVDS17RKNWT8ZP582VF9HSCP, contract_name: check-error-kind-Epoch3_4-Clarity2, function_name: trigger-error, function_args: [[Bool(true)]])",
        vm_error: "Some(TypeValueError(UIntType, \"Bool(true)\")) [NON-CONSENSUS BREAKING]",
        return_type: Response(ResponseData(
          committed: false,
          data: Optional(OptionalData(
            data: None,
          )),
        )),
        cost: ExecutionCost(
          write_length: 0,
          write_count: 0,
          read_length: 51,
          read_count: 3,
          runtime: 168,
        ),
      ),
    ],
    total_block_cost: ExecutionCost(
      write_length: 0,
      write_count: 0,
      read_length: 51,
      read_count: 3,
      runtime: 168,
    ),
  )),
  Success(ExpectedBlockOutput(
    marf_hash: "d50a98ee076d1ea990dfa51f3c171f12b12ce3638d24f7a92258b86deb150f58",
    evaluated_epoch: Epoch34,
    transactions: [
      ExpectedTransactionOutput(
        tx: "ContractCall(address: ST1AW6EKPGT61SQ9FNVDS17RKNWT8ZP582VF9HSCP, contract_name: check-error-kind-Epoch3_4-Clarity3, function_name: trigger-error, function_args: [[Bool(true)]])",
        vm_error: "Some(TypeValueError(UIntType, \"Bool(true)\")) [NON-CONSENSUS BREAKING]",
        return_type: Response(ResponseData(
          committed: false,
          data: Optional(OptionalData(
            data: None,
          )),
        )),
        cost: ExecutionCost(
          write_length: 0,
          write_count: 0,
          read_length: 51,
          read_count: 3,
          runtime: 168,
        ),
      ),
    ],
    total_block_cost: ExecutionCost(
      write_length: 0,
      write_count: 0,
      read_length: 51,
      read_count: 3,
      runtime: 168,
    ),
  )),
  Success(ExpectedBlockOutput(
    marf_hash: "bcd854afe41ae7c8ce965790ce84b2bcb736e820c5e6696489eaef8e6cb76c49",
    evaluated_epoch: Epoch34,
    transactions: [
      ExpectedTransactionOutput(
        tx: "ContractCall(address: ST1AW6EKPGT61SQ9FNVDS17RKNWT8ZP582VF9HSCP, contract_name: check-error-kind-Epoch3_4-Clarity4, function_name: trigger-error, function_args: [[Bool(true)]])",
        vm_error: "Some(TypeValueError(UIntType, \"Bool(true)\")) [NON-CONSENSUS BREAKING]",
        return_type: Response(ResponseData(
          committed: false,
          data: Optional(OptionalData(
            data: None,
          )),
        )),
        cost: ExecutionCost(
          write_length: 0,
          write_count: 0,
          read_length: 51,
          read_count: 3,
          runtime: 168,
        ),
      ),
    ],
    total_block_cost: ExecutionCost(
      write_length: 0,
      write_count: 0,
      read_length: 51,
      read_count: 3,
      runtime: 168,
    ),
  )),
  Success(ExpectedBlockOutput(
    marf_hash: "4e04a4d75ddb7f15f0a3d55c4afd09d8c74a3da595551d34d7f05c281e1daad0",
    evaluated_epoch: Epoch34,
    transactions: [
      ExpectedTransactionOutput(
        tx: "ContractCall(address: ST1AW6EKPGT61SQ9FNVDS17RKNWT8ZP582VF9HSCP, contract_name: check-error-kind-Epoch3_4-Clarity5, function_name: trigger-error, function_args: [[Bool(true)]])",
        vm_error: "Some(TypeValueError(UIntType, \"Bool(true)\")) [NON-CONSENSUS BREAKING]",
        return_type: Response(ResponseData(
          committed: false,
          data: Optional(OptionalData(
            data: None,
          )),
        )),
        cost: ExecutionCost(
          write_length: 0,
          write_count: 0,
          read_length: 51,
          read_count: 3,
          runtime: 168,
        ),
      ),
    ],
    total_block_cost: ExecutionCost(
      write_length: 0,
      write_count: 0,
      read_length: 51,
      read_count: 3,
      runtime: 168,
    ),
  )),
  Success(ExpectedBlockOutput(
    marf_hash: "034619b962cb7dd095bb1c82e095d58c0eaa098050d86f7f730a2a53046e2aec",
    evaluated_epoch: Epoch40,
    transactions: [
      ExpectedTransactionOutput(
        tx: "SmartContract(name: check-error-kind-Epoch4_0-Clarity1, code_body: [..], clarity_version: Some(Clarity1))",
        vm_error: "None [NON-CONSENSUS BREAKING]",
        return_type: Response(ResponseData(
          committed: true,
          data: Bool(true),
        )),
        cost: ExecutionCost(
          write_length: 62,
          write_count: 2,
          read_length: 1,
          read_count: 1,
          runtime: 9659,
        ),
      ),
    ],
    total_block_cost: ExecutionCost(
      write_length: 62,
      write_count: 2,
      read_length: 1,
      read_count: 1,
      runtime: 9659,
    ),
  )),
  Success(ExpectedBlockOutput(
    marf_hash: "b105b0109930ae2bc0f3fa1777c4adc8ff3dd46166351901455e803c4519a915",
    evaluated_epoch: Epoch40,
    transactions: [
      ExpectedTransactionOutput(
        tx: "SmartContract(name: check-error-kind-Epoch4_0-Clarity2, code_body: [..], clarity_version: Some(Clarity2))",
        vm_error: "None [NON-CONSENSUS BREAKING]",
        return_type: Response(ResponseData(
          committed: true,
          data: Bool(true),
        )),
        cost: ExecutionCost(
          write_length: 62,
          write_count: 2,
          read_length: 1,
          read_count: 1,
          runtime: 9659,
        ),
      ),
    ],
    total_block_cost: ExecutionCost(
      write_length: 62,
      write_count: 2,
      read_length: 1,
      read_count: 1,
      runtime: 9659,
    ),
  )),
  Success(ExpectedBlockOutput(
    marf_hash: "0f367b913ad90d7d9d1ef0c8025d43b9dd6021a384b376c02accdc1fe8875f1a",
    evaluated_epoch: Epoch40,
    transactions: [
      ExpectedTransactionOutput(
        tx: "SmartContract(name: check-error-kind-Epoch4_0-Clarity3, code_body: [..], clarity_version: Some(Clarity3))",
        vm_error: "None [NON-CONSENSUS BREAKING]",
        return_type: Response(ResponseData(
          committed: true,
          data: Bool(true),
        )),
        cost: ExecutionCost(
          write_length: 62,
          write_count: 2,
          read_length: 1,
          read_count: 1,
          runtime: 9659,
        ),
      ),
    ],
    total_block_cost: ExecutionCost(
      write_length: 62,
      write_count: 2,
      read_length: 1,
      read_count: 1,
      runtime: 9659,
    ),
  )),
  Success(ExpectedBlockOutput(
    marf_hash: "85f0ee3c10a1846c2f7049b94fa628542e07ddadfb9608652f67fc8bc193493c",
    evaluated_epoch: Epoch40,
    transactions: [
      ExpectedTransactionOutput(
        tx: "SmartContract(name: check-error-kind-Epoch4_0-Clarity4, code_body: [..], clarity_version: Some(Clarity4))",
        vm_error: "None [NON-CONSENSUS BREAKING]",
        return_type: Response(ResponseData(
          committed: true,
          data: Bool(true),
        )),
        cost: ExecutionCost(
          write_length: 62,
          write_count: 2,
          read_length: 1,
          read_count: 1,
          runtime: 9659,
        ),
      ),
    ],
    total_block_cost: ExecutionCost(
      write_length: 62,
      write_count: 2,
      read_length: 1,
      read_count: 1,
      runtime: 9659,
    ),
  )),
  Success(ExpectedBlockOutput(
    marf_hash: "e38506ca97e0584824d3362c476c93d7e8588ead1ddb3006f945286b44842509",
    evaluated_epoch: Epoch40,
    transactions: [
      ExpectedTransactionOutput(
        tx: "SmartContract(name: check-error-kind-Epoch4_0-Clarity5, code_body: [..], clarity_version: Some(Clarity5))",
        vm_error: "None [NON-CONSENSUS BREAKING]",
        return_type: Response(ResponseData(
          committed: true,
          data: Bool(true),
        )),
        cost: ExecutionCost(
          write_length: 62,
          write_count: 2,
          read_length: 1,
          read_count: 1,
          runtime: 9659,
        ),
      ),
    ],
    total_block_cost: ExecutionCost(
      write_length: 62,
      write_count: 2,
      read_length: 1,
      read_count: 1,
      runtime: 9659,
    ),
  )),
  Success(ExpectedBlockOutput(
    marf_hash: "369696af4bfe61dceb8e94775b260b91bf421f528698b19650d833e5b575eaa9",
    evaluated_epoch: Epoch40,
    transactions: [
      ExpectedTransactionOutput(
        tx: "SmartContract(name: check-error-kind-Epoch4_0-Clarity6, code_body: [..], clarity_version: Some(Clarity6))",
        vm_error: "None [NON-CONSENSUS BREAKING]",
        return_type: Response(ResponseData(
          committed: true,
          data: Bool(true),
        )),
        cost: ExecutionCost(
          write_length: 62,
          write_count: 2,
          read_length: 1,
          read_count: 1,
          runtime: 9659,
        ),
      ),
    ],
    total_block_cost: ExecutionCost(
      write_length: 62,
      write_count: 2,
      read_length: 1,
      read_count: 1,
      runtime: 9659,
    ),
  )),
  Success(ExpectedBlockOutput(
    marf_hash: "b5051c40c8e2ce2f73762c388b08d185a6936a73615aef928244d28d4049df85",
    evaluated_epoch: Epoch40,
    transactions: [
      ExpectedTransactionOutput(
        tx: "ContractCall(address: ST1AW6EKPGT61SQ9FNVDS17RKNWT8ZP582VF9HSCP, contract_name: check-error-kind-Epoch2_0-Clarity1, function_name: trigger-error, function_args: [[Bool(true)]])",
        vm_error: "Some(TypeValueError(UIntType, \"Bool(true)\")) [NON-CONSENSUS BREAKING]",
        return_type: Response(ResponseData(
          committed: false,
          data: Optional(OptionalData(
            data: None,
          )),
        )),
        cost: ExecutionCost(
          write_length: 0,
          write_count: 0,
          read_length: 51,
          read_count: 3,
          runtime: 168,
        ),
      ),
    ],
    total_block_cost: ExecutionCost(
      write_length: 0,
      write_count: 0,
      read_length: 51,
      read_count: 3,
      runtime: 168,
    ),
  )),
  Success(ExpectedBlockOutput(
    marf_hash: "deeadedafa5c62c0844827cc8e4033ab5d5c94ac2e35963a96028a886c9fe215",
    evaluated_epoch: Epoch40,
    transactions: [
      ExpectedTransactionOutput(
        tx: "ContractCall(address: ST1AW6EKPGT61SQ9FNVDS17RKNWT8ZP582VF9HSCP, contract_name: check-error-kind-Epoch2_05-Clarity1, function_name: trigger-error, function_args: [[Bool(true)]])",
        vm_error: "Some(TypeValueError(UIntType, \"Bool(true)\")) [NON-CONSENSUS BREAKING]",
        return_type: Response(ResponseData(
          committed: false,
          data: Optional(OptionalData(
            data: None,
          )),
        )),
        cost: ExecutionCost(
          write_length: 0,
          write_count: 0,
          read_length: 51,
          read_count: 3,
          runtime: 168,
        ),
      ),
    ],
    total_block_cost: ExecutionCost(
      write_length: 0,
      write_count: 0,
      read_length: 51,
      read_count: 3,
      runtime: 168,
    ),
  )),
  Success(ExpectedBlockOutput(
    marf_hash: "68fbfd2db294f4c4e653135fc277d07d2355d38ba3a169170748acfa6ee5f35b",
    evaluated_epoch: Epoch40,
    transactions: [
      ExpectedTransactionOutput(
        tx: "ContractCall(address: ST1AW6EKPGT61SQ9FNVDS17RKNWT8ZP582VF9HSCP, contract_name: check-error-kind-Epoch2_1-Clarity1, function_name: trigger-error, function_args: [[Bool(true)]])",
        vm_error: "Some(TypeValueError(UIntType, \"Bool(true)\")) [NON-CONSENSUS BREAKING]",
        return_type: Response(ResponseData(
          committed: false,
          data: Optional(OptionalData(
            data: None,
          )),
        )),
        cost: ExecutionCost(
          write_length: 0,
          write_count: 0,
          read_length: 51,
          read_count: 3,
          runtime: 168,
        ),
      ),
    ],
    total_block_cost: ExecutionCost(
      write_length: 0,
      write_count: 0,
      read_length: 51,
      read_count: 3,
      runtime: 168,
    ),
  )),
  Success(ExpectedBlockOutput(
    marf_hash: "8d02b5cb62434da61068b1224c54c94acb146a87046542b62715dc972c39b3c1",
    evaluated_epoch: Epoch40,
    transactions: [
      ExpectedTransactionOutput(
        tx: "ContractCall(address: ST1AW6EKPGT61SQ9FNVDS17RKNWT8ZP582VF9HSCP, contract_name: check-error-kind-Epoch2_1-Clarity2, function_name: trigger-error, function_args: [[Bool(true)]])",
        vm_error: "Some(TypeValueError(UIntType, \"Bool(true)\")) [NON-CONSENSUS BREAKING]",
        return_type: Response(ResponseData(
          committed: false,
          data: Optional(OptionalData(
            data: None,
          )),
        )),
        cost: ExecutionCost(
          write_length: 0,
          write_count: 0,
          read_length: 51,
          read_count: 3,
          runtime: 168,
        ),
      ),
    ],
    total_block_cost: ExecutionCost(
      write_length: 0,
      write_count: 0,
      read_length: 51,
      read_count: 3,
      runtime: 168,
    ),
  )),
  Success(ExpectedBlockOutput(
    marf_hash: "39a0b45c97dfe75979f6aa46fb16d12e5e3415764b04549834ab3c7fbfb9f773",
    evaluated_epoch: Epoch40,
    transactions: [
      ExpectedTransactionOutput(
        tx: "ContractCall(address: ST1AW6EKPGT61SQ9FNVDS17RKNWT8ZP582VF9HSCP, contract_name: check-error-kind-Epoch2_2-Clarity1, function_name: trigger-error, function_args: [[Bool(true)]])",
        vm_error: "Some(TypeValueError(UIntType, \"Bool(true)\")) [NON-CONSENSUS BREAKING]",
        return_type: Response(ResponseData(
          committed: false,
          data: Optional(OptionalData(
            data: None,
          )),
        )),
        cost: ExecutionCost(
          write_length: 0,
          write_count: 0,
          read_length: 51,
          read_count: 3,
          runtime: 168,
        ),
      ),
    ],
    total_block_cost: ExecutionCost(
      write_length: 0,
      write_count: 0,
      read_length: 51,
      read_count: 3,
      runtime: 168,
    ),
  )),
  Success(ExpectedBlockOutput(
    marf_hash: "29909755f2d9ebb8006942acd0931407976600d452c4b04a6383dcf9c58e2848",
    evaluated_epoch: Epoch40,
    transactions: [
      ExpectedTransactionOutput(
        tx: "ContractCall(address: ST1AW6EKPGT61SQ9FNVDS17RKNWT8ZP582VF9HSCP, contract_name: check-error-kind-Epoch2_2-Clarity2, function_name: trigger-error, function_args: [[Bool(true)]])",
        vm_error: "Some(TypeValueError(UIntType, \"Bool(true)\")) [NON-CONSENSUS BREAKING]",
        return_type: Response(ResponseData(
          committed: false,
          data: Optional(OptionalData(
            data: None,
          )),
        )),
        cost: ExecutionCost(
          write_length: 0,
          write_count: 0,
          read_length: 51,
          read_count: 3,
          runtime: 168,
        ),
      ),
    ],
    total_block_cost: ExecutionCost(
      write_length: 0,
      write_count: 0,
      read_length: 51,
      read_count: 3,
      runtime: 168,
    ),
  )),
  Success(ExpectedBlockOutput(
    marf_hash: "1a30a7f67003be4ee5dfa7665f3028b8dfdeb7b863cb05f6285f6d11dd724e5b",
    evaluated_epoch: Epoch40,
    transactions: [
      ExpectedTransactionOutput(
        tx: "ContractCall(address: ST1AW6EKPGT61SQ9FNVDS17RKNWT8ZP582VF9HSCP, contract_name: check-error-kind-Epoch2_3-Clarity1, function_name: trigger-error, function_args: [[Bool(true)]])",
        vm_error: "Some(TypeValueError(UIntType, \"Bool(true)\")) [NON-CONSENSUS BREAKING]",
        return_type: Response(ResponseData(
          committed: false,
          data: Optional(OptionalData(
            data: None,
          )),
        )),
        cost: ExecutionCost(
          write_length: 0,
          write_count: 0,
          read_length: 51,
          read_count: 3,
          runtime: 168,
        ),
      ),
    ],
    total_block_cost: ExecutionCost(
      write_length: 0,
      write_count: 0,
      read_length: 51,
      read_count: 3,
      runtime: 168,
    ),
  )),
  Success(ExpectedBlockOutput(
    marf_hash: "71115e1491c14642de3981bc99636538e7fd861823c4493b9934679919624080",
    evaluated_epoch: Epoch40,
    transactions: [
      ExpectedTransactionOutput(
        tx: "ContractCall(address: ST1AW6EKPGT61SQ9FNVDS17RKNWT8ZP582VF9HSCP, contract_name: check-error-kind-Epoch2_3-Clarity2, function_name: trigger-error, function_args: [[Bool(true)]])",
        vm_error: "Some(TypeValueError(UIntType, \"Bool(true)\")) [NON-CONSENSUS BREAKING]",
        return_type: Response(ResponseData(
          committed: false,
          data: Optional(OptionalData(
            data: None,
          )),
        )),
        cost: ExecutionCost(
          write_length: 0,
          write_count: 0,
          read_length: 51,
          read_count: 3,
          runtime: 168,
        ),
      ),
    ],
    total_block_cost: ExecutionCost(
      write_length: 0,
      write_count: 0,
      read_length: 51,
      read_count: 3,
      runtime: 168,
    ),
  )),
  Success(ExpectedBlockOutput(
    marf_hash: "cb447e6dcf94a3cc3a859918fedaa3c8a52e6fde6d6092b71bbfdfba151a506f",
    evaluated_epoch: Epoch40,
    transactions: [
      ExpectedTransactionOutput(
        tx: "ContractCall(address: ST1AW6EKPGT61SQ9FNVDS17RKNWT8ZP582VF9HSCP, contract_name: check-error-kind-Epoch2_4-Clarity1, function_name: trigger-error, function_args: [[Bool(true)]])",
        vm_error: "Some(TypeValueError(UIntType, \"Bool(true)\")) [NON-CONSENSUS BREAKING]",
        return_type: Response(ResponseData(
          committed: false,
          data: Optional(OptionalData(
            data: None,
          )),
        )),
        cost: ExecutionCost(
          write_length: 0,
          write_count: 0,
          read_length: 51,
          read_count: 3,
          runtime: 168,
        ),
      ),
    ],
    total_block_cost: ExecutionCost(
      write_length: 0,
      write_count: 0,
      read_length: 51,
      read_count: 3,
      runtime: 168,
    ),
  )),
  Success(ExpectedBlockOutput(
    marf_hash: "53540a7ecfb8e1b09a1826ae3172e6d82845a952005a706de938449c1d55ea1a",
    evaluated_epoch: Epoch40,
    transactions: [
      ExpectedTransactionOutput(
        tx: "ContractCall(address: ST1AW6EKPGT61SQ9FNVDS17RKNWT8ZP582VF9HSCP, contract_name: check-error-kind-Epoch2_4-Clarity2, function_name: trigger-error, function_args: [[Bool(true)]])",
        vm_error: "Some(TypeValueError(UIntType, \"Bool(true)\")) [NON-CONSENSUS BREAKING]",
        return_type: Response(ResponseData(
          committed: false,
          data: Optional(OptionalData(
            data: None,
          )),
        )),
        cost: ExecutionCost(
          write_length: 0,
          write_count: 0,
          read_length: 51,
          read_count: 3,
          runtime: 168,
        ),
      ),
    ],
    total_block_cost: ExecutionCost(
      write_length: 0,
      write_count: 0,
      read_length: 51,
      read_count: 3,
      runtime: 168,
    ),
  )),
  Success(ExpectedBlockOutput(
    marf_hash: "921bc7ba587dfcebaa24f3e254d5a5ec3ab70ccdebfc35faaae50f56def630b0",
    evaluated_epoch: Epoch40,
    transactions: [
      ExpectedTransactionOutput(
        tx: "ContractCall(address: ST1AW6EKPGT61SQ9FNVDS17RKNWT8ZP582VF9HSCP, contract_name: check-error-kind-Epoch2_5-Clarity1, function_name: trigger-error, function_args: [[Bool(true)]])",
        vm_error: "Some(TypeValueError(UIntType, \"Bool(true)\")) [NON-CONSENSUS BREAKING]",
        return_type: Response(ResponseData(
          committed: false,
          data: Optional(OptionalData(
            data: None,
          )),
        )),
        cost: ExecutionCost(
          write_length: 0,
          write_count: 0,
          read_length: 51,
          read_count: 3,
          runtime: 168,
        ),
      ),
    ],
    total_block_cost: ExecutionCost(
      write_length: 0,
      write_count: 0,
      read_length: 51,
      read_count: 3,
      runtime: 168,
    ),
  )),
  Success(ExpectedBlockOutput(
    marf_hash: "d4cc2b459147cbb6d1b70d3186aa3d72df73046a8b41239ade8b4bf24a6f47f9",
    evaluated_epoch: Epoch40,
    transactions: [
      ExpectedTransactionOutput(
        tx: "ContractCall(address: ST1AW6EKPGT61SQ9FNVDS17RKNWT8ZP582VF9HSCP, contract_name: check-error-kind-Epoch2_5-Clarity2, function_name: trigger-error, function_args: [[Bool(true)]])",
        vm_error: "Some(TypeValueError(UIntType, \"Bool(true)\")) [NON-CONSENSUS BREAKING]",
        return_type: Response(ResponseData(
          committed: false,
          data: Optional(OptionalData(
            data: None,
          )),
        )),
        cost: ExecutionCost(
          write_length: 0,
          write_count: 0,
          read_length: 51,
          read_count: 3,
          runtime: 168,
        ),
      ),
    ],
    total_block_cost: ExecutionCost(
      write_length: 0,
      write_count: 0,
      read_length: 51,
      read_count: 3,
      runtime: 168,
    ),
  )),
  Success(ExpectedBlockOutput(
    marf_hash: "19c4b1012e353bfafc3472728490ac657247b66a5588e78f02a25af5fea8c0d0",
    evaluated_epoch: Epoch40,
    transactions: [
      ExpectedTransactionOutput(
        tx: "ContractCall(address: ST1AW6EKPGT61SQ9FNVDS17RKNWT8ZP582VF9HSCP, contract_name: check-error-kind-Epoch3_0-Clarity1, function_name: trigger-error, function_args: [[Bool(true)]])",
        vm_error: "Some(TypeValueError(UIntType, \"Bool(true)\")) [NON-CONSENSUS BREAKING]",
        return_type: Response(ResponseData(
          committed: false,
          data: Optional(OptionalData(
            data: None,
          )),
        )),
        cost: ExecutionCost(
          write_length: 0,
          write_count: 0,
          read_length: 51,
          read_count: 3,
          runtime: 168,
        ),
      ),
    ],
    total_block_cost: ExecutionCost(
      write_length: 0,
      write_count: 0,
      read_length: 51,
      read_count: 3,
      runtime: 168,
    ),
  )),
  Success(ExpectedBlockOutput(
    marf_hash: "baaf00608affc7e17c84d942f281841addb06034c6ead66d075c90c0411497a7",
    evaluated_epoch: Epoch40,
    transactions: [
      ExpectedTransactionOutput(
        tx: "ContractCall(address: ST1AW6EKPGT61SQ9FNVDS17RKNWT8ZP582VF9HSCP, contract_name: check-error-kind-Epoch3_0-Clarity2, function_name: trigger-error, function_args: [[Bool(true)]])",
        vm_error: "Some(TypeValueError(UIntType, \"Bool(true)\")) [NON-CONSENSUS BREAKING]",
        return_type: Response(ResponseData(
          committed: false,
          data: Optional(OptionalData(
            data: None,
          )),
        )),
        cost: ExecutionCost(
          write_length: 0,
          write_count: 0,
          read_length: 51,
          read_count: 3,
          runtime: 168,
        ),
      ),
    ],
    total_block_cost: ExecutionCost(
      write_length: 0,
      write_count: 0,
      read_length: 51,
      read_count: 3,
      runtime: 168,
    ),
  )),
  Success(ExpectedBlockOutput(
    marf_hash: "143a4f2aa910671999f832ead45b3e384ad15129b424381654a866f83cc094a3",
    evaluated_epoch: Epoch40,
    transactions: [
      ExpectedTransactionOutput(
        tx: "ContractCall(address: ST1AW6EKPGT61SQ9FNVDS17RKNWT8ZP582VF9HSCP, contract_name: check-error-kind-Epoch3_0-Clarity3, function_name: trigger-error, function_args: [[Bool(true)]])",
        vm_error: "Some(TypeValueError(UIntType, \"Bool(true)\")) [NON-CONSENSUS BREAKING]",
        return_type: Response(ResponseData(
          committed: false,
          data: Optional(OptionalData(
            data: None,
          )),
        )),
        cost: ExecutionCost(
          write_length: 0,
          write_count: 0,
          read_length: 51,
          read_count: 3,
          runtime: 168,
        ),
      ),
    ],
    total_block_cost: ExecutionCost(
      write_length: 0,
      write_count: 0,
      read_length: 51,
      read_count: 3,
      runtime: 168,
    ),
  )),
  Success(ExpectedBlockOutput(
    marf_hash: "8fbe0408253a0df6a03e0f0f25ff0b9da814d59ddcad78459b3a15f2b8fcc46c",
    evaluated_epoch: Epoch40,
    transactions: [
      ExpectedTransactionOutput(
        tx: "ContractCall(address: ST1AW6EKPGT61SQ9FNVDS17RKNWT8ZP582VF9HSCP, contract_name: check-error-kind-Epoch3_1-Clarity1, function_name: trigger-error, function_args: [[Bool(true)]])",
        vm_error: "Some(TypeValueError(UIntType, \"Bool(true)\")) [NON-CONSENSUS BREAKING]",
        return_type: Response(ResponseData(
          committed: false,
          data: Optional(OptionalData(
            data: None,
          )),
        )),
        cost: ExecutionCost(
          write_length: 0,
          write_count: 0,
          read_length: 51,
          read_count: 3,
          runtime: 168,
        ),
      ),
    ],
    total_block_cost: ExecutionCost(
      write_length: 0,
      write_count: 0,
      read_length: 51,
      read_count: 3,
      runtime: 168,
    ),
  )),
  Success(ExpectedBlockOutput(
    marf_hash: "19a1f69f50364778a6fbb14036a1bfd6658844e6df749f395549401dda0754cf",
    evaluated_epoch: Epoch40,
    transactions: [
      ExpectedTransactionOutput(
        tx: "ContractCall(address: ST1AW6EKPGT61SQ9FNVDS17RKNWT8ZP582VF9HSCP, contract_name: check-error-kind-Epoch3_1-Clarity2, function_name: trigger-error, function_args: [[Bool(true)]])",
        vm_error: "Some(TypeValueError(UIntType, \"Bool(true)\")) [NON-CONSENSUS BREAKING]",
        return_type: Response(ResponseData(
          committed: false,
          data: Optional(OptionalData(
            data: None,
          )),
        )),
        cost: ExecutionCost(
          write_length: 0,
          write_count: 0,
          read_length: 51,
          read_count: 3,
          runtime: 168,
        ),
      ),
    ],
    total_block_cost: ExecutionCost(
      write_length: 0,
      write_count: 0,
      read_length: 51,
      read_count: 3,
      runtime: 168,
    ),
  )),
  Success(ExpectedBlockOutput(
    marf_hash: "01ca25f44176920f42804664b510410437cdb422f62a182e4f887c0e805a2d19",
    evaluated_epoch: Epoch40,
    transactions: [
      ExpectedTransactionOutput(
        tx: "ContractCall(address: ST1AW6EKPGT61SQ9FNVDS17RKNWT8ZP582VF9HSCP, contract_name: check-error-kind-Epoch3_1-Clarity3, function_name: trigger-error, function_args: [[Bool(true)]])",
        vm_error: "Some(TypeValueError(UIntType, \"Bool(true)\")) [NON-CONSENSUS BREAKING]",
        return_type: Response(ResponseData(
          committed: false,
          data: Optional(OptionalData(
            data: None,
          )),
        )),
        cost: ExecutionCost(
          write_length: 0,
          write_count: 0,
          read_length: 51,
          read_count: 3,
          runtime: 168,
        ),
      ),
    ],
    total_block_cost: ExecutionCost(
      write_length: 0,
      write_count: 0,
      read_length: 51,
      read_count: 3,
      runtime: 168,
    ),
  )),
  Success(ExpectedBlockOutput(
    marf_hash: "a861504a38d755f45b81d6f58cefb43ee988f30ad01eaa285dad876e03589b5e",
    evaluated_epoch: Epoch40,
    transactions: [
      ExpectedTransactionOutput(
        tx: "ContractCall(address: ST1AW6EKPGT61SQ9FNVDS17RKNWT8ZP582VF9HSCP, contract_name: check-error-kind-Epoch3_2-Clarity1, function_name: trigger-error, function_args: [[Bool(true)]])",
        vm_error: "Some(TypeValueError(UIntType, \"Bool(true)\")) [NON-CONSENSUS BREAKING]",
        return_type: Response(ResponseData(
          committed: false,
          data: Optional(OptionalData(
            data: None,
          )),
        )),
        cost: ExecutionCost(
          write_length: 0,
          write_count: 0,
          read_length: 51,
          read_count: 3,
          runtime: 168,
        ),
      ),
    ],
    total_block_cost: ExecutionCost(
      write_length: 0,
      write_count: 0,
      read_length: 51,
      read_count: 3,
      runtime: 168,
    ),
  )),
  Success(ExpectedBlockOutput(
    marf_hash: "839c4c7e5a2627d776364b1b5ea03732f0d848396f4b3c726b7990b8ce797e50",
    evaluated_epoch: Epoch40,
    transactions: [
      ExpectedTransactionOutput(
        tx: "ContractCall(address: ST1AW6EKPGT61SQ9FNVDS17RKNWT8ZP582VF9HSCP, contract_name: check-error-kind-Epoch3_2-Clarity2, function_name: trigger-error, function_args: [[Bool(true)]])",
        vm_error: "Some(TypeValueError(UIntType, \"Bool(true)\")) [NON-CONSENSUS BREAKING]",
        return_type: Response(ResponseData(
          committed: false,
          data: Optional(OptionalData(
            data: None,
          )),
        )),
        cost: ExecutionCost(
          write_length: 0,
          write_count: 0,
          read_length: 51,
          read_count: 3,
          runtime: 168,
        ),
      ),
    ],
    total_block_cost: ExecutionCost(
      write_length: 0,
      write_count: 0,
      read_length: 51,
      read_count: 3,
      runtime: 168,
    ),
  )),
  Success(ExpectedBlockOutput(
    marf_hash: "8001554b3c7f8e5e16b2b9da92f84aece38f3abb9c8fe0811b21764800ab040d",
    evaluated_epoch: Epoch40,
    transactions: [
      ExpectedTransactionOutput(
        tx: "ContractCall(address: ST1AW6EKPGT61SQ9FNVDS17RKNWT8ZP582VF9HSCP, contract_name: check-error-kind-Epoch3_2-Clarity3, function_name: trigger-error, function_args: [[Bool(true)]])",
        vm_error: "Some(TypeValueError(UIntType, \"Bool(true)\")) [NON-CONSENSUS BREAKING]",
        return_type: Response(ResponseData(
          committed: false,
          data: Optional(OptionalData(
            data: None,
          )),
        )),
        cost: ExecutionCost(
          write_length: 0,
          write_count: 0,
          read_length: 51,
          read_count: 3,
          runtime: 168,
        ),
      ),
    ],
    total_block_cost: ExecutionCost(
      write_length: 0,
      write_count: 0,
      read_length: 51,
      read_count: 3,
      runtime: 168,
    ),
  )),
  Success(ExpectedBlockOutput(
    marf_hash: "2caa73128266164b3572deb9b5be946db0dae256ab5cbdbaa88b2191520393fb",
    evaluated_epoch: Epoch40,
    transactions: [
      ExpectedTransactionOutput(
        tx: "ContractCall(address: ST1AW6EKPGT61SQ9FNVDS17RKNWT8ZP582VF9HSCP, contract_name: check-error-kind-Epoch3_3-Clarity1, function_name: trigger-error, function_args: [[Bool(true)]])",
        vm_error: "Some(TypeValueError(UIntType, \"Bool(true)\")) [NON-CONSENSUS BREAKING]",
        return_type: Response(ResponseData(
          committed: false,
          data: Optional(OptionalData(
            data: None,
          )),
        )),
        cost: ExecutionCost(
          write_length: 0,
          write_count: 0,
          read_length: 51,
          read_count: 3,
          runtime: 168,
        ),
      ),
    ],
    total_block_cost: ExecutionCost(
      write_length: 0,
      write_count: 0,
      read_length: 51,
      read_count: 3,
      runtime: 168,
    ),
  )),
  Success(ExpectedBlockOutput(
    marf_hash: "c218c9847974b6cf5415c92cdaff3847600145dc569e0a31a9b6598759c04d9d",
    evaluated_epoch: Epoch40,
    transactions: [
      ExpectedTransactionOutput(
        tx: "ContractCall(address: ST1AW6EKPGT61SQ9FNVDS17RKNWT8ZP582VF9HSCP, contract_name: check-error-kind-Epoch3_3-Clarity2, function_name: trigger-error, function_args: [[Bool(true)]])",
        vm_error: "Some(TypeValueError(UIntType, \"Bool(true)\")) [NON-CONSENSUS BREAKING]",
        return_type: Response(ResponseData(
          committed: false,
          data: Optional(OptionalData(
            data: None,
          )),
        )),
        cost: ExecutionCost(
          write_length: 0,
          write_count: 0,
          read_length: 51,
          read_count: 3,
          runtime: 168,
        ),
      ),
    ],
    total_block_cost: ExecutionCost(
      write_length: 0,
      write_count: 0,
      read_length: 51,
      read_count: 3,
      runtime: 168,
    ),
  )),
  Success(ExpectedBlockOutput(
    marf_hash: "ede620e139c1400c5bb3af27041bb40537509595fc64c0a8a701c4e3810ebd17",
    evaluated_epoch: Epoch40,
    transactions: [
      ExpectedTransactionOutput(
        tx: "ContractCall(address: ST1AW6EKPGT61SQ9FNVDS17RKNWT8ZP582VF9HSCP, contract_name: check-error-kind-Epoch3_3-Clarity3, function_name: trigger-error, function_args: [[Bool(true)]])",
        vm_error: "Some(TypeValueError(UIntType, \"Bool(true)\")) [NON-CONSENSUS BREAKING]",
        return_type: Response(ResponseData(
          committed: false,
          data: Optional(OptionalData(
            data: None,
          )),
        )),
        cost: ExecutionCost(
          write_length: 0,
          write_count: 0,
          read_length: 51,
          read_count: 3,
          runtime: 168,
        ),
      ),
    ],
    total_block_cost: ExecutionCost(
      write_length: 0,
      write_count: 0,
      read_length: 51,
      read_count: 3,
      runtime: 168,
    ),
  )),
  Success(ExpectedBlockOutput(
    marf_hash: "627160d6cdbae0236119fbb553f53d03be420d1ae1982ee446eaf4dacfbe8bc8",
    evaluated_epoch: Epoch40,
    transactions: [
      ExpectedTransactionOutput(
        tx: "ContractCall(address: ST1AW6EKPGT61SQ9FNVDS17RKNWT8ZP582VF9HSCP, contract_name: check-error-kind-Epoch3_3-Clarity4, function_name: trigger-error, function_args: [[Bool(true)]])",
        vm_error: "Some(TypeValueError(UIntType, \"Bool(true)\")) [NON-CONSENSUS BREAKING]",
        return_type: Response(ResponseData(
          committed: false,
          data: Optional(OptionalData(
            data: None,
          )),
        )),
        cost: ExecutionCost(
          write_length: 0,
          write_count: 0,
          read_length: 51,
          read_count: 3,
          runtime: 168,
        ),
      ),
    ],
    total_block_cost: ExecutionCost(
      write_length: 0,
      write_count: 0,
      read_length: 51,
      read_count: 3,
      runtime: 168,
    ),
  )),
  Success(ExpectedBlockOutput(
    marf_hash: "6b8a53039681872f9b39839929728e69f7a6211370bd95b7f59ac50258653168",
    evaluated_epoch: Epoch40,
    transactions: [
      ExpectedTransactionOutput(
        tx: "ContractCall(address: ST1AW6EKPGT61SQ9FNVDS17RKNWT8ZP582VF9HSCP, contract_name: check-error-kind-Epoch3_4-Clarity1, function_name: trigger-error, function_args: [[Bool(true)]])",
        vm_error: "Some(TypeValueError(UIntType, \"Bool(true)\")) [NON-CONSENSUS BREAKING]",
        return_type: Response(ResponseData(
          committed: false,
          data: Optional(OptionalData(
            data: None,
          )),
        )),
        cost: ExecutionCost(
          write_length: 0,
          write_count: 0,
          read_length: 51,
          read_count: 3,
          runtime: 168,
        ),
      ),
    ],
    total_block_cost: ExecutionCost(
      write_length: 0,
      write_count: 0,
      read_length: 51,
      read_count: 3,
      runtime: 168,
    ),
  )),
  Success(ExpectedBlockOutput(
    marf_hash: "df4a7f7b0b79b78ead172c1d7bf4150f2bef460c18b6dbfe234fc77943309872",
    evaluated_epoch: Epoch40,
    transactions: [
      ExpectedTransactionOutput(
        tx: "ContractCall(address: ST1AW6EKPGT61SQ9FNVDS17RKNWT8ZP582VF9HSCP, contract_name: check-error-kind-Epoch3_4-Clarity2, function_name: trigger-error, function_args: [[Bool(true)]])",
        vm_error: "Some(TypeValueError(UIntType, \"Bool(true)\")) [NON-CONSENSUS BREAKING]",
        return_type: Response(ResponseData(
          committed: false,
          data: Optional(OptionalData(
            data: None,
          )),
        )),
        cost: ExecutionCost(
          write_length: 0,
          write_count: 0,
          read_length: 51,
          read_count: 3,
          runtime: 168,
        ),
      ),
    ],
    total_block_cost: ExecutionCost(
      write_length: 0,
      write_count: 0,
      read_length: 51,
      read_count: 3,
      runtime: 168,
    ),
  )),
  Success(ExpectedBlockOutput(
    marf_hash: "7dd89935011d407e606bf196a4b9bb497c2416115b1e9bfefa58b99c88020d4e",
    evaluated_epoch: Epoch40,
    transactions: [
      ExpectedTransactionOutput(
        tx: "ContractCall(address: ST1AW6EKPGT61SQ9FNVDS17RKNWT8ZP582VF9HSCP, contract_name: check-error-kind-Epoch3_4-Clarity3, function_name: trigger-error, function_args: [[Bool(true)]])",
        vm_error: "Some(TypeValueError(UIntType, \"Bool(true)\")) [NON-CONSENSUS BREAKING]",
        return_type: Response(ResponseData(
          committed: false,
          data: Optional(OptionalData(
            data: None,
          )),
        )),
        cost: ExecutionCost(
          write_length: 0,
          write_count: 0,
          read_length: 51,
          read_count: 3,
          runtime: 168,
        ),
      ),
    ],
    total_block_cost: ExecutionCost(
      write_length: 0,
      write_count: 0,
      read_length: 51,
      read_count: 3,
      runtime: 168,
    ),
  )),
  Success(ExpectedBlockOutput(
    marf_hash: "18ec4930bba47a691683be6a86d811f445e089d623429beda44f80273b6e59a6",
    evaluated_epoch: Epoch40,
    transactions: [
      ExpectedTransactionOutput(
        tx: "ContractCall(address: ST1AW6EKPGT61SQ9FNVDS17RKNWT8ZP582VF9HSCP, contract_name: check-error-kind-Epoch3_4-Clarity4, function_name: trigger-error, function_args: [[Bool(true)]])",
        vm_error: "Some(TypeValueError(UIntType, \"Bool(true)\")) [NON-CONSENSUS BREAKING]",
        return_type: Response(ResponseData(
          committed: false,
          data: Optional(OptionalData(
            data: None,
          )),
        )),
        cost: ExecutionCost(
          write_length: 0,
          write_count: 0,
          read_length: 51,
          read_count: 3,
          runtime: 168,
        ),
      ),
    ],
    total_block_cost: ExecutionCost(
      write_length: 0,
      write_count: 0,
      read_length: 51,
      read_count: 3,
      runtime: 168,
    ),
  )),
  Success(ExpectedBlockOutput(
    marf_hash: "c70fc466faa86fd971780e4e86d3b5189ff52cade2d5cac393b2dc4e371c4c16",
    evaluated_epoch: Epoch40,
    transactions: [
      ExpectedTransactionOutput(
        tx: "ContractCall(address: ST1AW6EKPGT61SQ9FNVDS17RKNWT8ZP582VF9HSCP, contract_name: check-error-kind-Epoch3_4-Clarity5, function_name: trigger-error, function_args: [[Bool(true)]])",
        vm_error: "Some(TypeValueError(UIntType, \"Bool(true)\")) [NON-CONSENSUS BREAKING]",
        return_type: Response(ResponseData(
          committed: false,
          data: Optional(OptionalData(
            data: None,
          )),
        )),
        cost: ExecutionCost(
          write_length: 0,
          write_count: 0,
          read_length: 51,
          read_count: 3,
          runtime: 168,
        ),
      ),
    ],
    total_block_cost: ExecutionCost(
      write_length: 0,
      write_count: 0,
      read_length: 51,
      read_count: 3,
      runtime: 168,
    ),
  )),
  Success(ExpectedBlockOutput(
    marf_hash: "aaa5f8a9c2b09eac221591cae3dee6b46ef384af1eb9347a395a631d7cb652ed",
    evaluated_epoch: Epoch40,
    transactions: [
      ExpectedTransactionOutput(
        tx: "ContractCall(address: ST1AW6EKPGT61SQ9FNVDS17RKNWT8ZP582VF9HSCP, contract_name: check-error-kind-Epoch4_0-Clarity1, function_name: trigger-error, function_args: [[Bool(true)]])",
        vm_error: "Some(TypeValueError(UIntType, \"Bool(true)\")) [NON-CONSENSUS BREAKING]",
        return_type: Response(ResponseData(
          committed: false,
          data: Optional(OptionalData(
            data: None,
          )),
        )),
        cost: ExecutionCost(
          write_length: 0,
          write_count: 0,
          read_length: 51,
          read_count: 3,
          runtime: 168,
        ),
      ),
    ],
    total_block_cost: ExecutionCost(
      write_length: 0,
      write_count: 0,
      read_length: 51,
      read_count: 3,
      runtime: 168,
    ),
  )),
  Success(ExpectedBlockOutput(
    marf_hash: "97fd68dbbd995bd1b4457003634c72ce35f37a756a30e258ecc32bea2fe48174",
    evaluated_epoch: Epoch40,
    transactions: [
      ExpectedTransactionOutput(
        tx: "ContractCall(address: ST1AW6EKPGT61SQ9FNVDS17RKNWT8ZP582VF9HSCP, contract_name: check-error-kind-Epoch4_0-Clarity2, function_name: trigger-error, function_args: [[Bool(true)]])",
        vm_error: "Some(TypeValueError(UIntType, \"Bool(true)\")) [NON-CONSENSUS BREAKING]",
        return_type: Response(ResponseData(
          committed: false,
          data: Optional(OptionalData(
            data: None,
          )),
        )),
        cost: ExecutionCost(
          write_length: 0,
          write_count: 0,
          read_length: 51,
          read_count: 3,
          runtime: 168,
        ),
      ),
    ],
    total_block_cost: ExecutionCost(
      write_length: 0,
      write_count: 0,
      read_length: 51,
      read_count: 3,
      runtime: 168,
    ),
  )),
  Success(ExpectedBlockOutput(
    marf_hash: "139ed3af8020fdf53309bf766d617a792bd805af5eba839cda24f0828d1befb3",
    evaluated_epoch: Epoch40,
    transactions: [
      ExpectedTransactionOutput(
        tx: "ContractCall(address: ST1AW6EKPGT61SQ9FNVDS17RKNWT8ZP582VF9HSCP, contract_name: check-error-kind-Epoch4_0-Clarity3, function_name: trigger-error, function_args: [[Bool(true)]])",
        vm_error: "Some(TypeValueError(UIntType, \"Bool(true)\")) [NON-CONSENSUS BREAKING]",
        return_type: Response(ResponseData(
          committed: false,
          data: Optional(OptionalData(
            data: None,
          )),
        )),
        cost: ExecutionCost(
          write_length: 0,
          write_count: 0,
          read_length: 51,
          read_count: 3,
          runtime: 168,
        ),
      ),
    ],
    total_block_cost: ExecutionCost(
      write_length: 0,
      write_count: 0,
      read_length: 51,
      read_count: 3,
      runtime: 168,
    ),
  )),
  Success(ExpectedBlockOutput(
    marf_hash: "c3981c9d952316d441f66ae59ae800cf40c05a134e878e578474b9ed4d0f9eba",
    evaluated_epoch: Epoch40,
    transactions: [
      ExpectedTransactionOutput(
        tx: "ContractCall(address: ST1AW6EKPGT61SQ9FNVDS17RKNWT8ZP582VF9HSCP, contract_name: check-error-kind-Epoch4_0-Clarity4, function_name: trigger-error, function_args: [[Bool(true)]])",
        vm_error: "Some(TypeValueError(UIntType, \"Bool(true)\")) [NON-CONSENSUS BREAKING]",
        return_type: Response(ResponseData(
          committed: false,
          data: Optional(OptionalData(
            data: None,
          )),
        )),
        cost: ExecutionCost(
          write_length: 0,
          write_count: 0,
          read_length: 51,
          read_count: 3,
          runtime: 168,
        ),
      ),
    ],
    total_block_cost: ExecutionCost(
      write_length: 0,
      write_count: 0,
      read_length: 51,
      read_count: 3,
      runtime: 168,
    ),
  )),
  Success(ExpectedBlockOutput(
    marf_hash: "496cd23f26f770b320a540a100a4101f0ce24724fa05457c8c1b25362b69f8c2",
    evaluated_epoch: Epoch40,
    transactions: [
      ExpectedTransactionOutput(
        tx: "ContractCall(address: ST1AW6EKPGT61SQ9FNVDS17RKNWT8ZP582VF9HSCP, contract_name: check-error-kind-Epoch4_0-Clarity5, function_name: trigger-error, function_args: [[Bool(true)]])",
        vm_error: "Some(TypeValueError(UIntType, \"Bool(true)\")) [NON-CONSENSUS BREAKING]",
        return_type: Response(ResponseData(
          committed: false,
          data: Optional(OptionalData(
            data: None,
          )),
        )),
        cost: ExecutionCost(
          write_length: 0,
          write_count: 0,
          read_length: 51,
          read_count: 3,
          runtime: 168,
        ),
      ),
    ],
    total_block_cost: ExecutionCost(
      write_length: 0,
      write_count: 0,
      read_length: 51,
      read_count: 3,
      runtime: 168,
    ),
  )),
  Success(ExpectedBlockOutput(
    marf_hash: "623698ea8e1b215e24770c9ee4540383c8460a61f7305e00ba0f9ddb202b6cda",
    evaluated_epoch: Epoch40,
    transactions: [
      ExpectedTransactionOutput(
        tx: "ContractCall(address: ST1AW6EKPGT61SQ9FNVDS17RKNWT8ZP582VF9HSCP, contract_name: check-error-kind-Epoch4_0-Clarity6, function_name: trigger-error, function_args: [[Bool(true)]])",
        vm_error: "Some(TypeValueError(UIntType, \"Bool(true)\")) [NON-CONSENSUS BREAKING]",
        return_type: Response(ResponseData(
          committed: false,
          data: Optional(OptionalData(
            data: None,
          )),
        )),
        cost: ExecutionCost(
          write_length: 0,
          write_count: 0,
          read_length: 51,
          read_count: 3,
          runtime: 168,
        ),
      ),
    ],
    total_block_cost: ExecutionCost(
      write_length: 0,
      write_count: 0,
      read_length: 51,
      read_count: 3,
      runtime: 168,
    ),
  )),
]
