---
source: stackslib/src/chainstate/tests/parse_tests.rs
expression: result
---
[
  Success(ExpectedBlockOutput(
    marf_hash: "db2aa108aae24ac9612e52ee2c01bab2310da19f379d02834c071075946757ba",
    evaluated_epoch: Epoch34,
    transactions: [
      ExpectedTransactionOutput(
        tx: "SmartContract(name: my-contract-Epoch3_4-Clarity1, code_body: [..], clarity_version: Some(Clarity1))",
        vm_error: "Some(Failed to parse int literal \'340282366920938463463374607431768211455\') [NON-CONSENSUS BREAKING]",
        return_type: Response(ResponseData(
          committed: false,
          data: Optional(OptionalData(
            data: None,
          )),
        )),
        cost: ExecutionCost(
          write_length: 0,
          write_count: 0,
          read_length: 0,
          read_count: 0,
          runtime: 1917,
        ),
      ),
    ],
    total_block_cost: ExecutionCost(
      write_length: 0,
      write_count: 0,
      read_length: 0,
      read_count: 0,
      runtime: 1917,
    ),
  )),
  Success(ExpectedBlockOutput(
    marf_hash: "b5a5cff36bdfadb4cc3e87193162222ddbe1eafb5b04e90e8fc2ba0ca3eee7ae",
    evaluated_epoch: Epoch34,
    transactions: [
      ExpectedTransactionOutput(
        tx: "SmartContract(name: my-contract-Epoch3_4-Clarity2, code_body: [..], clarity_version: Some(Clarity2))",
        vm_error: "Some(Failed to parse int literal \'340282366920938463463374607431768211455\') [NON-CONSENSUS BREAKING]",
        return_type: Response(ResponseData(
          committed: false,
          data: Optional(OptionalData(
            data: None,
          )),
        )),
        cost: ExecutionCost(
          write_length: 0,
          write_count: 0,
          read_length: 0,
          read_count: 0,
          runtime: 1917,
        ),
      ),
    ],
    total_block_cost: ExecutionCost(
      write_length: 0,
      write_count: 0,
      read_length: 0,
      read_count: 0,
      runtime: 1917,
    ),
  )),
  Success(ExpectedBlockOutput(
    marf_hash: "769ade62e31e34af3088a270b3dff3531058fa71f570c83037eeea13c1a554ff",
    evaluated_epoch: Epoch34,
    transactions: [
      ExpectedTransactionOutput(
        tx: "SmartContract(name: my-contract-Epoch3_4-Clarity3, code_body: [..], clarity_version: Some(Clarity3))",
        vm_error: "Some(Failed to parse int literal \'340282366920938463463374607431768211455\') [NON-CONSENSUS BREAKING]",
        return_type: Response(ResponseData(
          committed: false,
          data: Optional(OptionalData(
            data: None,
          )),
        )),
        cost: ExecutionCost(
          write_length: 0,
          write_count: 0,
          read_length: 0,
          read_count: 0,
          runtime: 1917,
        ),
      ),
    ],
    total_block_cost: ExecutionCost(
      write_length: 0,
      write_count: 0,
      read_length: 0,
      read_count: 0,
      runtime: 1917,
    ),
  )),
  Success(ExpectedBlockOutput(
    marf_hash: "46b707e722caba589b7b7f083284c9b49b46ae749acb95a2f62b98264367d218",
    evaluated_epoch: Epoch34,
    transactions: [
      ExpectedTransactionOutput(
        tx: "SmartContract(name: my-contract-Epoch3_4-Clarity4, code_body: [..], clarity_version: Some(Clarity4))",
        vm_error: "Some(Failed to parse int literal \'340282366920938463463374607431768211455\') [NON-CONSENSUS BREAKING]",
        return_type: Response(ResponseData(
          committed: false,
          data: Optional(OptionalData(
            data: None,
          )),
        )),
        cost: ExecutionCost(
          write_length: 0,
          write_count: 0,
          read_length: 0,
          read_count: 0,
          runtime: 1917,
        ),
      ),
    ],
    total_block_cost: ExecutionCost(
      write_length: 0,
      write_count: 0,
      read_length: 0,
      read_count: 0,
      runtime: 1917,
    ),
  )),
  Success(ExpectedBlockOutput(
    marf_hash: "eee55e68cd5bd1627cdb72ee54b9f1a33ff43a954a97d816a6afbd737929357e",
    evaluated_epoch: Epoch34,
    transactions: [
      ExpectedTransactionOutput(
        tx: "SmartContract(name: my-contract-Epoch3_4-Clarity5, code_body: [..], clarity_version: Some(Clarity5))",
        vm_error: "Some(Failed to parse int literal \'340282366920938463463374607431768211455\') [NON-CONSENSUS BREAKING]",
        return_type: Response(ResponseData(
          committed: false,
          data: Optional(OptionalData(
            data: None,
          )),
        )),
        cost: ExecutionCost(
          write_length: 0,
          write_count: 0,
          read_length: 0,
          read_count: 0,
          runtime: 1917,
        ),
      ),
    ],
    total_block_cost: ExecutionCost(
      write_length: 0,
      write_count: 0,
      read_length: 0,
      read_count: 0,
      runtime: 1917,
    ),
  )),
  Success(ExpectedBlockOutput(
    marf_hash: "5f2f2b798d31b762df25b366886c030091fa39a4a8cca277f97ffe9427115bc5",
    evaluated_epoch: Epoch40,
    transactions: [
      ExpectedTransactionOutput(
        tx: "SmartContract(name: my-contract-Epoch4_0-Clarity1, code_body: [..], clarity_version: Some(Clarity1))",
        vm_error: "Some(Failed to parse int literal \'340282366920938463463374607431768211455\') [NON-CONSENSUS BREAKING]",
        return_type: Response(ResponseData(
          committed: false,
          data: Optional(OptionalData(
            data: None,
          )),
        )),
        cost: ExecutionCost(
          write_length: 0,
          write_count: 0,
          read_length: 0,
          read_count: 0,
          runtime: 1917,
        ),
      ),
    ],
    total_block_cost: ExecutionCost(
      write_length: 0,
      write_count: 0,
      read_length: 0,
      read_count: 0,
      runtime: 1917,
    ),
  )),
  Success(ExpectedBlockOutput(
    marf_hash: "e29b023411866b50ee6df84a6a053b536685c44df6966834c1e3e1bc158b678d",
    evaluated_epoch: Epoch40,
    transactions: [
      ExpectedTransactionOutput(
        tx: "SmartContract(name: my-contract-Epoch4_0-Clarity2, code_body: [..], clarity_version: Some(Clarity2))",
        vm_error: "Some(Failed to parse int literal \'340282366920938463463374607431768211455\') [NON-CONSENSUS BREAKING]",
        return_type: Response(ResponseData(
          committed: false,
          data: Optional(OptionalData(
            data: None,
          )),
        )),
        cost: ExecutionCost(
          write_length: 0,
          write_count: 0,
          read_length: 0,
          read_count: 0,
          runtime: 1917,
        ),
      ),
    ],
    total_block_cost: ExecutionCost(
      write_length: 0,
      write_count: 0,
      read_length: 0,
      read_count: 0,
      runtime: 1917,
    ),
  )),
  Success(ExpectedBlockOutput(
    marf_hash: "12d5dc164cff15e8e7e71d8b5c705590959253c2dee5a44c15257c65dce7e61d",
    evaluated_epoch: Epoch40,
    transactions: [
      ExpectedTransactionOutput(
        tx: "SmartContract(name: my-contract-Epoch4_0-Clarity3, code_body: [..], clarity_version: Some(Clarity3))",
        vm_error: "Some(Failed to parse int literal \'340282366920938463463374607431768211455\') [NON-CONSENSUS BREAKING]",
        return_type: Response(ResponseData(
          committed: false,
          data: Optional(OptionalData(
            data: None,
          )),
        )),
        cost: ExecutionCost(
          write_length: 0,
          write_count: 0,
          read_length: 0,
          read_count: 0,
          runtime: 1917,
        ),
      ),
    ],
    total_block_cost: ExecutionCost(
      write_length: 0,
      write_count: 0,
      read_length: 0,
      read_count: 0,
      runtime: 1917,
    ),
  )),
  Success(ExpectedBlockOutput(
    marf_hash: "1c6b1b4176341a11781fff6f16af13e65009dc81668ab7961cd251f50d4c66e8",
    evaluated_epoch: Epoch40,
    transactions: [
      ExpectedTransactionOutput(
        tx: "SmartContract(name: my-contract-Epoch4_0-Clarity4, code_body: [..], clarity_version: Some(Clarity4))",
        vm_error: "Some(Failed to parse int literal \'340282366920938463463374607431768211455\') [NON-CONSENSUS BREAKING]",
        return_type: Response(ResponseData(
          committed: false,
          data: Optional(OptionalData(
            data: None,
          )),
        )),
        cost: ExecutionCost(
          write_length: 0,
          write_count: 0,
          read_length: 0,
          read_count: 0,
          runtime: 1917,
        ),
      ),
    ],
    total_block_cost: ExecutionCost(
      write_length: 0,
      write_count: 0,
      read_length: 0,
      read_count: 0,
      runtime: 1917,
    ),
  )),
  Success(ExpectedBlockOutput(
    marf_hash: "a12989677cc7e870d1251818a1613cb2b3e34183d74dd51d27888a1c2802f3ec",
    evaluated_epoch: Epoch40,
    transactions: [
      ExpectedTransactionOutput(
        tx: "SmartContract(name: my-contract-Epoch4_0-Clarity5, code_body: [..], clarity_version: Some(Clarity5))",
        vm_error: "Some(Failed to parse int literal \'340282366920938463463374607431768211455\') [NON-CONSENSUS BREAKING]",
        return_type: Response(ResponseData(
          committed: false,
          data: Optional(OptionalData(
            data: None,
          )),
        )),
        cost: ExecutionCost(
          write_length: 0,
          write_count: 0,
          read_length: 0,
          read_count: 0,
          runtime: 1917,
        ),
      ),
    ],
    total_block_cost: ExecutionCost(
      write_length: 0,
      write_count: 0,
      read_length: 0,
      read_count: 0,
      runtime: 1917,
    ),
  )),
  Success(ExpectedBlockOutput(
    marf_hash: "4d29b2e4e4483c9cf63b49d0be9d35e53087d2b2c7995aa8af452b0527ace70b",
    evaluated_epoch: Epoch40,
    transactions: [
      ExpectedTransactionOutput(
        tx: "SmartContract(name: my-contract-Epoch4_0-Clarity6, code_body: [..], clarity_version: Some(Clarity6))",
        vm_error: "Some(Failed to parse int literal \'340282366920938463463374607431768211455\') [NON-CONSENSUS BREAKING]",
        return_type: Response(ResponseData(
          committed: false,
          data: Optional(OptionalData(
            data: None,
          )),
        )),
        cost: ExecutionCost(
          write_length: 0,
          write_count: 0,
          read_length: 0,
          read_count: 0,
          runtime: 1917,
        ),
      ),
    ],
    total_block_cost: ExecutionCost(
      write_length: 0,
      write_count: 0,
      read_length: 0,
      read_count: 0,
      runtime: 1917,
    ),
  )),
]
