---
source: stackslib/src/chainstate/tests/runtime_analysis_tests.rs
expression: result
---
[
  Success(ExpectedBlockOutput(
    marf_hash: "5c053b0d10f4889b1a83ce8aa1ab6d96d5e79f4ec196a7a2cf160fe133b06f08",
    evaluated_epoch: Epoch20,
    transactions: [
      ExpectedTransactionOutput(
        tx: "SmartContract(name: check-error-kind-Epoch2_0-Clarity1, code_body: [..], clarity_version: None)",
        vm_error: "None [NON-CONSENSUS BREAKING]",
        return_type: Response(ResponseData(
          committed: true,
          data: Bool(true),
        )),
        cost: ExecutionCost(
          write_length: 62,
          write_count: 2,
          read_length: 1,
          read_count: 1,
          runtime: 581000,
        ),
      ),
    ],
    total_block_cost: ExecutionCost(
      write_length: 62,
      write_count: 2,
      read_length: 1,
      read_count: 1,
      runtime: 581000,
    ),
  )),
  Success(ExpectedBlockOutput(
    marf_hash: "ff0eb1c3132fd4f7f7bb1d33b87078f3756c941718925f195e5cab1b80820ee3",
    evaluated_epoch: Epoch2_05,
    transactions: [
      ExpectedTransactionOutput(
        tx: "SmartContract(name: check-error-kind-Epoch2_05-Clarity1, code_body: [..], clarity_version: None)",
        vm_error: "None [NON-CONSENSUS BREAKING]",
        return_type: Response(ResponseData(
          committed: true,
          data: Bool(true),
        )),
        cost: ExecutionCost(
          write_length: 62,
          write_count: 2,
          read_length: 1,
          read_count: 1,
          runtime: 305355,
        ),
      ),
    ],
    total_block_cost: ExecutionCost(
      write_length: 62,
      write_count: 2,
      read_length: 1,
      read_count: 1,
      runtime: 305355,
    ),
  )),
  Success(ExpectedBlockOutput(
    marf_hash: "abb98265523b5e04506643a5a25e794caa92629678892e184dd12eb7e49a0417",
    evaluated_epoch: Epoch21,
    transactions: [
      ExpectedTransactionOutput(
        tx: "SmartContract(name: check-error-kind-Epoch2_1-Clarity1, code_body: [..], clarity_version: Some(Clarity1))",
        vm_error: "None [NON-CONSENSUS BREAKING]",
        return_type: Response(ResponseData(
          committed: true,
          data: Bool(true),
        )),
        cost: ExecutionCost(
          write_length: 62,
          write_count: 2,
          read_length: 1,
          read_count: 1,
          runtime: 9659,
        ),
      ),
    ],
    total_block_cost: ExecutionCost(
      write_length: 62,
      write_count: 2,
      read_length: 1,
      read_count: 1,
      runtime: 9659,
    ),
  )),
  Success(ExpectedBlockOutput(
    marf_hash: "cf9ea3959801afb08d0af6be4059a8c2c548990a40eabbc4a9083034726ebaef",
    evaluated_epoch: Epoch21,
    transactions: [
      ExpectedTransactionOutput(
        tx: "SmartContract(name: check-error-kind-Epoch2_1-Clarity2, code_body: [..], clarity_version: Some(Clarity2))",
        vm_error: "None [NON-CONSENSUS BREAKING]",
        return_type: Response(ResponseData(
          committed: true,
          data: Bool(true),
        )),
        cost: ExecutionCost(
          write_length: 62,
          write_count: 2,
          read_length: 1,
          read_count: 1,
          runtime: 9659,
        ),
      ),
    ],
    total_block_cost: ExecutionCost(
      write_length: 62,
      write_count: 2,
      read_length: 1,
      read_count: 1,
      runtime: 9659,
    ),
  )),
  Success(ExpectedBlockOutput(
    marf_hash: "961a199d1b87a993e75c341c73bda6a412ef29f8ed7f0d95ca704d36d01ac916",
    evaluated_epoch: Epoch22,
    transactions: [
      ExpectedTransactionOutput(
        tx: "SmartContract(name: check-error-kind-Epoch2_2-Clarity1, code_body: [..], clarity_version: Some(Clarity1))",
        vm_error: "None [NON-CONSENSUS BREAKING]",
        return_type: Response(ResponseData(
          committed: true,
          data: Bool(true),
        )),
        cost: ExecutionCost(
          write_length: 62,
          write_count: 2,
          read_length: 1,
          read_count: 1,
          runtime: 9659,
        ),
      ),
    ],
    total_block_cost: ExecutionCost(
      write_length: 62,
      write_count: 2,
      read_length: 1,
      read_count: 1,
      runtime: 9659,
    ),
  )),
  Success(ExpectedBlockOutput(
    marf_hash: "8b2ff3c27feac699b8acc60f084153f6280d43c996bc93739b0bc069755eba73",
    evaluated_epoch: Epoch22,
    transactions: [
      ExpectedTransactionOutput(
        tx: "SmartContract(name: check-error-kind-Epoch2_2-Clarity2, code_body: [..], clarity_version: Some(Clarity2))",
        vm_error: "None [NON-CONSENSUS BREAKING]",
        return_type: Response(ResponseData(
          committed: true,
          data: Bool(true),
        )),
        cost: ExecutionCost(
          write_length: 62,
          write_count: 2,
          read_length: 1,
          read_count: 1,
          runtime: 9659,
        ),
      ),
    ],
    total_block_cost: ExecutionCost(
      write_length: 62,
      write_count: 2,
      read_length: 1,
      read_count: 1,
      runtime: 9659,
    ),
  )),
  Success(ExpectedBlockOutput(
    marf_hash: "ec15900e87232aa829868e6919f6168aac93cd6eba4439dceb027c61b99eebd2",
    evaluated_epoch: Epoch23,
    transactions: [
      ExpectedTransactionOutput(
        tx: "SmartContract(name: check-error-kind-Epoch2_3-Clarity1, code_body: [..], clarity_version: Some(Clarity1))",
        vm_error: "None [NON-CONSENSUS BREAKING]",
        return_type: Response(ResponseData(
          committed: true,
          data: Bool(true),
        )),
        cost: ExecutionCost(
          write_length: 62,
          write_count: 2,
          read_length: 1,
          read_count: 1,
          runtime: 9659,
        ),
      ),
    ],
    total_block_cost: ExecutionCost(
      write_length: 62,
      write_count: 2,
      read_length: 1,
      read_count: 1,
      runtime: 9659,
    ),
  )),
  Success(ExpectedBlockOutput(
    marf_hash: "b840dee280d19f76348f239cc8ec68aa6ffef4629f77e69f7c416e438c0bb20b",
    evaluated_epoch: Epoch23,
    transactions: [
      ExpectedTransactionOutput(
        tx: "SmartContract(name: check-error-kind-Epoch2_3-Clarity2, code_body: [..], clarity_version: Some(Clarity2))",
        vm_error: "None [NON-CONSENSUS BREAKING]",
        return_type: Response(ResponseData(
          committed: true,
          data: Bool(true),
        )),
        cost: ExecutionCost(
          write_length: 62,
          write_count: 2,
          read_length: 1,
          read_count: 1,
          runtime: 9659,
        ),
      ),
    ],
    total_block_cost: ExecutionCost(
      write_length: 62,
      write_count: 2,
      read_length: 1,
      read_count: 1,
      runtime: 9659,
    ),
  )),
  Success(ExpectedBlockOutput(
    marf_hash: "cf99c983db707be248270435e97b9ad641aef54a9a385bedae8316afbdb8279b",
    evaluated_epoch: Epoch24,
    transactions: [
      ExpectedTransactionOutput(
        tx: "SmartContract(name: check-error-kind-Epoch2_4-Clarity1, code_body: [..], clarity_version: Some(Clarity1))",
        vm_error: "None [NON-CONSENSUS BREAKING]",
        return_type: Response(ResponseData(
          committed: true,
          data: Bool(true),
        )),
        cost: ExecutionCost(
          write_length: 62,
          write_count: 2,
          read_length: 1,
          read_count: 1,
          runtime: 9659,
        ),
      ),
    ],
    total_block_cost: ExecutionCost(
      write_length: 62,
      write_count: 2,
      read_length: 1,
      read_count: 1,
      runtime: 9659,
    ),
  )),
  Success(ExpectedBlockOutput(
    marf_hash: "5e28fdcf07d69a9dc6c616549bc4874353d59ce1840e09eeb36ecabf935c6eca",
    evaluated_epoch: Epoch24,
    transactions: [
      ExpectedTransactionOutput(
        tx: "SmartContract(name: check-error-kind-Epoch2_4-Clarity2, code_body: [..], clarity_version: Some(Clarity2))",
        vm_error: "None [NON-CONSENSUS BREAKING]",
        return_type: Response(ResponseData(
          committed: true,
          data: Bool(true),
        )),
        cost: ExecutionCost(
          write_length: 62,
          write_count: 2,
          read_length: 1,
          read_count: 1,
          runtime: 9659,
        ),
      ),
    ],
    total_block_cost: ExecutionCost(
      write_length: 62,
      write_count: 2,
      read_length: 1,
      read_count: 1,
      runtime: 9659,
    ),
  )),
  Success(ExpectedBlockOutput(
    marf_hash: "34dbe72fb135deb6e8ed5ac750417947135e5d0b89878e6c2ba0b02efc69d7f0",
    evaluated_epoch: Epoch25,
    transactions: [
      ExpectedTransactionOutput(
        tx: "SmartContract(name: check-error-kind-Epoch2_5-Clarity1, code_body: [..], clarity_version: Some(Clarity1))",
        vm_error: "None [NON-CONSENSUS BREAKING]",
        return_type: Response(ResponseData(
          committed: true,
          data: Bool(true),
        )),
        cost: ExecutionCost(
          write_length: 62,
          write_count: 2,
          read_length: 1,
          read_count: 1,
          runtime: 9659,
        ),
      ),
    ],
    total_block_cost: ExecutionCost(
      write_length: 62,
      write_count: 2,
      read_length: 1,
      read_count: 1,
      runtime: 9659,
    ),
  )),
  Success(ExpectedBlockOutput(
    marf_hash: "cfc7440ab28b17c5a3999b7fc20d4bd2826bc9e8f6a54408c452dca1b8982f82",
    evaluated_epoch: Epoch25,
    transactions: [
      ExpectedTransactionOutput(
        tx: "SmartContract(name: check-error-kind-Epoch2_5-Clarity2, code_body: [..], clarity_version: Some(Clarity2))",
        vm_error: "None [NON-CONSENSUS BREAKING]",
        return_type: Response(ResponseData(
          committed: true,
          data: Bool(true),
        )),
        cost: ExecutionCost(
          write_length: 62,
          write_count: 2,
          read_length: 1,
          read_count: 1,
          runtime: 9659,
        ),
      ),
    ],
    total_block_cost: ExecutionCost(
      write_length: 62,
      write_count: 2,
      read_length: 1,
      read_count: 1,
      runtime: 9659,
    ),
  )),
  Success(ExpectedBlockOutput(
    marf_hash: "7c909e394fc38545eb116bd5a12d5e494a5c529046dee968f2381062031e23ea",
    evaluated_epoch: Epoch30,
    transactions: [
      ExpectedTransactionOutput(
        tx: "SmartContract(name: check-error-kind-Epoch3_0-Clarity1, code_body: [..], clarity_version: Some(Clarity1))",
        vm_error: "None [NON-CONSENSUS BREAKING]",
        return_type: Response(ResponseData(
          committed: true,
          data: Bool(true),
        )),
        cost: ExecutionCost(
          write_length: 62,
          write_count: 2,
          read_length: 1,
          read_count: 1,
          runtime: 9659,
        ),
      ),
    ],
    total_block_cost: ExecutionCost(
      write_length: 62,
      write_count: 2,
      read_length: 1,
      read_count: 1,
      runtime: 9659,
    ),
  )),
  Success(ExpectedBlockOutput(
    marf_hash: "4609402431ebc6804d6f8dbcdc18fb0c2e969643fbc09a0edb39498ea564c5ff",
    evaluated_epoch: Epoch30,
    transactions: [
      ExpectedTransactionOutput(
        tx: "SmartContract(name: check-error-kind-Epoch3_0-Clarity2, code_body: [..], clarity_version: Some(Clarity2))",
        vm_error: "None [NON-CONSENSUS BREAKING]",
        return_type: Response(ResponseData(
          committed: true,
          data: Bool(true),
        )),
        cost: ExecutionCost(
          write_length: 62,
          write_count: 2,
          read_length: 1,
          read_count: 1,
          runtime: 9659,
        ),
      ),
    ],
    total_block_cost: ExecutionCost(
      write_length: 62,
      write_count: 2,
      read_length: 1,
      read_count: 1,
      runtime: 9659,
    ),
  )),
  Success(ExpectedBlockOutput(
    marf_hash: "1542c303e12206e87b9c554676e1a18e190842e84a0f73b4a8c65127f77cbae7",
    evaluated_epoch: Epoch30,
    transactions: [
      ExpectedTransactionOutput(
        tx: "SmartContract(name: check-error-kind-Epoch3_0-Clarity3, code_body: [..], clarity_version: Some(Clarity3))",
        vm_error: "None [NON-CONSENSUS BREAKING]",
        return_type: Response(ResponseData(
          committed: true,
          data: Bool(true),
        )),
        cost: ExecutionCost(
          write_length: 62,
          write_count: 2,
          read_length: 1,
          read_count: 1,
          runtime: 9659,
        ),
      ),
    ],
    total_block_cost: ExecutionCost(
      write_length: 62,
      write_count: 2,
      read_length: 1,
      read_count: 1,
      runtime: 9659,
    ),
  )),
  Success(ExpectedBlockOutput(
    marf_hash: "72b4cc9b010ae9ab711c2e170fbabd0ada724d2a7d5c999ca95d0c181cbdfd3a",
    evaluated_epoch: Epoch31,
    transactions: [
      ExpectedTransactionOutput(
        tx: "SmartContract(name: check-error-kind-Epoch3_1-Clarity1, code_body: [..], clarity_version: Some(Clarity1))",
        vm_error: "None [NON-CONSENSUS BREAKING]",
        return_type: Response(ResponseData(
          committed: true,
          data: Bool(true),
        )),
        cost: ExecutionCost(
          write_length: 62,
          write_count: 2,
          read_length: 1,
          read_count: 1,
          runtime: 9659,
        ),
      ),
    ],
    total_block_cost: ExecutionCost(
      write_length: 62,
      write_count: 2,
      read_length: 1,
      read_count: 1,
      runtime: 9659,
    ),
  )),
  Success(ExpectedBlockOutput(
    marf_hash: "65c624c34c9f1850846d1ae7f843e329d3460d58e26f5e647f7a1e4149be5882",
    evaluated_epoch: Epoch31,
    transactions: [
      ExpectedTransactionOutput(
        tx: "SmartContract(name: check-error-kind-Epoch3_1-Clarity2, code_body: [..], clarity_version: Some(Clarity2))",
        vm_error: "None [NON-CONSENSUS BREAKING]",
        return_type: Response(ResponseData(
          committed: true,
          data: Bool(true),
        )),
        cost: ExecutionCost(
          write_length: 62,
          write_count: 2,
          read_length: 1,
          read_count: 1,
          runtime: 9659,
        ),
      ),
    ],
    total_block_cost: ExecutionCost(
      write_length: 62,
      write_count: 2,
      read_length: 1,
      read_count: 1,
      runtime: 9659,
    ),
  )),
  Success(ExpectedBlockOutput(
    marf_hash: "402bd0f1f96fab4c78687764f8fe8d159397344eac71ea310e9d9ba967f11757",
    evaluated_epoch: Epoch31,
    transactions: [
      ExpectedTransactionOutput(
        tx: "SmartContract(name: check-error-kind-Epoch3_1-Clarity3, code_body: [..], clarity_version: Some(Clarity3))",
        vm_error: "None [NON-CONSENSUS BREAKING]",
        return_type: Response(ResponseData(
          committed: true,
          data: Bool(true),
        )),
        cost: ExecutionCost(
          write_length: 62,
          write_count: 2,
          read_length: 1,
          read_count: 1,
          runtime: 9659,
        ),
      ),
    ],
    total_block_cost: ExecutionCost(
      write_length: 62,
      write_count: 2,
      read_length: 1,
      read_count: 1,
      runtime: 9659,
    ),
  )),
  Success(ExpectedBlockOutput(
    marf_hash: "4aad9364812fa6d9626fdda216f8d54865f203f453ce4d25b38c8640b463e625",
    evaluated_epoch: Epoch32,
    transactions: [
      ExpectedTransactionOutput(
        tx: "SmartContract(name: check-error-kind-Epoch3_2-Clarity1, code_body: [..], clarity_version: Some(Clarity1))",
        vm_error: "None [NON-CONSENSUS BREAKING]",
        return_type: Response(ResponseData(
          committed: true,
          data: Bool(true),
        )),
        cost: ExecutionCost(
          write_length: 62,
          write_count: 2,
          read_length: 1,
          read_count: 1,
          runtime: 9659,
        ),
      ),
    ],
    total_block_cost: ExecutionCost(
      write_length: 62,
      write_count: 2,
      read_length: 1,
      read_count: 1,
      runtime: 9659,
    ),
  )),
  Success(ExpectedBlockOutput(
    marf_hash: "3f1ed7257a53cd598eb2258d1f2c9dd45f1aff51423a0dd9b4396cea7ae541bb",
    evaluated_epoch: Epoch32,
    transactions: [
      ExpectedTransactionOutput(
        tx: "SmartContract(name: check-error-kind-Epoch3_2-Clarity2, code_body: [..], clarity_version: Some(Clarity2))",
        vm_error: "None [NON-CONSENSUS BREAKING]",
        return_type: Response(ResponseData(
          committed: true,
          data: Bool(true),
        )),
        cost: ExecutionCost(
          write_length: 62,
          write_count: 2,
          read_length: 1,
          read_count: 1,
          runtime: 9659,
        ),
      ),
    ],
    total_block_cost: ExecutionCost(
      write_length: 62,
      write_count: 2,
      read_length: 1,
      read_count: 1,
      runtime: 9659,
    ),
  )),
  Success(ExpectedBlockOutput(
    marf_hash: "9be3e2ad4690f386067fba8ef490b1f3a6950a476389bca0700078447ac07b5c",
    evaluated_epoch: Epoch32,
    transactions: [
      ExpectedTransactionOutput(
        tx: "SmartContract(name: check-error-kind-Epoch3_2-Clarity3, code_body: [..], clarity_version: Some(Clarity3))",
        vm_error: "None [NON-CONSENSUS BREAKING]",
        return_type: Response(ResponseData(
          committed: true,
          data: Bool(true),
        )),
        cost: ExecutionCost(
          write_length: 62,
          write_count: 2,
          read_length: 1,
          read_count: 1,
          runtime: 9659,
        ),
      ),
    ],
    total_block_cost: ExecutionCost(
      write_length: 62,
      write_count: 2,
      read_length: 1,
      read_count: 1,
      runtime: 9659,
    ),
  )),
  Success(ExpectedBlockOutput(
    marf_hash: "c031d2e8a188a239bd60a70f715c85fef2f6abfe3169905c9ff08e2ea5eb87a6",
    evaluated_epoch: Epoch33,
    transactions: [
      ExpectedTransactionOutput(
        tx: "SmartContract(name: check-error-kind-Epoch3_3-Clarity1, code_body: [..], clarity_version: Some(Clarity1))",
        vm_error: "None [NON-CONSENSUS BREAKING]",
        return_type: Response(ResponseData(
          committed: true,
          data: Bool(true),
        )),
        cost: ExecutionCost(
          write_length: 62,
          write_count: 2,
          read_length: 1,
          read_count: 1,
          runtime: 9659,
        ),
      ),
    ],
    total_block_cost: ExecutionCost(
      write_length: 62,
      write_count: 2,
      read_length: 1,
      read_count: 1,
      runtime: 9659,
    ),
  )),
  Success(ExpectedBlockOutput(
    marf_hash: "01d0d2283090592717e6c2b3d1649a60aa8ab1c4d4630179aad574f7197426dd",
    evaluated_epoch: Epoch33,
    transactions: [
      ExpectedTransactionOutput(
        tx: "SmartContract(name: check-error-kind-Epoch3_3-Clarity2, code_body: [..], clarity_version: Some(Clarity2))",
        vm_error: "None [NON-CONSENSUS BREAKING]",
        return_type: Response(ResponseData(
          committed: true,
          data: Bool(true),
        )),
        cost: ExecutionCost(
          write_length: 62,
          write_count: 2,
          read_length: 1,
          read_count: 1,
          runtime: 9659,
        ),
      ),
    ],
    total_block_cost: ExecutionCost(
      write_length: 62,
      write_count: 2,
      read_length: 1,
      read_count: 1,
      runtime: 9659,
    ),
  )),
  Success(ExpectedBlockOutput(
    marf_hash: "8e99338df9ec66c8904a103e718d8df7fe19030eeb93cb34cf9c667fdb1e10b9",
    evaluated_epoch: Epoch33,
    transactions: [
      ExpectedTransactionOutput(
        tx: "SmartContract(name: check-error-kind-Epoch3_3-Clarity3, code_body: [..], clarity_version: Some(Clarity3))",
        vm_error: "None [NON-CONSENSUS BREAKING]",
        return_type: Response(ResponseData(
          committed: true,
          data: Bool(true),
        )),
        cost: ExecutionCost(
          write_length: 62,
          write_count: 2,
          read_length: 1,
          read_count: 1,
          runtime: 9659,
        ),
      ),
    ],
    total_block_cost: ExecutionCost(
      write_length: 62,
      write_count: 2,
      read_length: 1,
      read_count: 1,
      runtime: 9659,
    ),
  )),
  Success(ExpectedBlockOutput(
    marf_hash: "4a6cc5e21c5541e5cbb299dbef581759e9508d94b7ec6df065eda96d556c7a35",
    evaluated_epoch: Epoch33,
    transactions: [
      ExpectedTransactionOutput(
        tx: "SmartContract(name: check-error-kind-Epoch3_3-Clarity4, code_body: [..], clarity_version: Some(Clarity4))",
        vm_error: "None [NON-CONSENSUS BREAKING]",
        return_type: Response(ResponseData(
          committed: true,
          data: Bool(true),
        )),
        cost: ExecutionCost(
          write_length: 62,
          write_count: 2,
          read_length: 1,
          read_count: 1,
          runtime: 9659,
        ),
      ),
    ],
    total_block_cost: ExecutionCost(
      write_length: 62,
      write_count: 2,
      read_length: 1,
      read_count: 1,
      runtime: 9659,
    ),
  )),
  Success(ExpectedBlockOutput(
    marf_hash: "a0d7555872e10d8638bcc2844b15b520d08ca9dd04e21a5bf448d7b2be0c51e7",
    evaluated_epoch: Epoch34,
    transactions: [
      ExpectedTransactionOutput(
        tx: "SmartContract(name: check-error-kind-Epoch3_4-Clarity1, code_body: [..], clarity_version: Some(Clarity1))",
        vm_error: "None [NON-CONSENSUS BREAKING]",
        return_type: Response(ResponseData(
          committed: true,
          data: Bool(true),
        )),
        cost: ExecutionCost(
          write_length: 62,
          write_count: 2,
          read_length: 1,
          read_count: 1,
          runtime: 9659,
        ),
      ),
    ],
    total_block_cost: ExecutionCost(
      write_length: 62,
      write_count: 2,
      read_length: 1,
      read_count: 1,
      runtime: 9659,
    ),
  )),
  Success(ExpectedBlockOutput(
    marf_hash: "c2588a633139e0c36f2f0550bd19fff20e8ea9b86845ec3fa4cd641a11149826",
    evaluated_epoch: Epoch34,
    transactions: [
      ExpectedTransactionOutput(
        tx: "SmartContract(name: check-error-kind-Epoch3_4-Clarity2, code_body: [..], clarity_version: Some(Clarity2))",
        vm_error: "None [NON-CONSENSUS BREAKING]",
        return_type: Response(ResponseData(
          committed: true,
          data: Bool(true),
        )),
        cost: ExecutionCost(
          write_length: 62,
          write_count: 2,
          read_length: 1,
          read_count: 1,
          runtime: 9659,
        ),
      ),
    ],
    total_block_cost: ExecutionCost(
      write_length: 62,
      write_count: 2,
      read_length: 1,
      read_count: 1,
      runtime: 9659,
    ),
  )),
  Success(ExpectedBlockOutput(
    marf_hash: "2d9c80bbac5217f2ac7ca5d8509df83ee2caaf9d03100516106492b3365a134c",
    evaluated_epoch: Epoch34,
    transactions: [
      ExpectedTransactionOutput(
        tx: "SmartContract(name: check-error-kind-Epoch3_4-Clarity3, code_body: [..], clarity_version: Some(Clarity3))",
        vm_error: "None [NON-CONSENSUS BREAKING]",
        return_type: Response(ResponseData(
          committed: true,
          data: Bool(true),
        )),
        cost: ExecutionCost(
          write_length: 62,
          write_count: 2,
          read_length: 1,
          read_count: 1,
          runtime: 9659,
        ),
      ),
    ],
    total_block_cost: ExecutionCost(
      write_length: 62,
      write_count: 2,
      read_length: 1,
      read_count: 1,
      runtime: 9659,
    ),
  )),
  Success(ExpectedBlockOutput(
    marf_hash: "639a40d5f184b05a95bc0ad03a88455cc0b3edebb75d9c5092fe3a50b29c3bac",
    evaluated_epoch: Epoch34,
    transactions: [
      ExpectedTransactionOutput(
        tx: "SmartContract(name: check-error-kind-Epoch3_4-Clarity4, code_body: [..], clarity_version: Some(Clarity4))",
        vm_error: "None [NON-CONSENSUS BREAKING]",
        return_type: Response(ResponseData(
          committed: true,
          data: Bool(true),
        )),
        cost: ExecutionCost(
          write_length: 62,
          write_count: 2,
          read_length: 1,
          read_count: 1,
          runtime: 9659,
        ),
      ),
    ],
    total_block_cost: ExecutionCost(
      write_length: 62,
      write_count: 2,
      read_length: 1,
      read_count: 1,
      runtime: 9659,
    ),
  )),
  Success(ExpectedBlockOutput(
    marf_hash: "f0f22b4e510347a5d729526ed25f6e270125182630504e3a8ce8e2891c834f61",
    evaluated_epoch: Epoch34,
    transactions: [
      ExpectedTransactionOutput(
        tx: "SmartContract(name: check-error-kind-Epoch3_4-Clarity5, code_body: [..], clarity_version: Some(Clarity5))",
        vm_error: "None [NON-CONSENSUS BREAKING]",
        return_type: Response(ResponseData(
          committed: true,
          data: Bool(true),
        )),
        cost: ExecutionCost(
          write_length: 62,
          write_count: 2,
          read_length: 1,
          read_count: 1,
          runtime: 9659,
        ),
      ),
    ],
    total_block_cost: ExecutionCost(
      write_length: 62,
      write_count: 2,
      read_length: 1,
      read_count: 1,
      runtime: 9659,
    ),
  )),
  Success(ExpectedBlockOutput(
    marf_hash: "99d24c3377f19bc5178be6a32a92d60586793fb737b514cc4d14617b5615e249",
    evaluated_epoch: Epoch34,
    transactions: [
      ExpectedTransactionOutput(
        tx: "ContractCall(address: ST1AW6EKPGT61SQ9FNVDS17RKNWT8ZP582VF9HSCP, contract_name: check-error-kind-Epoch2_0-Clarity1, function_name: trigger-error, function_args: [[Bool(true), Bool(true)]])",
        vm_error: "Some(IncorrectArgumentCount(1, 2)) [NON-CONSENSUS BREAKING]",
        return_type: Response(ResponseData(
          committed: false,
          data: Optional(OptionalData(
            data: None,
          )),
        )),
        cost: ExecutionCost(
          write_length: 0,
          write_count: 0,
          read_length: 51,
          read_count: 3,
          runtime: 175,
        ),
      ),
    ],
    total_block_cost: ExecutionCost(
      write_length: 0,
      write_count: 0,
      read_length: 51,
      read_count: 3,
      runtime: 175,
    ),
  )),
  Success(ExpectedBlockOutput(
    marf_hash: "335ae5ac85228ea9a05e43dcbc62b3d398545388f5a8626ba6878da88d663ed9",
    evaluated_epoch: Epoch34,
    transactions: [
      ExpectedTransactionOutput(
        tx: "ContractCall(address: ST1AW6EKPGT61SQ9FNVDS17RKNWT8ZP582VF9HSCP, contract_name: check-error-kind-Epoch2_05-Clarity1, function_name: trigger-error, function_args: [[Bool(true), Bool(true)]])",
        vm_error: "Some(IncorrectArgumentCount(1, 2)) [NON-CONSENSUS BREAKING]",
        return_type: Response(ResponseData(
          committed: false,
          data: Optional(OptionalData(
            data: None,
          )),
        )),
        cost: ExecutionCost(
          write_length: 0,
          write_count: 0,
          read_length: 51,
          read_count: 3,
          runtime: 175,
        ),
      ),
    ],
    total_block_cost: ExecutionCost(
      write_length: 0,
      write_count: 0,
      read_length: 51,
      read_count: 3,
      runtime: 175,
    ),
  )),
  Success(ExpectedBlockOutput(
    marf_hash: "dfcb9fcf490246888b347487aee6fc540be0a5cac29004538bf4146930b256de",
    evaluated_epoch: Epoch34,
    transactions: [
      ExpectedTransactionOutput(
        tx: "ContractCall(address: ST1AW6EKPGT61SQ9FNVDS17RKNWT8ZP582VF9HSCP, contract_name: check-error-kind-Epoch2_1-Clarity1, function_name: trigger-error, function_args: [[Bool(true), Bool(true)]])",
        vm_error: "Some(IncorrectArgumentCount(1, 2)) [NON-CONSENSUS BREAKING]",
        return_type: Response(ResponseData(
          committed: false,
          data: Optional(OptionalData(
            data: None,
          )),
        )),
        cost: ExecutionCost(
          write_length: 0,
          write_count: 0,
          read_length: 51,
          read_count: 3,
          runtime: 175,
        ),
      ),
    ],
    total_block_cost: ExecutionCost(
      write_length: 0,
      write_count: 0,
      read_length: 51,
      read_count: 3,
      runtime: 175,
    ),
  )),
  Success(ExpectedBlockOutput(
    marf_hash: "da766edddedd822c7da678f82b7dfc47dd00dc84455d8af5ad56737ee358c825",
    evaluated_epoch: Epoch34,
    transactions: [
      ExpectedTransactionOutput(
        tx: "ContractCall(address: ST1AW6EKPGT61SQ9FNVDS17RKNWT8ZP582VF9HSCP, contract_name: check-error-kind-Epoch2_1-Clarity2, function_name: trigger-error, function_args: [[Bool(true), Bool(true)]])",
        vm_error: "Some(IncorrectArgumentCount(1, 2)) [NON-CONSENSUS BREAKING]",
        return_type: Response(ResponseData(
          committed: false,
          data: Optional(OptionalData(
            data: None,
          )),
        )),
        cost: ExecutionCost(
          write_length: 0,
          write_count: 0,
          read_length: 51,
          read_count: 3,
          runtime: 175,
        ),
      ),
    ],
    total_block_cost: ExecutionCost(
      write_length: 0,
      write_count: 0,
      read_length: 51,
      read_count: 3,
      runtime: 175,
    ),
  )),
  Success(ExpectedBlockOutput(
    marf_hash: "4b63747eecfc72c49a114086d14f22a2158341f70a4e958dea1ebc0c566daeb6",
    evaluated_epoch: Epoch34,
    transactions: [
      ExpectedTransactionOutput(
        tx: "ContractCall(address: ST1AW6EKPGT61SQ9FNVDS17RKNWT8ZP582VF9HSCP, contract_name: check-error-kind-Epoch2_2-Clarity1, function_name: trigger-error, function_args: [[Bool(true), Bool(true)]])",
        vm_error: "Some(IncorrectArgumentCount(1, 2)) [NON-CONSENSUS BREAKING]",
        return_type: Response(ResponseData(
          committed: false,
          data: Optional(OptionalData(
            data: None,
          )),
        )),
        cost: ExecutionCost(
          write_length: 0,
          write_count: 0,
          read_length: 51,
          read_count: 3,
          runtime: 175,
        ),
      ),
    ],
    total_block_cost: ExecutionCost(
      write_length: 0,
      write_count: 0,
      read_length: 51,
      read_count: 3,
      runtime: 175,
    ),
  )),
  Success(ExpectedBlockOutput(
    marf_hash: "477313e6cbb6fef294611fc340ab6555f47aba82db5fa24547819e86e10146b7",
    evaluated_epoch: Epoch34,
    transactions: [
      ExpectedTransactionOutput(
        tx: "ContractCall(address: ST1AW6EKPGT61SQ9FNVDS17RKNWT8ZP582VF9HSCP, contract_name: check-error-kind-Epoch2_2-Clarity2, function_name: trigger-error, function_args: [[Bool(true), Bool(true)]])",
        vm_error: "Some(IncorrectArgumentCount(1, 2)) [NON-CONSENSUS BREAKING]",
        return_type: Response(ResponseData(
          committed: false,
          data: Optional(OptionalData(
            data: None,
          )),
        )),
        cost: ExecutionCost(
          write_length: 0,
          write_count: 0,
          read_length: 51,
          read_count: 3,
          runtime: 175,
        ),
      ),
    ],
    total_block_cost: ExecutionCost(
      write_length: 0,
      write_count: 0,
      read_length: 51,
      read_count: 3,
      runtime: 175,
    ),
  )),
  Success(ExpectedBlockOutput(
    marf_hash: "cb084377f285ee194ae268de40bc99a27c864881e93cf2d61a5db558bf6a447a",
    evaluated_epoch: Epoch34,
    transactions: [
      ExpectedTransactionOutput(
        tx: "ContractCall(address: ST1AW6EKPGT61SQ9FNVDS17RKNWT8ZP582VF9HSCP, contract_name: check-error-kind-Epoch2_3-Clarity1, function_name: trigger-error, function_args: [[Bool(true), Bool(true)]])",
        vm_error: "Some(IncorrectArgumentCount(1, 2)) [NON-CONSENSUS BREAKING]",
        return_type: Response(ResponseData(
          committed: false,
          data: Optional(OptionalData(
            data: None,
          )),
        )),
        cost: ExecutionCost(
          write_length: 0,
          write_count: 0,
          read_length: 51,
          read_count: 3,
          runtime: 175,
        ),
      ),
    ],
    total_block_cost: ExecutionCost(
      write_length: 0,
      write_count: 0,
      read_length: 51,
      read_count: 3,
      runtime: 175,
    ),
  )),
  Success(ExpectedBlockOutput(
    marf_hash: "8778a84e09d4ae7f392d7af92cbf6f5e6aabef983490df141a7316ee920f0aaa",
    evaluated_epoch: Epoch34,
    transactions: [
      ExpectedTransactionOutput(
        tx: "ContractCall(address: ST1AW6EKPGT61SQ9FNVDS17RKNWT8ZP582VF9HSCP, contract_name: check-error-kind-Epoch2_3-Clarity2, function_name: trigger-error, function_args: [[Bool(true), Bool(true)]])",
        vm_error: "Some(IncorrectArgumentCount(1, 2)) [NON-CONSENSUS BREAKING]",
        return_type: Response(ResponseData(
          committed: false,
          data: Optional(OptionalData(
            data: None,
          )),
        )),
        cost: ExecutionCost(
          write_length: 0,
          write_count: 0,
          read_length: 51,
          read_count: 3,
          runtime: 175,
        ),
      ),
    ],
    total_block_cost: ExecutionCost(
      write_length: 0,
      write_count: 0,
      read_length: 51,
      read_count: 3,
      runtime: 175,
    ),
  )),
  Success(ExpectedBlockOutput(
    marf_hash: "ddbec639b2b04ce91f08a9fbda6e7311be489d33a5318f238c05d2ad10e480c2",
    evaluated_epoch: Epoch34,
    transactions: [
      ExpectedTransactionOutput(
        tx: "ContractCall(address: ST1AW6EKPGT61SQ9FNVDS17RKNWT8ZP582VF9HSCP, contract_name: check-error-kind-Epoch2_4-Clarity1, function_name: trigger-error, function_args: [[Bool(true), Bool(true)]])",
        vm_error: "Some(IncorrectArgumentCount(1, 2)) [NON-CONSENSUS BREAKING]",
        return_type: Response(ResponseData(
          committed: false,
          data: Optional(OptionalData(
            data: None,
          )),
        )),
        cost: ExecutionCost(
          write_length: 0,
          write_count: 0,
          read_length: 51,
          read_count: 3,
          runtime: 175,
        ),
      ),
    ],
    total_block_cost: ExecutionCost(
      write_length: 0,
      write_count: 0,
      read_length: 51,
      read_count: 3,
      runtime: 175,
    ),
  )),
  Success(ExpectedBlockOutput(
    marf_hash: "91a08d981b0a608472e7511151f30dfbf6c0d5e6b45a49c0303c3e67c64f7945",
    evaluated_epoch: Epoch34,
    transactions: [
      ExpectedTransactionOutput(
        tx: "ContractCall(address: ST1AW6EKPGT61SQ9FNVDS17RKNWT8ZP582VF9HSCP, contract_name: check-error-kind-Epoch2_4-Clarity2, function_name: trigger-error, function_args: [[Bool(true), Bool(true)]])",
        vm_error: "Some(IncorrectArgumentCount(1, 2)) [NON-CONSENSUS BREAKING]",
        return_type: Response(ResponseData(
          committed: false,
          data: Optional(OptionalData(
            data: None,
          )),
        )),
        cost: ExecutionCost(
          write_length: 0,
          write_count: 0,
          read_length: 51,
          read_count: 3,
          runtime: 175,
        ),
      ),
    ],
    total_block_cost: ExecutionCost(
      write_length: 0,
      write_count: 0,
      read_length: 51,
      read_count: 3,
      runtime: 175,
    ),
  )),
  Success(ExpectedBlockOutput(
    marf_hash: "dc858a349a720decc891fe5d877bc1d0e00d07dac5db3ca112895448448803b3",
    evaluated_epoch: Epoch34,
    transactions: [
      ExpectedTransactionOutput(
        tx: "ContractCall(address: ST1AW6EKPGT61SQ9FNVDS17RKNWT8ZP582VF9HSCP, contract_name: check-error-kind-Epoch2_5-Clarity1, function_name: trigger-error, function_args: [[Bool(true), Bool(true)]])",
        vm_error: "Some(IncorrectArgumentCount(1, 2)) [NON-CONSENSUS BREAKING]",
        return_type: Response(ResponseData(
          committed: false,
          data: Optional(OptionalData(
            data: None,
          )),
        )),
        cost: ExecutionCost(
          write_length: 0,
          write_count: 0,
          read_length: 51,
          read_count: 3,
          runtime: 175,
        ),
      ),
    ],
    total_block_cost: ExecutionCost(
      write_length: 0,
      write_count: 0,
      read_length: 51,
      read_count: 3,
      runtime: 175,
    ),
  )),
  Success(ExpectedBlockOutput(
    marf_hash: "9e508a2e023869844a3a693754e193ed3896c815a7bb1b3a7da6ca32c1ad079b",
    evaluated_epoch: Epoch34,
    transactions: [
      ExpectedTransactionOutput(
        tx: "ContractCall(address: ST1AW6EKPGT61SQ9FNVDS17RKNWT8ZP582VF9HSCP, contract_name: check-error-kind-Epoch2_5-Clarity2, function_name: trigger-error, function_args: [[Bool(true), Bool(true)]])",
        vm_error: "Some(IncorrectArgumentCount(1, 2)) [NON-CONSENSUS BREAKING]",
        return_type: Response(ResponseData(
          committed: false,
          data: Optional(OptionalData(
            data: None,
          )),
        )),
        cost: ExecutionCost(
          write_length: 0,
          write_count: 0,
          read_length: 51,
          read_count: 3,
          runtime: 175,
        ),
      ),
    ],
    total_block_cost: ExecutionCost(
      write_length: 0,
      write_count: 0,
      read_length: 51,
      read_count: 3,
      runtime: 175,
    ),
  )),
  Success(ExpectedBlockOutput(
    marf_hash: "d91c299ef08ea035bae5c2719dd863f9db4efc825d1647744367653ec3226803",
    evaluated_epoch: Epoch34,
    transactions: [
      ExpectedTransactionOutput(
        tx: "ContractCall(address: ST1AW6EKPGT61SQ9FNVDS17RKNWT8ZP582VF9HSCP, contract_name: check-error-kind-Epoch3_0-Clarity1, function_name: trigger-error, function_args: [[Bool(true), Bool(true)]])",
        vm_error: "Some(IncorrectArgumentCount(1, 2)) [NON-CONSENSUS BREAKING]",
        return_type: Response(ResponseData(
          committed: false,
          data: Optional(OptionalData(
            data: None,
          )),
        )),
        cost: ExecutionCost(
          write_length: 0,
          write_count: 0,
          read_length: 51,
          read_count: 3,
          runtime: 175,
        ),
      ),
    ],
    total_block_cost: ExecutionCost(
      write_length: 0,
      write_count: 0,
      read_length: 51,
      read_count: 3,
      runtime: 175,
    ),
  )),
  Success(ExpectedBlockOutput(
    marf_hash: "60fd2b9df0e6d92db2ecbdeb4b2e2ae8c04123a13815fe37b3dad7decc5c48fa",
    evaluated_epoch: Epoch34,
    transactions: [
      ExpectedTransactionOutput(
        tx: "ContractCall(address: ST1AW6EKPGT61SQ9FNVDS17RKNWT8ZP582VF9HSCP, contract_name: check-error-kind-Epoch3_0-Clarity2, function_name: trigger-error, function_args: [[Bool(true), Bool(true)]])",
        vm_error: "Some(IncorrectArgumentCount(1, 2)) [NON-CONSENSUS BREAKING]",
        return_type: Response(ResponseData(
          committed: false,
          data: Optional(OptionalData(
            data: None,
          )),
        )),
        cost: ExecutionCost(
          write_length: 0,
          write_count: 0,
          read_length: 51,
          read_count: 3,
          runtime: 175,
        ),
      ),
    ],
    total_block_cost: ExecutionCost(
      write_length: 0,
      write_count: 0,
      read_length: 51,
      read_count: 3,
      runtime: 175,
    ),
  )),
  Success(ExpectedBlockOutput(
    marf_hash: "701bedda5b1f3254ad9396d769337c758f2387341cf7e8b17c52bfa4a5c71eb1",
    evaluated_epoch: Epoch34,
    transactions: [
      ExpectedTransactionOutput(
        tx: "ContractCall(address: ST1AW6EKPGT61SQ9FNVDS17RKNWT8ZP582VF9HSCP, contract_name: check-error-kind-Epoch3_0-Clarity3, function_name: trigger-error, function_args: [[Bool(true), Bool(true)]])",
        vm_error: "Some(IncorrectArgumentCount(1, 2)) [NON-CONSENSUS BREAKING]",
        return_type: Response(ResponseData(
          committed: false,
          data: Optional(OptionalData(
            data: None,
          )),
        )),
        cost: ExecutionCost(
          write_length: 0,
          write_count: 0,
          read_length: 51,
          read_count: 3,
          runtime: 175,
        ),
      ),
    ],
    total_block_cost: ExecutionCost(
      write_length: 0,
      write_count: 0,
      read_length: 51,
      read_count: 3,
      runtime: 175,
    ),
  )),
  Success(ExpectedBlockOutput(
    marf_hash: "fdb397e4c85f4a8f0cb38002d93ba6c18e76b0b5f81e5a5e677bb36cc2e4b59e",
    evaluated_epoch: Epoch34,
    transactions: [
      ExpectedTransactionOutput(
        tx: "ContractCall(address: ST1AW6EKPGT61SQ9FNVDS17RKNWT8ZP582VF9HSCP, contract_name: check-error-kind-Epoch3_1-Clarity1, function_name: trigger-error, function_args: [[Bool(true), Bool(true)]])",
        vm_error: "Some(IncorrectArgumentCount(1, 2)) [NON-CONSENSUS BREAKING]",
        return_type: Response(ResponseData(
          committed: false,
          data: Optional(OptionalData(
            data: None,
          )),
        )),
        cost: ExecutionCost(
          write_length: 0,
          write_count: 0,
          read_length: 51,
          read_count: 3,
          runtime: 175,
        ),
      ),
    ],
    total_block_cost: ExecutionCost(
      write_length: 0,
      write_count: 0,
      read_length: 51,
      read_count: 3,
      runtime: 175,
    ),
  )),
  Success(ExpectedBlockOutput(
    marf_hash: "7ebd40c79fd05a28a18387de158b876a3e4044a13d4469c47a24749709f77fbd",
    evaluated_epoch: Epoch34,
    transactions: [
      ExpectedTransactionOutput(
        tx: "ContractCall(address: ST1AW6EKPGT61SQ9FNVDS17RKNWT8ZP582VF9HSCP, contract_name: check-error-kind-Epoch3_1-Clarity2, function_name: trigger-error, function_args: [[Bool(true), Bool(true)]])",
        vm_error: "Some(IncorrectArgumentCount(1, 2)) [NON-CONSENSUS BREAKING]",
        return_type: Response(ResponseData(
          committed: false,
          data: Optional(OptionalData(
            data: None,
          )),
        )),
        cost: ExecutionCost(
          write_length: 0,
          write_count: 0,
          read_length: 51,
          read_count: 3,
          runtime: 175,
        ),
      ),
    ],
    total_block_cost: ExecutionCost(
      write_length: 0,
      write_count: 0,
      read_length: 51,
      read_count: 3,
      runtime: 175,
    ),
  )),
  Success(ExpectedBlockOutput(
    marf_hash: "5327cb7b162c3cf9fb0f51e6121bf66994358c723907773a4c14c165e37b0732",
    evaluated_epoch: Epoch34,
    transactions: [
      ExpectedTransactionOutput(
        tx: "ContractCall(address: ST1AW6EKPGT61SQ9FNVDS17RKNWT8ZP582VF9HSCP, contract_name: check-error-kind-Epoch3_1-Clarity3, function_name: trigger-error, function_args: [[Bool(true), Bool(true)]])",
        vm_error: "Some(IncorrectArgumentCount(1, 2)) [NON-CONSENSUS BREAKING]",
        return_type: Response(ResponseData(
          committed: false,
          data: Optional(OptionalData(
            data: None,
          )),
        )),
        cost: ExecutionCost(
          write_length: 0,
          write_count: 0,
          read_length: 51,
          read_count: 3,
          runtime: 175,
        ),
      ),
    ],
    total_block_cost: ExecutionCost(
      write_length: 0,
      write_count: 0,
      read_length: 51,
      read_count: 3,
      runtime: 175,
    ),
  )),
  Success(ExpectedBlockOutput(
    marf_hash: "ef236710f3949e37bc35a71ce5042610983c9d233d623de41bb119e167271e9f",
    evaluated_epoch: Epoch34,
    transactions: [
      ExpectedTransactionOutput(
        tx: "ContractCall(address: ST1AW6EKPGT61SQ9FNVDS17RKNWT8ZP582VF9HSCP, contract_name: check-error-kind-Epoch3_2-Clarity1, function_name: trigger-error, function_args: [[Bool(true), Bool(true)]])",
        vm_error: "Some(IncorrectArgumentCount(1, 2)) [NON-CONSENSUS BREAKING]",
        return_type: Response(ResponseData(
          committed: false,
          data: Optional(OptionalData(
            data: None,
          )),
        )),
        cost: ExecutionCost(
          write_length: 0,
          write_count: 0,
          read_length: 51,
          read_count: 3,
          runtime: 175,
        ),
      ),
    ],
    total_block_cost: ExecutionCost(
      write_length: 0,
      write_count: 0,
      read_length: 51,
      read_count: 3,
      runtime: 175,
    ),
  )),
  Success(ExpectedBlockOutput(
    marf_hash: "6b4bc5df8a625a948fad9a2f6388e01eaf2bd6198e6bb4b169deb24b6cb0774e",
    evaluated_epoch: Epoch34,
    transactions: [
      ExpectedTransactionOutput(
        tx: "ContractCall(address: ST1AW6EKPGT61SQ9FNVDS17RKNWT8ZP582VF9HSCP, contract_name: check-error-kind-Epoch3_2-Clarity2, function_name: trigger-error, function_args: [[Bool(true), Bool(true)]])",
        vm_error: "Some(IncorrectArgumentCount(1, 2)) [NON-CONSENSUS BREAKING]",
        return_type: Response(ResponseData(
          committed: false,
          data: Optional(OptionalData(
            data: None,
          )),
        )),
        cost: ExecutionCost(
          write_length: 0,
          write_count: 0,
          read_length: 51,
          read_count: 3,
          runtime: 175,
        ),
      ),
    ],
    total_block_cost: ExecutionCost(
      write_length: 0,
      write_count: 0,
      read_length: 51,
      read_count: 3,
      runtime: 175,
    ),
  )),
  Success(ExpectedBlockOutput(
    marf_hash: "d7b10c4ba1eac767a59d67721eaf88ddd4821f728694ca79d21e416c8d2cddcb",
    evaluated_epoch: Epoch34,
    transactions: [
      ExpectedTransactionOutput(
        tx: "ContractCall(address: ST1AW6EKPGT61SQ9FNVDS17RKNWT8ZP582VF9HSCP, contract_name: check-error-kind-Epoch3_2-Clarity3, function_name: trigger-error, function_args: [[Bool(true), Bool(true)]])",
        vm_error: "Some(IncorrectArgumentCount(1, 2)) [NON-CONSENSUS BREAKING]",
        return_type: Response(ResponseData(
          committed: false,
          data: Optional(OptionalData(
            data: None,
          )),
        )),
        cost: ExecutionCost(
          write_length: 0,
          write_count: 0,
          read_length: 51,
          read_count: 3,
          runtime: 175,
        ),
      ),
    ],
    total_block_cost: ExecutionCost(
      write_length: 0,
      write_count: 0,
      read_length: 51,
      read_count: 3,
      runtime: 175,
    ),
  )),
  Success(ExpectedBlockOutput(
    marf_hash: "0184474c56517eb73093e751f546506573b054c01bcb721aa0bcae67d157f9e2",
    evaluated_epoch: Epoch34,
    transactions: [
      ExpectedTransactionOutput(
        tx: "ContractCall(address: ST1AW6EKPGT61SQ9FNVDS17RKNWT8ZP582VF9HSCP, contract_name: check-error-kind-Epoch3_3-Clarity1, function_name: trigger-error, function_args: [[Bool(true), Bool(true)]])",
        vm_error: "Some(IncorrectArgumentCount(1, 2)) [NON-CONSENSUS BREAKING]",
        return_type: Response(ResponseData(
          committed: false,
          data: Optional(OptionalData(
            data: None,
          )),
        )),
        cost: ExecutionCost(
          write_length: 0,
          write_count: 0,
          read_length: 51,
          read_count: 3,
          runtime: 175,
        ),
      ),
    ],
    total_block_cost: ExecutionCost(
      write_length: 0,
      write_count: 0,
      read_length: 51,
      read_count: 3,
      runtime: 175,
    ),
  )),
  Success(ExpectedBlockOutput(
    marf_hash: "77be2f8c15ac78a02eee24cf527fabb8e0f131dd9fde6b6b3f69cd28ca2cf409",
    evaluated_epoch: Epoch34,
    transactions: [
      ExpectedTransactionOutput(
        tx: "ContractCall(address: ST1AW6EKPGT61SQ9FNVDS17RKNWT8ZP582VF9HSCP, contract_name: check-error-kind-Epoch3_3-Clarity2, function_name: trigger-error, function_args: [[Bool(true), Bool(true)]])",
        vm_error: "Some(IncorrectArgumentCount(1, 2)) [NON-CONSENSUS BREAKING]",
        return_type: Response(ResponseData(
          committed: false,
          data: Optional(OptionalData(
            data: None,
          )),
        )),
        cost: ExecutionCost(
          write_length: 0,
          write_count: 0,
          read_length: 51,
          read_count: 3,
          runtime: 175,
        ),
      ),
    ],
    total_block_cost: ExecutionCost(
      write_length: 0,
      write_count: 0,
      read_length: 51,
      read_count: 3,
      runtime: 175,
    ),
  )),
  Success(ExpectedBlockOutput(
    marf_hash: "c34552dac3d08a640111a794353c93a0b1a491a808cb9ccb3370a9f6fe2dbe90",
    evaluated_epoch: Epoch34,
    transactions: [
      ExpectedTransactionOutput(
        tx: "ContractCall(address: ST1AW6EKPGT61SQ9FNVDS17RKNWT8ZP582VF9HSCP, contract_name: check-error-kind-Epoch3_3-Clarity3, function_name: trigger-error, function_args: [[Bool(true), Bool(true)]])",
        vm_error: "Some(IncorrectArgumentCount(1, 2)) [NON-CONSENSUS BREAKING]",
        return_type: Response(ResponseData(
          committed: false,
          data: Optional(OptionalData(
            data: None,
          )),
        )),
        cost: ExecutionCost(
          write_length: 0,
          write_count: 0,
          read_length: 51,
          read_count: 3,
          runtime: 175,
        ),
      ),
    ],
    total_block_cost: ExecutionCost(
      write_length: 0,
      write_count: 0,
      read_length: 51,
      read_count: 3,
      runtime: 175,
    ),
  )),
  Success(ExpectedBlockOutput(
    marf_hash: "7c8a6e43a48700fbdc873ce786a1f62f873c5835302cd27f96f22f3c7364580a",
    evaluated_epoch: Epoch34,
    transactions: [
      ExpectedTransactionOutput(
        tx: "ContractCall(address: ST1AW6EKPGT61SQ9FNVDS17RKNWT8ZP582VF9HSCP, contract_name: check-error-kind-Epoch3_3-Clarity4, function_name: trigger-error, function_args: [[Bool(true), Bool(true)]])",
        vm_error: "Some(IncorrectArgumentCount(1, 2)) [NON-CONSENSUS BREAKING]",
        return_type: Response(ResponseData(
          committed: false,
          data: Optional(OptionalData(
            data: None,
          )),
        )),
        cost: ExecutionCost(
          write_length: 0,
          write_count: 0,
          read_length: 51,
          read_count: 3,
          runtime: 175,
        ),
      ),
    ],
    total_block_cost: ExecutionCost(
      write_length: 0,
      write_count: 0,
      read_length: 51,
      read_count: 3,
      runtime: 175,
    ),
  )),
  Success(ExpectedBlockOutput(
    marf_hash: "a9684a4e7659bb93b989a725d3dd49671b35d3cc2873905a97da710ea600702f",
    evaluated_epoch: Epoch34,
    transactions: [
      ExpectedTransactionOutput(
        tx: "ContractCall(address: ST1AW6EKPGT61SQ9FNVDS17RKNWT8ZP582VF9HSCP, contract_name: check-error-kind-Epoch3_4-Clarity1, function_name: trigger-error, function_args: [[Bool(true), Bool(true)]])",
        vm_error: "Some(IncorrectArgumentCount(1, 2)) [NON-CONSENSUS BREAKING]",
        return_type: Response(ResponseData(
          committed: false,
          data: Optional(OptionalData(
            data: None,
          )),
        )),
        cost: ExecutionCost(
          write_length: 0,
          write_count: 0,
          read_length: 51,
          read_count: 3,
          runtime: 175,
        ),
      ),
    ],
    total_block_cost: ExecutionCost(
      write_length: 0,
      write_count: 0,
      read_length: 51,
      read_count: 3,
      runtime: 175,
    ),
  )),
  Success(ExpectedBlockOutput(
    marf_hash: "eeba6d4733d718947095b6bf1999155f1a07de5cb60e05eb18bd9e8ce6f66831",
    evaluated_epoch: Epoch34,
    transactions: [
      ExpectedTransactionOutput(
        tx: "ContractCall(address: ST1AW6EKPGT61SQ9FNVDS17RKNWT8ZP582VF9HSCP, contract_name: check-error-kind-Epoch3_4-Clarity2, function_name: trigger-error, function_args: [[Bool(true), Bool(true)]])",
        vm_error: "Some(IncorrectArgumentCount(1, 2)) [NON-CONSENSUS BREAKING]",
        return_type: Response(ResponseData(
          committed: false,
          data: Optional(OptionalData(
            data: None,
          )),
        )),
        cost: ExecutionCost(
          write_length: 0,
          write_count: 0,
          read_length: 51,
          read_count: 3,
          runtime: 175,
        ),
      ),
    ],
    total_block_cost: ExecutionCost(
      write_length: 0,
      write_count: 0,
      read_length: 51,
      read_count: 3,
      runtime: 175,
    ),
  )),
  Success(ExpectedBlockOutput(
    marf_hash: "2b88befe52b74a96628c2112ab1c1d3073c1660c34d3c2ab87d42494fda10c20",
    evaluated_epoch: Epoch34,
    transactions: [
      ExpectedTransactionOutput(
        tx: "ContractCall(address: ST1AW6EKPGT61SQ9FNVDS17RKNWT8ZP582VF9HSCP, contract_name: check-error-kind-Epoch3_4-Clarity3, function_name: trigger-error, function_args: [[Bool(true), Bool(true)]])",
        vm_error: "Some(IncorrectArgumentCount(1, 2)) [NON-CONSENSUS BREAKING]",
        return_type: Response(ResponseData(
          committed: false,
          data: Optional(OptionalData(
            data: None,
          )),
        )),
        cost: ExecutionCost(
          write_length: 0,
          write_count: 0,
          read_length: 51,
          read_count: 3,
          runtime: 175,
        ),
      ),
    ],
    total_block_cost: ExecutionCost(
      write_length: 0,
      write_count: 0,
      read_length: 51,
      read_count: 3,
      runtime: 175,
    ),
  )),
  Success(ExpectedBlockOutput(
    marf_hash: "d191324df18a24b6f99be72035b7c31db26d77386fd7b96d120fd695cdd46f26",
    evaluated_epoch: Epoch34,
    transactions: [
      ExpectedTransactionOutput(
        tx: "ContractCall(address: ST1AW6EKPGT61SQ9FNVDS17RKNWT8ZP582VF9HSCP, contract_name: check-error-kind-Epoch3_4-Clarity4, function_name: trigger-error, function_args: [[Bool(true), Bool(true)]])",
        vm_error: "Some(IncorrectArgumentCount(1, 2)) [NON-CONSENSUS BREAKING]",
        return_type: Response(ResponseData(
          committed: false,
          data: Optional(OptionalData(
            data: None,
          )),
        )),
        cost: ExecutionCost(
          write_length: 0,
          write_count: 0,
          read_length: 51,
          read_count: 3,
          runtime: 175,
        ),
      ),
    ],
    total_block_cost: ExecutionCost(
      write_length: 0,
      write_count: 0,
      read_length: 51,
      read_count: 3,
      runtime: 175,
    ),
  )),
  Success(ExpectedBlockOutput(
    marf_hash: "7be39e5fd7d2f7496159eca94cb36e10c644524a7483704585970bd7cd9fabc3",
    evaluated_epoch: Epoch34,
    transactions: [
      ExpectedTransactionOutput(
        tx: "ContractCall(address: ST1AW6EKPGT61SQ9FNVDS17RKNWT8ZP582VF9HSCP, contract_name: check-error-kind-Epoch3_4-Clarity5, function_name: trigger-error, function_args: [[Bool(true), Bool(true)]])",
        vm_error: "Some(IncorrectArgumentCount(1, 2)) [NON-CONSENSUS BREAKING]",
        return_type: Response(ResponseData(
          committed: false,
          data: Optional(OptionalData(
            data: None,
          )),
        )),
        cost: ExecutionCost(
          write_length: 0,
          write_count: 0,
          read_length: 51,
          read_count: 3,
          runtime: 175,
        ),
      ),
    ],
    total_block_cost: ExecutionCost(
      write_length: 0,
      write_count: 0,
      read_length: 51,
      read_count: 3,
      runtime: 175,
    ),
  )),
]
