---
source: stackslib/src/chainstate/tests/static_analysis_tests.rs
expression: result
---
[
  Success(ExpectedBlockOutput(
    marf_hash: "d19e96e21327da048705c79d98c85990cf3eb4f4311ac020254cc6fcb6996a02",
    evaluated_epoch: Epoch34,
    transactions: [
      ExpectedTransactionOutput(
        tx: "SmartContract(name: empty-tuples-not-Epoch3_4-Clarity1, code_body: [..], clarity_version: Some(Clarity1))",
        vm_error: "Some(:0:0: tuple types may not be empty) [NON-CONSENSUS BREAKING]",
        return_type: Response(ResponseData(
          committed: false,
          data: Optional(OptionalData(
            data: None,
          )),
        )),
        cost: ExecutionCost(
          write_length: 10,
          write_count: 1,
          read_length: 1,
          read_count: 1,
          runtime: 2425,
        ),
      ),
    ],
    total_block_cost: ExecutionCost(
      write_length: 10,
      write_count: 1,
      read_length: 1,
      read_count: 1,
      runtime: 2425,
    ),
  )),
  Success(ExpectedBlockOutput(
    marf_hash: "59f8639079ea6d913fabbf33eb79ace120bed6fdcd6891e2522636f16c8590bc",
    evaluated_epoch: Epoch34,
    transactions: [
      ExpectedTransactionOutput(
        tx: "SmartContract(name: empty-tuples-not-Epoch3_4-Clarity2, code_body: [..], clarity_version: Some(Clarity2))",
        vm_error: "Some(:0:0: tuple types may not be empty) [NON-CONSENSUS BREAKING]",
        return_type: Response(ResponseData(
          committed: false,
          data: Optional(OptionalData(
            data: None,
          )),
        )),
        cost: ExecutionCost(
          write_length: 10,
          write_count: 1,
          read_length: 1,
          read_count: 1,
          runtime: 2425,
        ),
      ),
    ],
    total_block_cost: ExecutionCost(
      write_length: 10,
      write_count: 1,
      read_length: 1,
      read_count: 1,
      runtime: 2425,
    ),
  )),
  Success(ExpectedBlockOutput(
    marf_hash: "5670a011892fd128d57ac84e2e46c43652c0dc0684a183b4bbd1bb1d57cac1f6",
    evaluated_epoch: Epoch34,
    transactions: [
      ExpectedTransactionOutput(
        tx: "SmartContract(name: empty-tuples-not-Epoch3_4-Clarity3, code_body: [..], clarity_version: Some(Clarity3))",
        vm_error: "Some(:0:0: tuple types may not be empty) [NON-CONSENSUS BREAKING]",
        return_type: Response(ResponseData(
          committed: false,
          data: Optional(OptionalData(
            data: None,
          )),
        )),
        cost: ExecutionCost(
          write_length: 10,
          write_count: 1,
          read_length: 1,
          read_count: 1,
          runtime: 2425,
        ),
      ),
    ],
    total_block_cost: ExecutionCost(
      write_length: 10,
      write_count: 1,
      read_length: 1,
      read_count: 1,
      runtime: 2425,
    ),
  )),
  Success(ExpectedBlockOutput(
    marf_hash: "0ad75f4ac0e830b33d875a2f00e95a3e6d2c457a22136380ecdeee82fc917f58",
    evaluated_epoch: Epoch34,
    transactions: [
      ExpectedTransactionOutput(
        tx: "SmartContract(name: empty-tuples-not-Epoch3_4-Clarity4, code_body: [..], clarity_version: Some(Clarity4))",
        vm_error: "Some(:0:0: tuple types may not be empty) [NON-CONSENSUS BREAKING]",
        return_type: Response(ResponseData(
          committed: false,
          data: Optional(OptionalData(
            data: None,
          )),
        )),
        cost: ExecutionCost(
          write_length: 10,
          write_count: 1,
          read_length: 1,
          read_count: 1,
          runtime: 2425,
        ),
      ),
    ],
    total_block_cost: ExecutionCost(
      write_length: 10,
      write_count: 1,
      read_length: 1,
      read_count: 1,
      runtime: 2425,
    ),
  )),
  Success(ExpectedBlockOutput(
    marf_hash: "2bbbdc1dbd99ac384d80a1f888483230beacd12797e1953ca4da69741f0da205",
    evaluated_epoch: Epoch34,
    transactions: [
      ExpectedTransactionOutput(
        tx: "SmartContract(name: empty-tuples-not-Epoch3_4-Clarity5, code_body: [..], clarity_version: Some(Clarity5))",
        vm_error: "Some(:0:0: tuple types may not be empty) [NON-CONSENSUS BREAKING]",
        return_type: Response(ResponseData(
          committed: false,
          data: Optional(OptionalData(
            data: None,
          )),
        )),
        cost: ExecutionCost(
          write_length: 10,
          write_count: 1,
          read_length: 1,
          read_count: 1,
          runtime: 2425,
        ),
      ),
    ],
    total_block_cost: ExecutionCost(
      write_length: 10,
      write_count: 1,
      read_length: 1,
      read_count: 1,
      runtime: 2425,
    ),
  )),
  Success(ExpectedBlockOutput(
    marf_hash: "1522bf19ba20e0d96ba36a9268aaf21d9f3410cc781c785363c172172a5ccbf6",
    evaluated_epoch: Epoch40,
    transactions: [
      ExpectedTransactionOutput(
        tx: "SmartContract(name: empty-tuples-not-Epoch4_0-Clarity1, code_body: [..], clarity_version: Some(Clarity1))",
        vm_error: "Some(:0:0: tuple types may not be empty) [NON-CONSENSUS BREAKING]",
        return_type: Response(ResponseData(
          committed: false,
          data: Optional(OptionalData(
            data: None,
          )),
        )),
        cost: ExecutionCost(
          write_length: 10,
          write_count: 1,
          read_length: 1,
          read_count: 1,
          runtime: 2425,
        ),
      ),
    ],
    total_block_cost: ExecutionCost(
      write_length: 10,
      write_count: 1,
      read_length: 1,
      read_count: 1,
      runtime: 2425,
    ),
  )),
  Success(ExpectedBlockOutput(
    marf_hash: "0c244e2ab3d853844642b1991fff4a9569939a374e8272646d28c26f089dad72",
    evaluated_epoch: Epoch40,
    transactions: [
      ExpectedTransactionOutput(
        tx: "SmartContract(name: empty-tuples-not-Epoch4_0-Clarity2, code_body: [..], clarity_version: Some(Clarity2))",
        vm_error: "Some(:0:0: tuple types may not be empty) [NON-CONSENSUS BREAKING]",
        return_type: Response(ResponseData(
          committed: false,
          data: Optional(OptionalData(
            data: None,
          )),
        )),
        cost: ExecutionCost(
          write_length: 10,
          write_count: 1,
          read_length: 1,
          read_count: 1,
          runtime: 2425,
        ),
      ),
    ],
    total_block_cost: ExecutionCost(
      write_length: 10,
      write_count: 1,
      read_length: 1,
      read_count: 1,
      runtime: 2425,
    ),
  )),
  Success(ExpectedBlockOutput(
    marf_hash: "99aa683317ebade9096bed985935da9bfeffcf636d1966bc700d65b8286b3d03",
    evaluated_epoch: Epoch40,
    transactions: [
      ExpectedTransactionOutput(
        tx: "SmartContract(name: empty-tuples-not-Epoch4_0-Clarity3, code_body: [..], clarity_version: Some(Clarity3))",
        vm_error: "Some(:0:0: tuple types may not be empty) [NON-CONSENSUS BREAKING]",
        return_type: Response(ResponseData(
          committed: false,
          data: Optional(OptionalData(
            data: None,
          )),
        )),
        cost: ExecutionCost(
          write_length: 10,
          write_count: 1,
          read_length: 1,
          read_count: 1,
          runtime: 2425,
        ),
      ),
    ],
    total_block_cost: ExecutionCost(
      write_length: 10,
      write_count: 1,
      read_length: 1,
      read_count: 1,
      runtime: 2425,
    ),
  )),
  Success(ExpectedBlockOutput(
    marf_hash: "0fb764311d8eb3635f8355c06a8f4d6c4f2a7114e0133cf8531270c799986644",
    evaluated_epoch: Epoch40,
    transactions: [
      ExpectedTransactionOutput(
        tx: "SmartContract(name: empty-tuples-not-Epoch4_0-Clarity4, code_body: [..], clarity_version: Some(Clarity4))",
        vm_error: "Some(:0:0: tuple types may not be empty) [NON-CONSENSUS BREAKING]",
        return_type: Response(ResponseData(
          committed: false,
          data: Optional(OptionalData(
            data: None,
          )),
        )),
        cost: ExecutionCost(
          write_length: 10,
          write_count: 1,
          read_length: 1,
          read_count: 1,
          runtime: 2425,
        ),
      ),
    ],
    total_block_cost: ExecutionCost(
      write_length: 10,
      write_count: 1,
      read_length: 1,
      read_count: 1,
      runtime: 2425,
    ),
  )),
  Success(ExpectedBlockOutput(
    marf_hash: "03d638198c8167166c58e87fa3effe46a0a8187ee4a2c4a90fda8162fa08dc12",
    evaluated_epoch: Epoch40,
    transactions: [
      ExpectedTransactionOutput(
        tx: "SmartContract(name: empty-tuples-not-Epoch4_0-Clarity5, code_body: [..], clarity_version: Some(Clarity5))",
        vm_error: "Some(:0:0: tuple types may not be empty) [NON-CONSENSUS BREAKING]",
        return_type: Response(ResponseData(
          committed: false,
          data: Optional(OptionalData(
            data: None,
          )),
        )),
        cost: ExecutionCost(
          write_length: 10,
          write_count: 1,
          read_length: 1,
          read_count: 1,
          runtime: 2425,
        ),
      ),
    ],
    total_block_cost: ExecutionCost(
      write_length: 10,
      write_count: 1,
      read_length: 1,
      read_count: 1,
      runtime: 2425,
    ),
  )),
  Success(ExpectedBlockOutput(
    marf_hash: "77a9387bc9b81186b13e0438ab74fdf30e08b4108140ccc85efec9fbf892647f",
    evaluated_epoch: Epoch40,
    transactions: [
      ExpectedTransactionOutput(
        tx: "SmartContract(name: empty-tuples-not-Epoch4_0-Clarity6, code_body: [..], clarity_version: Some(Clarity6))",
        vm_error: "Some(:0:0: tuple types may not be empty) [NON-CONSENSUS BREAKING]",
        return_type: Response(ResponseData(
          committed: false,
          data: Optional(OptionalData(
            data: None,
          )),
        )),
        cost: ExecutionCost(
          write_length: 10,
          write_count: 1,
          read_length: 1,
          read_count: 1,
          runtime: 2425,
        ),
      ),
    ],
    total_block_cost: ExecutionCost(
      write_length: 10,
      write_count: 1,
      read_length: 1,
      read_count: 1,
      runtime: 2425,
    ),
  )),
]
