---
source: stackslib/src/chainstate/tests/runtime_tests.rs
expression: result.get_expected_results()
---
[
  Success(ExpectedBlockOutput(
    marf_hash: "c1f4dfa600d564c0bf1f79ee9e19e3f31895ea31acdccf4d1e551c0b9fdf9d92",
    evaluated_epoch: Epoch20,
    transactions: [
      ExpectedTransactionOutput(
        tx: "SmartContract(name: pow-large-Epoch2_0-Clarity1, code_body: [..], clarity_version: None)",
        vm_error: "None [NON-CONSENSUS BREAKING]",
        return_type: Response(ResponseData(
          committed: true,
          data: Bool(true),
        )),
        cost: ExecutionCost(
          write_length: 61,
          write_count: 2,
          read_length: 1,
          read_count: 1,
          runtime: 589000,
        ),
      ),
    ],
    total_block_cost: ExecutionCost(
      write_length: 61,
      write_count: 2,
      read_length: 1,
      read_count: 1,
      runtime: 589000,
    ),
  )),
  Success(ExpectedBlockOutput(
    marf_hash: "3afaf880c246b4ada5aaa6fda8b520dbd47fb325d742bd99d4c94c8c7a3d627a",
    evaluated_epoch: Epoch2_05,
    transactions: [
      ExpectedTransactionOutput(
        tx: "SmartContract(name: pow-large-Epoch2_05-Clarity1, code_body: [..], clarity_version: None)",
        vm_error: "None [NON-CONSENSUS BREAKING]",
        return_type: Response(ResponseData(
          committed: true,
          data: Bool(true),
        )),
        cost: ExecutionCost(
          write_length: 61,
          write_count: 2,
          read_length: 1,
          read_count: 1,
          runtime: 305741,
        ),
      ),
    ],
    total_block_cost: ExecutionCost(
      write_length: 61,
      write_count: 2,
      read_length: 1,
      read_count: 1,
      runtime: 305741,
    ),
  )),
  Success(ExpectedBlockOutput(
    marf_hash: "2576f91e68c39fd3fb61053f9af424fa6327918afa89eab1e287120ecb376bed",
    evaluated_epoch: Epoch21,
    transactions: [
      ExpectedTransactionOutput(
        tx: "SmartContract(name: pow-large-Epoch2_1-Clarity1, code_body: [..], clarity_version: Some(Clarity1))",
        vm_error: "None [NON-CONSENSUS BREAKING]",
        return_type: Response(ResponseData(
          committed: true,
          data: Bool(true),
        )),
        cost: ExecutionCost(
          write_length: 61,
          write_count: 2,
          read_length: 1,
          read_count: 1,
          runtime: 9903,
        ),
      ),
    ],
    total_block_cost: ExecutionCost(
      write_length: 61,
      write_count: 2,
      read_length: 1,
      read_count: 1,
      runtime: 9903,
    ),
  )),
  Success(ExpectedBlockOutput(
    marf_hash: "47c43903bf7e8007ab8b47f7e8bd9388808d257dfdb102c9957f9accd112b2b5",
    evaluated_epoch: Epoch21,
    transactions: [
      ExpectedTransactionOutput(
        tx: "SmartContract(name: pow-large-Epoch2_1-Clarity2, code_body: [..], clarity_version: Some(Clarity2))",
        vm_error: "None [NON-CONSENSUS BREAKING]",
        return_type: Response(ResponseData(
          committed: true,
          data: Bool(true),
        )),
        cost: ExecutionCost(
          write_length: 61,
          write_count: 2,
          read_length: 1,
          read_count: 1,
          runtime: 9903,
        ),
      ),
    ],
    total_block_cost: ExecutionCost(
      write_length: 61,
      write_count: 2,
      read_length: 1,
      read_count: 1,
      runtime: 9903,
    ),
  )),
  Success(ExpectedBlockOutput(
    marf_hash: "e5fdb6ca9b62e380ea4f5f7ba09c1ba0ddba2e2a951411165b3f9273699f0e27",
    evaluated_epoch: Epoch22,
    transactions: [
      ExpectedTransactionOutput(
        tx: "SmartContract(name: pow-large-Epoch2_2-Clarity1, code_body: [..], clarity_version: Some(Clarity1))",
        vm_error: "None [NON-CONSENSUS BREAKING]",
        return_type: Response(ResponseData(
          committed: true,
          data: Bool(true),
        )),
        cost: ExecutionCost(
          write_length: 61,
          write_count: 2,
          read_length: 1,
          read_count: 1,
          runtime: 9903,
        ),
      ),
    ],
    total_block_cost: ExecutionCost(
      write_length: 61,
      write_count: 2,
      read_length: 1,
      read_count: 1,
      runtime: 9903,
    ),
  )),
  Success(ExpectedBlockOutput(
    marf_hash: "16f53b7ed0f76421bf65737628de27bd083c4cbd12f47d1441252ccb7fd39f2e",
    evaluated_epoch: Epoch22,
    transactions: [
      ExpectedTransactionOutput(
        tx: "SmartContract(name: pow-large-Epoch2_2-Clarity2, code_body: [..], clarity_version: Some(Clarity2))",
        vm_error: "None [NON-CONSENSUS BREAKING]",
        return_type: Response(ResponseData(
          committed: true,
          data: Bool(true),
        )),
        cost: ExecutionCost(
          write_length: 61,
          write_count: 2,
          read_length: 1,
          read_count: 1,
          runtime: 9903,
        ),
      ),
    ],
    total_block_cost: ExecutionCost(
      write_length: 61,
      write_count: 2,
      read_length: 1,
      read_count: 1,
      runtime: 9903,
    ),
  )),
  Success(ExpectedBlockOutput(
    marf_hash: "74092270f220e18405e320d1d36925a5cd8b9cb5cbea20f0d4a8b2ceb65e6786",
    evaluated_epoch: Epoch23,
    transactions: [
      ExpectedTransactionOutput(
        tx: "SmartContract(name: pow-large-Epoch2_3-Clarity1, code_body: [..], clarity_version: Some(Clarity1))",
        vm_error: "None [NON-CONSENSUS BREAKING]",
        return_type: Response(ResponseData(
          committed: true,
          data: Bool(true),
        )),
        cost: ExecutionCost(
          write_length: 61,
          write_count: 2,
          read_length: 1,
          read_count: 1,
          runtime: 9903,
        ),
      ),
    ],
    total_block_cost: ExecutionCost(
      write_length: 61,
      write_count: 2,
      read_length: 1,
      read_count: 1,
      runtime: 9903,
    ),
  )),
  Success(ExpectedBlockOutput(
    marf_hash: "0d5fabd9d3f053e83241544546f0bd9cdfea7f25c6fe58a17e510fdacb8e98ba",
    evaluated_epoch: Epoch23,
    transactions: [
      ExpectedTransactionOutput(
        tx: "SmartContract(name: pow-large-Epoch2_3-Clarity2, code_body: [..], clarity_version: Some(Clarity2))",
        vm_error: "None [NON-CONSENSUS BREAKING]",
        return_type: Response(ResponseData(
          committed: true,
          data: Bool(true),
        )),
        cost: ExecutionCost(
          write_length: 61,
          write_count: 2,
          read_length: 1,
          read_count: 1,
          runtime: 9903,
        ),
      ),
    ],
    total_block_cost: ExecutionCost(
      write_length: 61,
      write_count: 2,
      read_length: 1,
      read_count: 1,
      runtime: 9903,
    ),
  )),
  Success(ExpectedBlockOutput(
    marf_hash: "111afb3f25c7f8eab2fd3ac8f84e631967aaad75c2ad373ea76c5d042a81fb67",
    evaluated_epoch: Epoch24,
    transactions: [
      ExpectedTransactionOutput(
        tx: "SmartContract(name: pow-large-Epoch2_4-Clarity1, code_body: [..], clarity_version: Some(Clarity1))",
        vm_error: "None [NON-CONSENSUS BREAKING]",
        return_type: Response(ResponseData(
          committed: true,
          data: Bool(true),
        )),
        cost: ExecutionCost(
          write_length: 61,
          write_count: 2,
          read_length: 1,
          read_count: 1,
          runtime: 9903,
        ),
      ),
    ],
    total_block_cost: ExecutionCost(
      write_length: 61,
      write_count: 2,
      read_length: 1,
      read_count: 1,
      runtime: 9903,
    ),
  )),
  Success(ExpectedBlockOutput(
    marf_hash: "b2049d681682f5775e756aaf4a6f92d4d7e0fdc792dbb548345a8f65fa8e02df",
    evaluated_epoch: Epoch24,
    transactions: [
      ExpectedTransactionOutput(
        tx: "SmartContract(name: pow-large-Epoch2_4-Clarity2, code_body: [..], clarity_version: Some(Clarity2))",
        vm_error: "None [NON-CONSENSUS BREAKING]",
        return_type: Response(ResponseData(
          committed: true,
          data: Bool(true),
        )),
        cost: ExecutionCost(
          write_length: 61,
          write_count: 2,
          read_length: 1,
          read_count: 1,
          runtime: 9903,
        ),
      ),
    ],
    total_block_cost: ExecutionCost(
      write_length: 61,
      write_count: 2,
      read_length: 1,
      read_count: 1,
      runtime: 9903,
    ),
  )),
  Success(ExpectedBlockOutput(
    marf_hash: "3593e91671aa65bc077e3f448be0dad04c9b9a5beb2270944cc45a1f1f8bfadf",
    evaluated_epoch: Epoch25,
    transactions: [
      ExpectedTransactionOutput(
        tx: "SmartContract(name: pow-large-Epoch2_5-Clarity1, code_body: [..], clarity_version: Some(Clarity1))",
        vm_error: "None [NON-CONSENSUS BREAKING]",
        return_type: Response(ResponseData(
          committed: true,
          data: Bool(true),
        )),
        cost: ExecutionCost(
          write_length: 61,
          write_count: 2,
          read_length: 1,
          read_count: 1,
          runtime: 9903,
        ),
      ),
    ],
    total_block_cost: ExecutionCost(
      write_length: 61,
      write_count: 2,
      read_length: 1,
      read_count: 1,
      runtime: 9903,
    ),
  )),
  Success(ExpectedBlockOutput(
    marf_hash: "d44c357aa3f842c35e51bdcd60d6d8e245ad59a560ef589912bf37d68f15df64",
    evaluated_epoch: Epoch25,
    transactions: [
      ExpectedTransactionOutput(
        tx: "SmartContract(name: pow-large-Epoch2_5-Clarity2, code_body: [..], clarity_version: Some(Clarity2))",
        vm_error: "None [NON-CONSENSUS BREAKING]",
        return_type: Response(ResponseData(
          committed: true,
          data: Bool(true),
        )),
        cost: ExecutionCost(
          write_length: 61,
          write_count: 2,
          read_length: 1,
          read_count: 1,
          runtime: 9903,
        ),
      ),
    ],
    total_block_cost: ExecutionCost(
      write_length: 61,
      write_count: 2,
      read_length: 1,
      read_count: 1,
      runtime: 9903,
    ),
  )),
  Success(ExpectedBlockOutput(
    marf_hash: "50f7b7951216f462831a6dbd5e7c71b010f5f1aeac004af397b168a991f460ba",
    evaluated_epoch: Epoch30,
    transactions: [
      ExpectedTransactionOutput(
        tx: "SmartContract(name: pow-large-Epoch3_0-Clarity1, code_body: [..], clarity_version: Some(Clarity1))",
        vm_error: "None [NON-CONSENSUS BREAKING]",
        return_type: Response(ResponseData(
          committed: true,
          data: Bool(true),
        )),
        cost: ExecutionCost(
          write_length: 61,
          write_count: 2,
          read_length: 1,
          read_count: 1,
          runtime: 9903,
        ),
      ),
    ],
    total_block_cost: ExecutionCost(
      write_length: 61,
      write_count: 2,
      read_length: 1,
      read_count: 1,
      runtime: 9903,
    ),
  )),
  Success(ExpectedBlockOutput(
    marf_hash: "4b4c0cdcceba229bcea083ae40b8b4778d3a8f616ee18b30e104b205282bfbcd",
    evaluated_epoch: Epoch30,
    transactions: [
      ExpectedTransactionOutput(
        tx: "SmartContract(name: pow-large-Epoch3_0-Clarity2, code_body: [..], clarity_version: Some(Clarity2))",
        vm_error: "None [NON-CONSENSUS BREAKING]",
        return_type: Response(ResponseData(
          committed: true,
          data: Bool(true),
        )),
        cost: ExecutionCost(
          write_length: 61,
          write_count: 2,
          read_length: 1,
          read_count: 1,
          runtime: 9903,
        ),
      ),
    ],
    total_block_cost: ExecutionCost(
      write_length: 61,
      write_count: 2,
      read_length: 1,
      read_count: 1,
      runtime: 9903,
    ),
  )),
  Success(ExpectedBlockOutput(
    marf_hash: "a73e91f434877ed1f53975c5cd2e3056a82ae9e2f66023dee9b6b42d29078e00",
    evaluated_epoch: Epoch30,
    transactions: [
      ExpectedTransactionOutput(
        tx: "SmartContract(name: pow-large-Epoch3_0-Clarity3, code_body: [..], clarity_version: Some(Clarity3))",
        vm_error: "None [NON-CONSENSUS BREAKING]",
        return_type: Response(ResponseData(
          committed: true,
          data: Bool(true),
        )),
        cost: ExecutionCost(
          write_length: 61,
          write_count: 2,
          read_length: 1,
          read_count: 1,
          runtime: 9903,
        ),
      ),
    ],
    total_block_cost: ExecutionCost(
      write_length: 61,
      write_count: 2,
      read_length: 1,
      read_count: 1,
      runtime: 9903,
    ),
  )),
  Success(ExpectedBlockOutput(
    marf_hash: "5860284a52c08838cc5714bf83d239f9711c6919bddc6487fa795eb9b49899d0",
    evaluated_epoch: Epoch31,
    transactions: [
      ExpectedTransactionOutput(
        tx: "SmartContract(name: pow-large-Epoch3_1-Clarity1, code_body: [..], clarity_version: Some(Clarity1))",
        vm_error: "None [NON-CONSENSUS BREAKING]",
        return_type: Response(ResponseData(
          committed: true,
          data: Bool(true),
        )),
        cost: ExecutionCost(
          write_length: 61,
          write_count: 2,
          read_length: 1,
          read_count: 1,
          runtime: 9903,
        ),
      ),
    ],
    total_block_cost: ExecutionCost(
      write_length: 61,
      write_count: 2,
      read_length: 1,
      read_count: 1,
      runtime: 9903,
    ),
  )),
  Success(ExpectedBlockOutput(
    marf_hash: "6f7e9adb8c3914d4a50756d0e296ac1d20a710bc6fb976b84f7a843a20fe029c",
    evaluated_epoch: Epoch31,
    transactions: [
      ExpectedTransactionOutput(
        tx: "SmartContract(name: pow-large-Epoch3_1-Clarity2, code_body: [..], clarity_version: Some(Clarity2))",
        vm_error: "None [NON-CONSENSUS BREAKING]",
        return_type: Response(ResponseData(
          committed: true,
          data: Bool(true),
        )),
        cost: ExecutionCost(
          write_length: 61,
          write_count: 2,
          read_length: 1,
          read_count: 1,
          runtime: 9903,
        ),
      ),
    ],
    total_block_cost: ExecutionCost(
      write_length: 61,
      write_count: 2,
      read_length: 1,
      read_count: 1,
      runtime: 9903,
    ),
  )),
  Success(ExpectedBlockOutput(
    marf_hash: "f0277d4b1eb4d7747df80e3410bfb6ddf57672ba6b656323ea19a881c3079709",
    evaluated_epoch: Epoch31,
    transactions: [
      ExpectedTransactionOutput(
        tx: "SmartContract(name: pow-large-Epoch3_1-Clarity3, code_body: [..], clarity_version: Some(Clarity3))",
        vm_error: "None [NON-CONSENSUS BREAKING]",
        return_type: Response(ResponseData(
          committed: true,
          data: Bool(true),
        )),
        cost: ExecutionCost(
          write_length: 61,
          write_count: 2,
          read_length: 1,
          read_count: 1,
          runtime: 9903,
        ),
      ),
    ],
    total_block_cost: ExecutionCost(
      write_length: 61,
      write_count: 2,
      read_length: 1,
      read_count: 1,
      runtime: 9903,
    ),
  )),
  Success(ExpectedBlockOutput(
    marf_hash: "a8b6b16c9f8d14eb05e6d42622c3178fa6525ea902939a8a48613beb3786b6ae",
    evaluated_epoch: Epoch32,
    transactions: [
      ExpectedTransactionOutput(
        tx: "SmartContract(name: pow-large-Epoch3_2-Clarity1, code_body: [..], clarity_version: Some(Clarity1))",
        vm_error: "None [NON-CONSENSUS BREAKING]",
        return_type: Response(ResponseData(
          committed: true,
          data: Bool(true),
        )),
        cost: ExecutionCost(
          write_length: 61,
          write_count: 2,
          read_length: 1,
          read_count: 1,
          runtime: 9903,
        ),
      ),
    ],
    total_block_cost: ExecutionCost(
      write_length: 61,
      write_count: 2,
      read_length: 1,
      read_count: 1,
      runtime: 9903,
    ),
  )),
  Success(ExpectedBlockOutput(
    marf_hash: "af82bdfc7187b65b8cc48823cfb6df6bfc211e454a640a128e539f4352fb03c2",
    evaluated_epoch: Epoch32,
    transactions: [
      ExpectedTransactionOutput(
        tx: "SmartContract(name: pow-large-Epoch3_2-Clarity2, code_body: [..], clarity_version: Some(Clarity2))",
        vm_error: "None [NON-CONSENSUS BREAKING]",
        return_type: Response(ResponseData(
          committed: true,
          data: Bool(true),
        )),
        cost: ExecutionCost(
          write_length: 61,
          write_count: 2,
          read_length: 1,
          read_count: 1,
          runtime: 9903,
        ),
      ),
    ],
    total_block_cost: ExecutionCost(
      write_length: 61,
      write_count: 2,
      read_length: 1,
      read_count: 1,
      runtime: 9903,
    ),
  )),
  Success(ExpectedBlockOutput(
    marf_hash: "4ddf3786a9c832f91a193aff7d01c333a8e804100684201da6cd54e79f488d9f",
    evaluated_epoch: Epoch32,
    transactions: [
      ExpectedTransactionOutput(
        tx: "SmartContract(name: pow-large-Epoch3_2-Clarity3, code_body: [..], clarity_version: Some(Clarity3))",
        vm_error: "None [NON-CONSENSUS BREAKING]",
        return_type: Response(ResponseData(
          committed: true,
          data: Bool(true),
        )),
        cost: ExecutionCost(
          write_length: 61,
          write_count: 2,
          read_length: 1,
          read_count: 1,
          runtime: 9903,
        ),
      ),
    ],
    total_block_cost: ExecutionCost(
      write_length: 61,
      write_count: 2,
      read_length: 1,
      read_count: 1,
      runtime: 9903,
    ),
  )),
  Success(ExpectedBlockOutput(
    marf_hash: "7986fa8f4d50e563cca3a836e4e3f0d0438bce6269df579195df8df576313b0b",
    evaluated_epoch: Epoch33,
    transactions: [
      ExpectedTransactionOutput(
        tx: "SmartContract(name: pow-large-Epoch3_3-Clarity1, code_body: [..], clarity_version: Some(Clarity1))",
        vm_error: "None [NON-CONSENSUS BREAKING]",
        return_type: Response(ResponseData(
          committed: true,
          data: Bool(true),
        )),
        cost: ExecutionCost(
          write_length: 61,
          write_count: 2,
          read_length: 1,
          read_count: 1,
          runtime: 9903,
        ),
      ),
    ],
    total_block_cost: ExecutionCost(
      write_length: 61,
      write_count: 2,
      read_length: 1,
      read_count: 1,
      runtime: 9903,
    ),
  )),
  Success(ExpectedBlockOutput(
    marf_hash: "3a06039fd8a2ef2f42ee8e4aeeefbc5c8b3b17a5e57c5955806c4cc024ebfd4b",
    evaluated_epoch: Epoch33,
    transactions: [
      ExpectedTransactionOutput(
        tx: "SmartContract(name: pow-large-Epoch3_3-Clarity2, code_body: [..], clarity_version: Some(Clarity2))",
        vm_error: "None [NON-CONSENSUS BREAKING]",
        return_type: Response(ResponseData(
          committed: true,
          data: Bool(true),
        )),
        cost: ExecutionCost(
          write_length: 61,
          write_count: 2,
          read_length: 1,
          read_count: 1,
          runtime: 9903,
        ),
      ),
    ],
    total_block_cost: ExecutionCost(
      write_length: 61,
      write_count: 2,
      read_length: 1,
      read_count: 1,
      runtime: 9903,
    ),
  )),
  Success(ExpectedBlockOutput(
    marf_hash: "97f0a4e3d70e66f3f5b423697b1c6d5f01e8d94d27bbe5f36a24373dc1552456",
    evaluated_epoch: Epoch33,
    transactions: [
      ExpectedTransactionOutput(
        tx: "SmartContract(name: pow-large-Epoch3_3-Clarity3, code_body: [..], clarity_version: Some(Clarity3))",
        vm_error: "None [NON-CONSENSUS BREAKING]",
        return_type: Response(ResponseData(
          committed: true,
          data: Bool(true),
        )),
        cost: ExecutionCost(
          write_length: 61,
          write_count: 2,
          read_length: 1,
          read_count: 1,
          runtime: 9903,
        ),
      ),
    ],
    total_block_cost: ExecutionCost(
      write_length: 61,
      write_count: 2,
      read_length: 1,
      read_count: 1,
      runtime: 9903,
    ),
  )),
  Success(ExpectedBlockOutput(
    marf_hash: "654a1561b8b63265c1c7aab8107372a884f079bc872f6923e76eb5ecff69c4f7",
    evaluated_epoch: Epoch33,
    transactions: [
      ExpectedTransactionOutput(
        tx: "SmartContract(name: pow-large-Epoch3_3-Clarity4, code_body: [..], clarity_version: Some(Clarity4))",
        vm_error: "None [NON-CONSENSUS BREAKING]",
        return_type: Response(ResponseData(
          committed: true,
          data: Bool(true),
        )),
        cost: ExecutionCost(
          write_length: 61,
          write_count: 2,
          read_length: 1,
          read_count: 1,
          runtime: 9903,
        ),
      ),
    ],
    total_block_cost: ExecutionCost(
      write_length: 61,
      write_count: 2,
      read_length: 1,
      read_count: 1,
      runtime: 9903,
    ),
  )),
  Success(ExpectedBlockOutput(
    marf_hash: "61d58843e16e20daa78a98e1482d848415e977a902d4e15918c7c1b1bff238ee",
    evaluated_epoch: Epoch34,
    transactions: [
      ExpectedTransactionOutput(
        tx: "SmartContract(name: pow-large-Epoch3_4-Clarity1, code_body: [..], clarity_version: Some(Clarity1))",
        vm_error: "None [NON-CONSENSUS BREAKING]",
        return_type: Response(ResponseData(
          committed: true,
          data: Bool(true),
        )),
        cost: ExecutionCost(
          write_length: 61,
          write_count: 2,
          read_length: 1,
          read_count: 1,
          runtime: 9903,
        ),
      ),
    ],
    total_block_cost: ExecutionCost(
      write_length: 61,
      write_count: 2,
      read_length: 1,
      read_count: 1,
      runtime: 9903,
    ),
  )),
  Success(ExpectedBlockOutput(
    marf_hash: "ba16a0fa8e8eb1b62b125eb6d021e10c9e4e0111c636930379ae9c4ce604ff42",
    evaluated_epoch: Epoch34,
    transactions: [
      ExpectedTransactionOutput(
        tx: "SmartContract(name: pow-large-Epoch3_4-Clarity2, code_body: [..], clarity_version: Some(Clarity2))",
        vm_error: "None [NON-CONSENSUS BREAKING]",
        return_type: Response(ResponseData(
          committed: true,
          data: Bool(true),
        )),
        cost: ExecutionCost(
          write_length: 61,
          write_count: 2,
          read_length: 1,
          read_count: 1,
          runtime: 9903,
        ),
      ),
    ],
    total_block_cost: ExecutionCost(
      write_length: 61,
      write_count: 2,
      read_length: 1,
      read_count: 1,
      runtime: 9903,
    ),
  )),
  Success(ExpectedBlockOutput(
    marf_hash: "8e57840b2597e396fcd546a0c9de7ca9e7e4c27b2e94f0bfe0b9e15b9b293eac",
    evaluated_epoch: Epoch34,
    transactions: [
      ExpectedTransactionOutput(
        tx: "SmartContract(name: pow-large-Epoch3_4-Clarity3, code_body: [..], clarity_version: Some(Clarity3))",
        vm_error: "None [NON-CONSENSUS BREAKING]",
        return_type: Response(ResponseData(
          committed: true,
          data: Bool(true),
        )),
        cost: ExecutionCost(
          write_length: 61,
          write_count: 2,
          read_length: 1,
          read_count: 1,
          runtime: 9903,
        ),
      ),
    ],
    total_block_cost: ExecutionCost(
      write_length: 61,
      write_count: 2,
      read_length: 1,
      read_count: 1,
      runtime: 9903,
    ),
  )),
  Success(ExpectedBlockOutput(
    marf_hash: "921dbe4af5ca9c6fc6b64d90a1c2f24f235e3b345b5c9d6b13d4a3114e439cc3",
    evaluated_epoch: Epoch34,
    transactions: [
      ExpectedTransactionOutput(
        tx: "SmartContract(name: pow-large-Epoch3_4-Clarity4, code_body: [..], clarity_version: Some(Clarity4))",
        vm_error: "None [NON-CONSENSUS BREAKING]",
        return_type: Response(ResponseData(
          committed: true,
          data: Bool(true),
        )),
        cost: ExecutionCost(
          write_length: 61,
          write_count: 2,
          read_length: 1,
          read_count: 1,
          runtime: 9903,
        ),
      ),
    ],
    total_block_cost: ExecutionCost(
      write_length: 61,
      write_count: 2,
      read_length: 1,
      read_count: 1,
      runtime: 9903,
    ),
  )),
  Success(ExpectedBlockOutput(
    marf_hash: "ab4f8f73b539b4826fd4a82958fa1b006945e131b7bb5517bc854c57eea67182",
    evaluated_epoch: Epoch34,
    transactions: [
      ExpectedTransactionOutput(
        tx: "SmartContract(name: pow-large-Epoch3_4-Clarity5, code_body: [..], clarity_version: Some(Clarity5))",
        vm_error: "None [NON-CONSENSUS BREAKING]",
        return_type: Response(ResponseData(
          committed: true,
          data: Bool(true),
        )),
        cost: ExecutionCost(
          write_length: 61,
          write_count: 2,
          read_length: 1,
          read_count: 1,
          runtime: 9903,
        ),
      ),
    ],
    total_block_cost: ExecutionCost(
      write_length: 61,
      write_count: 2,
      read_length: 1,
      read_count: 1,
      runtime: 9903,
    ),
  )),
  Success(ExpectedBlockOutput(
    marf_hash: "d73cf131666903e2df0ddff3843ad5c0f1be3ee2442333a9802c0c988a2ddddc",
    evaluated_epoch: Epoch34,
    transactions: [
      ExpectedTransactionOutput(
        tx: "ContractCall(address: ST1AW6EKPGT61SQ9FNVDS17RKNWT8ZP582VF9HSCP, contract_name: pow-large-Epoch2_0-Clarity1, function_name: trigger, function_args: [[]])",
        vm_error: "Some(Arithmetic(\"Power argument to (pow ...) must be a u32 integer\")) [NON-CONSENSUS BREAKING]",
        return_type: Response(ResponseData(
          committed: false,
          data: Optional(OptionalData(
            data: None,
          )),
        )),
        cost: ExecutionCost(
          write_length: 0,
          write_count: 0,
          read_length: 52,
          read_count: 3,
          runtime: 295,
        ),
      ),
    ],
    total_block_cost: ExecutionCost(
      write_length: 0,
      write_count: 0,
      read_length: 52,
      read_count: 3,
      runtime: 295,
    ),
  )),
  Success(ExpectedBlockOutput(
    marf_hash: "304777837d7ec7149563e295b65ccaf6ac895f19883007f55690776ec7ba116a",
    evaluated_epoch: Epoch34,
    transactions: [
      ExpectedTransactionOutput(
        tx: "ContractCall(address: ST1AW6EKPGT61SQ9FNVDS17RKNWT8ZP582VF9HSCP, contract_name: pow-large-Epoch2_05-Clarity1, function_name: trigger, function_args: [[]])",
        vm_error: "Some(Arithmetic(\"Power argument to (pow ...) must be a u32 integer\")) [NON-CONSENSUS BREAKING]",
        return_type: Response(ResponseData(
          committed: false,
          data: Optional(OptionalData(
            data: None,
          )),
        )),
        cost: ExecutionCost(
          write_length: 0,
          write_count: 0,
          read_length: 52,
          read_count: 3,
          runtime: 295,
        ),
      ),
    ],
    total_block_cost: ExecutionCost(
      write_length: 0,
      write_count: 0,
      read_length: 52,
      read_count: 3,
      runtime: 295,
    ),
  )),
  Success(ExpectedBlockOutput(
    marf_hash: "13009228b096ccd8936eda64738f5abafb17c13838ccb9698274a38588764d01",
    evaluated_epoch: Epoch34,
    transactions: [
      ExpectedTransactionOutput(
        tx: "ContractCall(address: ST1AW6EKPGT61SQ9FNVDS17RKNWT8ZP582VF9HSCP, contract_name: pow-large-Epoch2_1-Clarity1, function_name: trigger, function_args: [[]])",
        vm_error: "Some(Arithmetic(\"Power argument to (pow ...) must be a u32 integer\")) [NON-CONSENSUS BREAKING]",
        return_type: Response(ResponseData(
          committed: false,
          data: Optional(OptionalData(
            data: None,
          )),
        )),
        cost: ExecutionCost(
          write_length: 0,
          write_count: 0,
          read_length: 52,
          read_count: 3,
          runtime: 295,
        ),
      ),
    ],
    total_block_cost: ExecutionCost(
      write_length: 0,
      write_count: 0,
      read_length: 52,
      read_count: 3,
      runtime: 295,
    ),
  )),
  Success(ExpectedBlockOutput(
    marf_hash: "ab1e0e0c03a8efbb370e9303f0f5a514319fd5faf13b8cf14702e1156c346042",
    evaluated_epoch: Epoch34,
    transactions: [
      ExpectedTransactionOutput(
        tx: "ContractCall(address: ST1AW6EKPGT61SQ9FNVDS17RKNWT8ZP582VF9HSCP, contract_name: pow-large-Epoch2_1-Clarity2, function_name: trigger, function_args: [[]])",
        vm_error: "Some(Arithmetic(\"Power argument to (pow ...) must be a u32 integer\")) [NON-CONSENSUS BREAKING]",
        return_type: Response(ResponseData(
          committed: false,
          data: Optional(OptionalData(
            data: None,
          )),
        )),
        cost: ExecutionCost(
          write_length: 0,
          write_count: 0,
          read_length: 52,
          read_count: 3,
          runtime: 295,
        ),
      ),
    ],
    total_block_cost: ExecutionCost(
      write_length: 0,
      write_count: 0,
      read_length: 52,
      read_count: 3,
      runtime: 295,
    ),
  )),
  Success(ExpectedBlockOutput(
    marf_hash: "8fb3c5dc4daea5a2f49053f1a88bc30897ff9fba75817c3f8f4d624d35045150",
    evaluated_epoch: Epoch34,
    transactions: [
      ExpectedTransactionOutput(
        tx: "ContractCall(address: ST1AW6EKPGT61SQ9FNVDS17RKNWT8ZP582VF9HSCP, contract_name: pow-large-Epoch2_2-Clarity1, function_name: trigger, function_args: [[]])",
        vm_error: "Some(Arithmetic(\"Power argument to (pow ...) must be a u32 integer\")) [NON-CONSENSUS BREAKING]",
        return_type: Response(ResponseData(
          committed: false,
          data: Optional(OptionalData(
            data: None,
          )),
        )),
        cost: ExecutionCost(
          write_length: 0,
          write_count: 0,
          read_length: 52,
          read_count: 3,
          runtime: 295,
        ),
      ),
    ],
    total_block_cost: ExecutionCost(
      write_length: 0,
      write_count: 0,
      read_length: 52,
      read_count: 3,
      runtime: 295,
    ),
  )),
  Success(ExpectedBlockOutput(
    marf_hash: "d3ff86a12092e5629575dec767555b6413d32ca258cbc7b9516720a2eefb5253",
    evaluated_epoch: Epoch34,
    transactions: [
      ExpectedTransactionOutput(
        tx: "ContractCall(address: ST1AW6EKPGT61SQ9FNVDS17RKNWT8ZP582VF9HSCP, contract_name: pow-large-Epoch2_2-Clarity2, function_name: trigger, function_args: [[]])",
        vm_error: "Some(Arithmetic(\"Power argument to (pow ...) must be a u32 integer\")) [NON-CONSENSUS BREAKING]",
        return_type: Response(ResponseData(
          committed: false,
          data: Optional(OptionalData(
            data: None,
          )),
        )),
        cost: ExecutionCost(
          write_length: 0,
          write_count: 0,
          read_length: 52,
          read_count: 3,
          runtime: 295,
        ),
      ),
    ],
    total_block_cost: ExecutionCost(
      write_length: 0,
      write_count: 0,
      read_length: 52,
      read_count: 3,
      runtime: 295,
    ),
  )),
  Success(ExpectedBlockOutput(
    marf_hash: "a0f59fbfa0dc6aac64f0f1c7e8ad6cd82b78176bb698d88afcc9241ab26638a1",
    evaluated_epoch: Epoch34,
    transactions: [
      ExpectedTransactionOutput(
        tx: "ContractCall(address: ST1AW6EKPGT61SQ9FNVDS17RKNWT8ZP582VF9HSCP, contract_name: pow-large-Epoch2_3-Clarity1, function_name: trigger, function_args: [[]])",
        vm_error: "Some(Arithmetic(\"Power argument to (pow ...) must be a u32 integer\")) [NON-CONSENSUS BREAKING]",
        return_type: Response(ResponseData(
          committed: false,
          data: Optional(OptionalData(
            data: None,
          )),
        )),
        cost: ExecutionCost(
          write_length: 0,
          write_count: 0,
          read_length: 52,
          read_count: 3,
          runtime: 295,
        ),
      ),
    ],
    total_block_cost: ExecutionCost(
      write_length: 0,
      write_count: 0,
      read_length: 52,
      read_count: 3,
      runtime: 295,
    ),
  )),
  Success(ExpectedBlockOutput(
    marf_hash: "736b0661581d79009bf14a803f286f7cfd8ff92ab026ff0718a3967becfa6d48",
    evaluated_epoch: Epoch34,
    transactions: [
      ExpectedTransactionOutput(
        tx: "ContractCall(address: ST1AW6EKPGT61SQ9FNVDS17RKNWT8ZP582VF9HSCP, contract_name: pow-large-Epoch2_3-Clarity2, function_name: trigger, function_args: [[]])",
        vm_error: "Some(Arithmetic(\"Power argument to (pow ...) must be a u32 integer\")) [NON-CONSENSUS BREAKING]",
        return_type: Response(ResponseData(
          committed: false,
          data: Optional(OptionalData(
            data: None,
          )),
        )),
        cost: ExecutionCost(
          write_length: 0,
          write_count: 0,
          read_length: 52,
          read_count: 3,
          runtime: 295,
        ),
      ),
    ],
    total_block_cost: ExecutionCost(
      write_length: 0,
      write_count: 0,
      read_length: 52,
      read_count: 3,
      runtime: 295,
    ),
  )),
  Success(ExpectedBlockOutput(
    marf_hash: "02585e8bf010231b9561ac69c80459316d4952c9093955dcf103a8d7f8a5b131",
    evaluated_epoch: Epoch34,
    transactions: [
      ExpectedTransactionOutput(
        tx: "ContractCall(address: ST1AW6EKPGT61SQ9FNVDS17RKNWT8ZP582VF9HSCP, contract_name: pow-large-Epoch2_4-Clarity1, function_name: trigger, function_args: [[]])",
        vm_error: "Some(Arithmetic(\"Power argument to (pow ...) must be a u32 integer\")) [NON-CONSENSUS BREAKING]",
        return_type: Response(ResponseData(
          committed: false,
          data: Optional(OptionalData(
            data: None,
          )),
        )),
        cost: ExecutionCost(
          write_length: 0,
          write_count: 0,
          read_length: 52,
          read_count: 3,
          runtime: 295,
        ),
      ),
    ],
    total_block_cost: ExecutionCost(
      write_length: 0,
      write_count: 0,
      read_length: 52,
      read_count: 3,
      runtime: 295,
    ),
  )),
  Success(ExpectedBlockOutput(
    marf_hash: "1a353cdb75e441b87fcb69227377dcc1cd4f457eabc83bd1869833c18e8347fd",
    evaluated_epoch: Epoch34,
    transactions: [
      ExpectedTransactionOutput(
        tx: "ContractCall(address: ST1AW6EKPGT61SQ9FNVDS17RKNWT8ZP582VF9HSCP, contract_name: pow-large-Epoch2_4-Clarity2, function_name: trigger, function_args: [[]])",
        vm_error: "Some(Arithmetic(\"Power argument to (pow ...) must be a u32 integer\")) [NON-CONSENSUS BREAKING]",
        return_type: Response(ResponseData(
          committed: false,
          data: Optional(OptionalData(
            data: None,
          )),
        )),
        cost: ExecutionCost(
          write_length: 0,
          write_count: 0,
          read_length: 52,
          read_count: 3,
          runtime: 295,
        ),
      ),
    ],
    total_block_cost: ExecutionCost(
      write_length: 0,
      write_count: 0,
      read_length: 52,
      read_count: 3,
      runtime: 295,
    ),
  )),
  Success(ExpectedBlockOutput(
    marf_hash: "7be2175cdb0d1aee5ea800e4855cf860ab7e4f79b1f79f42c03091a2f9c5fb4f",
    evaluated_epoch: Epoch34,
    transactions: [
      ExpectedTransactionOutput(
        tx: "ContractCall(address: ST1AW6EKPGT61SQ9FNVDS17RKNWT8ZP582VF9HSCP, contract_name: pow-large-Epoch2_5-Clarity1, function_name: trigger, function_args: [[]])",
        vm_error: "Some(Arithmetic(\"Power argument to (pow ...) must be a u32 integer\")) [NON-CONSENSUS BREAKING]",
        return_type: Response(ResponseData(
          committed: false,
          data: Optional(OptionalData(
            data: None,
          )),
        )),
        cost: ExecutionCost(
          write_length: 0,
          write_count: 0,
          read_length: 52,
          read_count: 3,
          runtime: 295,
        ),
      ),
    ],
    total_block_cost: ExecutionCost(
      write_length: 0,
      write_count: 0,
      read_length: 52,
      read_count: 3,
      runtime: 295,
    ),
  )),
  Success(ExpectedBlockOutput(
    marf_hash: "0bf3ef16d52c31de98537c9a9bd81c8d01f4753dc469b100031024214c49adc2",
    evaluated_epoch: Epoch34,
    transactions: [
      ExpectedTransactionOutput(
        tx: "ContractCall(address: ST1AW6EKPGT61SQ9FNVDS17RKNWT8ZP582VF9HSCP, contract_name: pow-large-Epoch2_5-Clarity2, function_name: trigger, function_args: [[]])",
        vm_error: "Some(Arithmetic(\"Power argument to (pow ...) must be a u32 integer\")) [NON-CONSENSUS BREAKING]",
        return_type: Response(ResponseData(
          committed: false,
          data: Optional(OptionalData(
            data: None,
          )),
        )),
        cost: ExecutionCost(
          write_length: 0,
          write_count: 0,
          read_length: 52,
          read_count: 3,
          runtime: 295,
        ),
      ),
    ],
    total_block_cost: ExecutionCost(
      write_length: 0,
      write_count: 0,
      read_length: 52,
      read_count: 3,
      runtime: 295,
    ),
  )),
  Success(ExpectedBlockOutput(
    marf_hash: "1dc0c1489f6a3fb425e5a4584775cf6bcb7701828db8b1951b0354a32395ad73",
    evaluated_epoch: Epoch34,
    transactions: [
      ExpectedTransactionOutput(
        tx: "ContractCall(address: ST1AW6EKPGT61SQ9FNVDS17RKNWT8ZP582VF9HSCP, contract_name: pow-large-Epoch3_0-Clarity1, function_name: trigger, function_args: [[]])",
        vm_error: "Some(Arithmetic(\"Power argument to (pow ...) must be a u32 integer\")) [NON-CONSENSUS BREAKING]",
        return_type: Response(ResponseData(
          committed: false,
          data: Optional(OptionalData(
            data: None,
          )),
        )),
        cost: ExecutionCost(
          write_length: 0,
          write_count: 0,
          read_length: 52,
          read_count: 3,
          runtime: 295,
        ),
      ),
    ],
    total_block_cost: ExecutionCost(
      write_length: 0,
      write_count: 0,
      read_length: 52,
      read_count: 3,
      runtime: 295,
    ),
  )),
  Success(ExpectedBlockOutput(
    marf_hash: "57b15970dad73583d3826a5872a7048cd827278277807d355c4f7c68b9c34f9a",
    evaluated_epoch: Epoch34,
    transactions: [
      ExpectedTransactionOutput(
        tx: "ContractCall(address: ST1AW6EKPGT61SQ9FNVDS17RKNWT8ZP582VF9HSCP, contract_name: pow-large-Epoch3_0-Clarity2, function_name: trigger, function_args: [[]])",
        vm_error: "Some(Arithmetic(\"Power argument to (pow ...) must be a u32 integer\")) [NON-CONSENSUS BREAKING]",
        return_type: Response(ResponseData(
          committed: false,
          data: Optional(OptionalData(
            data: None,
          )),
        )),
        cost: ExecutionCost(
          write_length: 0,
          write_count: 0,
          read_length: 52,
          read_count: 3,
          runtime: 295,
        ),
      ),
    ],
    total_block_cost: ExecutionCost(
      write_length: 0,
      write_count: 0,
      read_length: 52,
      read_count: 3,
      runtime: 295,
    ),
  )),
  Success(ExpectedBlockOutput(
    marf_hash: "e7b425917cbaa1edfcce7a7a7926f416954f85dd5196226d047506aa1a3512f8",
    evaluated_epoch: Epoch34,
    transactions: [
      ExpectedTransactionOutput(
        tx: "ContractCall(address: ST1AW6EKPGT61SQ9FNVDS17RKNWT8ZP582VF9HSCP, contract_name: pow-large-Epoch3_0-Clarity3, function_name: trigger, function_args: [[]])",
        vm_error: "Some(Arithmetic(\"Power argument to (pow ...) must be a u32 integer\")) [NON-CONSENSUS BREAKING]",
        return_type: Response(ResponseData(
          committed: false,
          data: Optional(OptionalData(
            data: None,
          )),
        )),
        cost: ExecutionCost(
          write_length: 0,
          write_count: 0,
          read_length: 52,
          read_count: 3,
          runtime: 295,
        ),
      ),
    ],
    total_block_cost: ExecutionCost(
      write_length: 0,
      write_count: 0,
      read_length: 52,
      read_count: 3,
      runtime: 295,
    ),
  )),
  Success(ExpectedBlockOutput(
    marf_hash: "063b295deec79855472cec6815a6e6ddbaf740f69214976aac4db5e9347e586b",
    evaluated_epoch: Epoch34,
    transactions: [
      ExpectedTransactionOutput(
        tx: "ContractCall(address: ST1AW6EKPGT61SQ9FNVDS17RKNWT8ZP582VF9HSCP, contract_name: pow-large-Epoch3_1-Clarity1, function_name: trigger, function_args: [[]])",
        vm_error: "Some(Arithmetic(\"Power argument to (pow ...) must be a u32 integer\")) [NON-CONSENSUS BREAKING]",
        return_type: Response(ResponseData(
          committed: false,
          data: Optional(OptionalData(
            data: None,
          )),
        )),
        cost: ExecutionCost(
          write_length: 0,
          write_count: 0,
          read_length: 52,
          read_count: 3,
          runtime: 295,
        ),
      ),
    ],
    total_block_cost: ExecutionCost(
      write_length: 0,
      write_count: 0,
      read_length: 52,
      read_count: 3,
      runtime: 295,
    ),
  )),
  Success(ExpectedBlockOutput(
    marf_hash: "48031488cb389283bf6b17f0f14c7c5a283f02de629694ad1c495c43bcf5a501",
    evaluated_epoch: Epoch34,
    transactions: [
      ExpectedTransactionOutput(
        tx: "ContractCall(address: ST1AW6EKPGT61SQ9FNVDS17RKNWT8ZP582VF9HSCP, contract_name: pow-large-Epoch3_1-Clarity2, function_name: trigger, function_args: [[]])",
        vm_error: "Some(Arithmetic(\"Power argument to (pow ...) must be a u32 integer\")) [NON-CONSENSUS BREAKING]",
        return_type: Response(ResponseData(
          committed: false,
          data: Optional(OptionalData(
            data: None,
          )),
        )),
        cost: ExecutionCost(
          write_length: 0,
          write_count: 0,
          read_length: 52,
          read_count: 3,
          runtime: 295,
        ),
      ),
    ],
    total_block_cost: ExecutionCost(
      write_length: 0,
      write_count: 0,
      read_length: 52,
      read_count: 3,
      runtime: 295,
    ),
  )),
  Success(ExpectedBlockOutput(
    marf_hash: "89b20f0937b79cc9ebd7741cbea670dae5408e8b81c1c05b2cb8fc25108f696a",
    evaluated_epoch: Epoch34,
    transactions: [
      ExpectedTransactionOutput(
        tx: "ContractCall(address: ST1AW6EKPGT61SQ9FNVDS17RKNWT8ZP582VF9HSCP, contract_name: pow-large-Epoch3_1-Clarity3, function_name: trigger, function_args: [[]])",
        vm_error: "Some(Arithmetic(\"Power argument to (pow ...) must be a u32 integer\")) [NON-CONSENSUS BREAKING]",
        return_type: Response(ResponseData(
          committed: false,
          data: Optional(OptionalData(
            data: None,
          )),
        )),
        cost: ExecutionCost(
          write_length: 0,
          write_count: 0,
          read_length: 52,
          read_count: 3,
          runtime: 295,
        ),
      ),
    ],
    total_block_cost: ExecutionCost(
      write_length: 0,
      write_count: 0,
      read_length: 52,
      read_count: 3,
      runtime: 295,
    ),
  )),
  Success(ExpectedBlockOutput(
    marf_hash: "be83f4a0c4a3ac2a174f30671047347dcaa8b96660e509a34e3c9f043754d823",
    evaluated_epoch: Epoch34,
    transactions: [
      ExpectedTransactionOutput(
        tx: "ContractCall(address: ST1AW6EKPGT61SQ9FNVDS17RKNWT8ZP582VF9HSCP, contract_name: pow-large-Epoch3_2-Clarity1, function_name: trigger, function_args: [[]])",
        vm_error: "Some(Arithmetic(\"Power argument to (pow ...) must be a u32 integer\")) [NON-CONSENSUS BREAKING]",
        return_type: Response(ResponseData(
          committed: false,
          data: Optional(OptionalData(
            data: None,
          )),
        )),
        cost: ExecutionCost(
          write_length: 0,
          write_count: 0,
          read_length: 52,
          read_count: 3,
          runtime: 295,
        ),
      ),
    ],
    total_block_cost: ExecutionCost(
      write_length: 0,
      write_count: 0,
      read_length: 52,
      read_count: 3,
      runtime: 295,
    ),
  )),
  Success(ExpectedBlockOutput(
    marf_hash: "8f1f94b484bc5248517c4e26f22483d82afe2cdaa08327bfcd641b5df2cfa16a",
    evaluated_epoch: Epoch34,
    transactions: [
      ExpectedTransactionOutput(
        tx: "ContractCall(address: ST1AW6EKPGT61SQ9FNVDS17RKNWT8ZP582VF9HSCP, contract_name: pow-large-Epoch3_2-Clarity2, function_name: trigger, function_args: [[]])",
        vm_error: "Some(Arithmetic(\"Power argument to (pow ...) must be a u32 integer\")) [NON-CONSENSUS BREAKING]",
        return_type: Response(ResponseData(
          committed: false,
          data: Optional(OptionalData(
            data: None,
          )),
        )),
        cost: ExecutionCost(
          write_length: 0,
          write_count: 0,
          read_length: 52,
          read_count: 3,
          runtime: 295,
        ),
      ),
    ],
    total_block_cost: ExecutionCost(
      write_length: 0,
      write_count: 0,
      read_length: 52,
      read_count: 3,
      runtime: 295,
    ),
  )),
  Success(ExpectedBlockOutput(
    marf_hash: "c27856eb90a77317cad91b598b1bfa2e5d799c3fc5610b5241b1f2b3748f8916",
    evaluated_epoch: Epoch34,
    transactions: [
      ExpectedTransactionOutput(
        tx: "ContractCall(address: ST1AW6EKPGT61SQ9FNVDS17RKNWT8ZP582VF9HSCP, contract_name: pow-large-Epoch3_2-Clarity3, function_name: trigger, function_args: [[]])",
        vm_error: "Some(Arithmetic(\"Power argument to (pow ...) must be a u32 integer\")) [NON-CONSENSUS BREAKING]",
        return_type: Response(ResponseData(
          committed: false,
          data: Optional(OptionalData(
            data: None,
          )),
        )),
        cost: ExecutionCost(
          write_length: 0,
          write_count: 0,
          read_length: 52,
          read_count: 3,
          runtime: 295,
        ),
      ),
    ],
    total_block_cost: ExecutionCost(
      write_length: 0,
      write_count: 0,
      read_length: 52,
      read_count: 3,
      runtime: 295,
    ),
  )),
  Success(ExpectedBlockOutput(
    marf_hash: "f023699a0e495282da8a5433d3c0ce43428cdbd72ece6c4312378cc0a07aafc7",
    evaluated_epoch: Epoch34,
    transactions: [
      ExpectedTransactionOutput(
        tx: "ContractCall(address: ST1AW6EKPGT61SQ9FNVDS17RKNWT8ZP582VF9HSCP, contract_name: pow-large-Epoch3_3-Clarity1, function_name: trigger, function_args: [[]])",
        vm_error: "Some(Arithmetic(\"Power argument to (pow ...) must be a u32 integer\")) [NON-CONSENSUS BREAKING]",
        return_type: Response(ResponseData(
          committed: false,
          data: Optional(OptionalData(
            data: None,
          )),
        )),
        cost: ExecutionCost(
          write_length: 0,
          write_count: 0,
          read_length: 52,
          read_count: 3,
          runtime: 295,
        ),
      ),
    ],
    total_block_cost: ExecutionCost(
      write_length: 0,
      write_count: 0,
      read_length: 52,
      read_count: 3,
      runtime: 295,
    ),
  )),
  Success(ExpectedBlockOutput(
    marf_hash: "b415083c2bb62fc9671fc3657649af982699a40ab05176eb9a647d6904512cc1",
    evaluated_epoch: Epoch34,
    transactions: [
      ExpectedTransactionOutput(
        tx: "ContractCall(address: ST1AW6EKPGT61SQ9FNVDS17RKNWT8ZP582VF9HSCP, contract_name: pow-large-Epoch3_3-Clarity2, function_name: trigger, function_args: [[]])",
        vm_error: "Some(Arithmetic(\"Power argument to (pow ...) must be a u32 integer\")) [NON-CONSENSUS BREAKING]",
        return_type: Response(ResponseData(
          committed: false,
          data: Optional(OptionalData(
            data: None,
          )),
        )),
        cost: ExecutionCost(
          write_length: 0,
          write_count: 0,
          read_length: 52,
          read_count: 3,
          runtime: 295,
        ),
      ),
    ],
    total_block_cost: ExecutionCost(
      write_length: 0,
      write_count: 0,
      read_length: 52,
      read_count: 3,
      runtime: 295,
    ),
  )),
  Success(ExpectedBlockOutput(
    marf_hash: "02acf9203fde4e1f30661d4c37c53cf92a448e4b97aea7d263805a7ee245d2e4",
    evaluated_epoch: Epoch34,
    transactions: [
      ExpectedTransactionOutput(
        tx: "ContractCall(address: ST1AW6EKPGT61SQ9FNVDS17RKNWT8ZP582VF9HSCP, contract_name: pow-large-Epoch3_3-Clarity3, function_name: trigger, function_args: [[]])",
        vm_error: "Some(Arithmetic(\"Power argument to (pow ...) must be a u32 integer\")) [NON-CONSENSUS BREAKING]",
        return_type: Response(ResponseData(
          committed: false,
          data: Optional(OptionalData(
            data: None,
          )),
        )),
        cost: ExecutionCost(
          write_length: 0,
          write_count: 0,
          read_length: 52,
          read_count: 3,
          runtime: 295,
        ),
      ),
    ],
    total_block_cost: ExecutionCost(
      write_length: 0,
      write_count: 0,
      read_length: 52,
      read_count: 3,
      runtime: 295,
    ),
  )),
  Success(ExpectedBlockOutput(
    marf_hash: "a4c594c5ec2f0ad2fb7e5fca2c28213da4286b1786e5e563d83328a82340d96d",
    evaluated_epoch: Epoch34,
    transactions: [
      ExpectedTransactionOutput(
        tx: "ContractCall(address: ST1AW6EKPGT61SQ9FNVDS17RKNWT8ZP582VF9HSCP, contract_name: pow-large-Epoch3_3-Clarity4, function_name: trigger, function_args: [[]])",
        vm_error: "Some(Arithmetic(\"Power argument to (pow ...) must be a u32 integer\")) [NON-CONSENSUS BREAKING]",
        return_type: Response(ResponseData(
          committed: false,
          data: Optional(OptionalData(
            data: None,
          )),
        )),
        cost: ExecutionCost(
          write_length: 0,
          write_count: 0,
          read_length: 52,
          read_count: 3,
          runtime: 295,
        ),
      ),
    ],
    total_block_cost: ExecutionCost(
      write_length: 0,
      write_count: 0,
      read_length: 52,
      read_count: 3,
      runtime: 295,
    ),
  )),
  Success(ExpectedBlockOutput(
    marf_hash: "982a5794d283faf6510d03316309d3db028a3315358edf807439cdf39f4cfa1c",
    evaluated_epoch: Epoch34,
    transactions: [
      ExpectedTransactionOutput(
        tx: "ContractCall(address: ST1AW6EKPGT61SQ9FNVDS17RKNWT8ZP582VF9HSCP, contract_name: pow-large-Epoch3_4-Clarity1, function_name: trigger, function_args: [[]])",
        vm_error: "Some(Arithmetic(\"Power argument to (pow ...) must be a u32 integer\")) [NON-CONSENSUS BREAKING]",
        return_type: Response(ResponseData(
          committed: false,
          data: Optional(OptionalData(
            data: None,
          )),
        )),
        cost: ExecutionCost(
          write_length: 0,
          write_count: 0,
          read_length: 52,
          read_count: 3,
          runtime: 295,
        ),
      ),
    ],
    total_block_cost: ExecutionCost(
      write_length: 0,
      write_count: 0,
      read_length: 52,
      read_count: 3,
      runtime: 295,
    ),
  )),
  Success(ExpectedBlockOutput(
    marf_hash: "498a093d3b5bf7488ff796da4cc0e7d88228e265008562b1b1519fd74fa824b0",
    evaluated_epoch: Epoch34,
    transactions: [
      ExpectedTransactionOutput(
        tx: "ContractCall(address: ST1AW6EKPGT61SQ9FNVDS17RKNWT8ZP582VF9HSCP, contract_name: pow-large-Epoch3_4-Clarity2, function_name: trigger, function_args: [[]])",
        vm_error: "Some(Arithmetic(\"Power argument to (pow ...) must be a u32 integer\")) [NON-CONSENSUS BREAKING]",
        return_type: Response(ResponseData(
          committed: false,
          data: Optional(OptionalData(
            data: None,
          )),
        )),
        cost: ExecutionCost(
          write_length: 0,
          write_count: 0,
          read_length: 52,
          read_count: 3,
          runtime: 295,
        ),
      ),
    ],
    total_block_cost: ExecutionCost(
      write_length: 0,
      write_count: 0,
      read_length: 52,
      read_count: 3,
      runtime: 295,
    ),
  )),
  Success(ExpectedBlockOutput(
    marf_hash: "0f70765643ad95cd32b1019d47625f183257ca287318ae9dce5f60a2d28e1f6d",
    evaluated_epoch: Epoch34,
    transactions: [
      ExpectedTransactionOutput(
        tx: "ContractCall(address: ST1AW6EKPGT61SQ9FNVDS17RKNWT8ZP582VF9HSCP, contract_name: pow-large-Epoch3_4-Clarity3, function_name: trigger, function_args: [[]])",
        vm_error: "Some(Arithmetic(\"Power argument to (pow ...) must be a u32 integer\")) [NON-CONSENSUS BREAKING]",
        return_type: Response(ResponseData(
          committed: false,
          data: Optional(OptionalData(
            data: None,
          )),
        )),
        cost: ExecutionCost(
          write_length: 0,
          write_count: 0,
          read_length: 52,
          read_count: 3,
          runtime: 295,
        ),
      ),
    ],
    total_block_cost: ExecutionCost(
      write_length: 0,
      write_count: 0,
      read_length: 52,
      read_count: 3,
      runtime: 295,
    ),
  )),
  Success(ExpectedBlockOutput(
    marf_hash: "69bcdba0a9e35a712198cf75b4805eb578ba58749627d733787bb963003608b4",
    evaluated_epoch: Epoch34,
    transactions: [
      ExpectedTransactionOutput(
        tx: "ContractCall(address: ST1AW6EKPGT61SQ9FNVDS17RKNWT8ZP582VF9HSCP, contract_name: pow-large-Epoch3_4-Clarity4, function_name: trigger, function_args: [[]])",
        vm_error: "Some(Arithmetic(\"Power argument to (pow ...) must be a u32 integer\")) [NON-CONSENSUS BREAKING]",
        return_type: Response(ResponseData(
          committed: false,
          data: Optional(OptionalData(
            data: None,
          )),
        )),
        cost: ExecutionCost(
          write_length: 0,
          write_count: 0,
          read_length: 52,
          read_count: 3,
          runtime: 295,
        ),
      ),
    ],
    total_block_cost: ExecutionCost(
      write_length: 0,
      write_count: 0,
      read_length: 52,
      read_count: 3,
      runtime: 295,
    ),
  )),
  Success(ExpectedBlockOutput(
    marf_hash: "71357c2cae66480f85b09e286c4208211458c12c14602626e5dd5b721dcf1173",
    evaluated_epoch: Epoch34,
    transactions: [
      ExpectedTransactionOutput(
        tx: "ContractCall(address: ST1AW6EKPGT61SQ9FNVDS17RKNWT8ZP582VF9HSCP, contract_name: pow-large-Epoch3_4-Clarity5, function_name: trigger, function_args: [[]])",
        vm_error: "Some(Arithmetic(\"Power argument to (pow ...) must be a u32 integer\")) [NON-CONSENSUS BREAKING]",
        return_type: Response(ResponseData(
          committed: false,
          data: Optional(OptionalData(
            data: None,
          )),
        )),
        cost: ExecutionCost(
          write_length: 0,
          write_count: 0,
          read_length: 52,
          read_count: 3,
          runtime: 295,
        ),
      ),
    ],
    total_block_cost: ExecutionCost(
      write_length: 0,
      write_count: 0,
      read_length: 52,
      read_count: 3,
      runtime: 295,
    ),
  )),
  Success(ExpectedBlockOutput(
    marf_hash: "fa6e4a28c1aac9e6566261139929dc671fb23b612197fd09c0eec5d0ad455f84",
    evaluated_epoch: Epoch40,
    transactions: [
      ExpectedTransactionOutput(
        tx: "SmartContract(name: pow-large-Epoch4_0-Clarity1, code_body: [..], clarity_version: Some(Clarity1))",
        vm_error: "None [NON-CONSENSUS BREAKING]",
        return_type: Response(ResponseData(
          committed: true,
          data: Bool(true),
        )),
        cost: ExecutionCost(
          write_length: 61,
          write_count: 2,
          read_length: 1,
          read_count: 1,
          runtime: 9903,
        ),
      ),
    ],
    total_block_cost: ExecutionCost(
      write_length: 61,
      write_count: 2,
      read_length: 1,
      read_count: 1,
      runtime: 9903,
    ),
  )),
  Success(ExpectedBlockOutput(
    marf_hash: "d44fbb1d279e025bdc3c44c9195017d38e735e6bd62d69fdf02ba18ba4646efa",
    evaluated_epoch: Epoch40,
    transactions: [
      ExpectedTransactionOutput(
        tx: "SmartContract(name: pow-large-Epoch4_0-Clarity2, code_body: [..], clarity_version: Some(Clarity2))",
        vm_error: "None [NON-CONSENSUS BREAKING]",
        return_type: Response(ResponseData(
          committed: true,
          data: Bool(true),
        )),
        cost: ExecutionCost(
          write_length: 61,
          write_count: 2,
          read_length: 1,
          read_count: 1,
          runtime: 9903,
        ),
      ),
    ],
    total_block_cost: ExecutionCost(
      write_length: 61,
      write_count: 2,
      read_length: 1,
      read_count: 1,
      runtime: 9903,
    ),
  )),
  Success(ExpectedBlockOutput(
    marf_hash: "9c22ba0764fec11f4ef544c68426a2a96bbdf4b42cd568437bc911ff1fdae96c",
    evaluated_epoch: Epoch40,
    transactions: [
      ExpectedTransactionOutput(
        tx: "SmartContract(name: pow-large-Epoch4_0-Clarity3, code_body: [..], clarity_version: Some(Clarity3))",
        vm_error: "None [NON-CONSENSUS BREAKING]",
        return_type: Response(ResponseData(
          committed: true,
          data: Bool(true),
        )),
        cost: ExecutionCost(
          write_length: 61,
          write_count: 2,
          read_length: 1,
          read_count: 1,
          runtime: 9903,
        ),
      ),
    ],
    total_block_cost: ExecutionCost(
      write_length: 61,
      write_count: 2,
      read_length: 1,
      read_count: 1,
      runtime: 9903,
    ),
  )),
  Success(ExpectedBlockOutput(
    marf_hash: "0484581f6ba59cbda76eb3a0a0670364179c2c2e72e61228527269827636e34e",
    evaluated_epoch: Epoch40,
    transactions: [
      ExpectedTransactionOutput(
        tx: "SmartContract(name: pow-large-Epoch4_0-Clarity4, code_body: [..], clarity_version: Some(Clarity4))",
        vm_error: "None [NON-CONSENSUS BREAKING]",
        return_type: Response(ResponseData(
          committed: true,
          data: Bool(true),
        )),
        cost: ExecutionCost(
          write_length: 61,
          write_count: 2,
          read_length: 1,
          read_count: 1,
          runtime: 9903,
        ),
      ),
    ],
    total_block_cost: ExecutionCost(
      write_length: 61,
      write_count: 2,
      read_length: 1,
      read_count: 1,
      runtime: 9903,
    ),
  )),
  Success(ExpectedBlockOutput(
    marf_hash: "f1c410090d351dfd05da55351b63b75f21e8e6332efbe533e0b8a9588e034ace",
    evaluated_epoch: Epoch40,
    transactions: [
      ExpectedTransactionOutput(
        tx: "SmartContract(name: pow-large-Epoch4_0-Clarity5, code_body: [..], clarity_version: Some(Clarity5))",
        vm_error: "None [NON-CONSENSUS BREAKING]",
        return_type: Response(ResponseData(
          committed: true,
          data: Bool(true),
        )),
        cost: ExecutionCost(
          write_length: 61,
          write_count: 2,
          read_length: 1,
          read_count: 1,
          runtime: 9903,
        ),
      ),
    ],
    total_block_cost: ExecutionCost(
      write_length: 61,
      write_count: 2,
      read_length: 1,
      read_count: 1,
      runtime: 9903,
    ),
  )),
  Success(ExpectedBlockOutput(
    marf_hash: "d5f60cf4263d02a05bc4594e0e5a814a160926575124b3c8f8086e56e08a2b1b",
    evaluated_epoch: Epoch40,
    transactions: [
      ExpectedTransactionOutput(
        tx: "SmartContract(name: pow-large-Epoch4_0-Clarity6, code_body: [..], clarity_version: Some(Clarity6))",
        vm_error: "None [NON-CONSENSUS BREAKING]",
        return_type: Response(ResponseData(
          committed: true,
          data: Bool(true),
        )),
        cost: ExecutionCost(
          write_length: 61,
          write_count: 2,
          read_length: 1,
          read_count: 1,
          runtime: 9903,
        ),
      ),
    ],
    total_block_cost: ExecutionCost(
      write_length: 61,
      write_count: 2,
      read_length: 1,
      read_count: 1,
      runtime: 9903,
    ),
  )),
  Success(ExpectedBlockOutput(
    marf_hash: "021033dac9712e408597aa89e1d254216183b96a7010727d8077d18bd0f9f7f0",
    evaluated_epoch: Epoch40,
    transactions: [
      ExpectedTransactionOutput(
        tx: "ContractCall(address: ST1AW6EKPGT61SQ9FNVDS17RKNWT8ZP582VF9HSCP, contract_name: pow-large-Epoch2_0-Clarity1, function_name: trigger, function_args: [[]])",
        vm_error: "Some(Arithmetic(\"Power argument to (pow ...) must be a u32 integer\")) [NON-CONSENSUS BREAKING]",
        return_type: Response(ResponseData(
          committed: false,
          data: Optional(OptionalData(
            data: None,
          )),
        )),
        cost: ExecutionCost(
          write_length: 0,
          write_count: 0,
          read_length: 52,
          read_count: 3,
          runtime: 183,
        ),
      ),
    ],
    total_block_cost: ExecutionCost(
      write_length: 0,
      write_count: 0,
      read_length: 52,
      read_count: 3,
      runtime: 183,
    ),
  )),
  Success(ExpectedBlockOutput(
    marf_hash: "5efa7078c838e169749cdacb13a453f721bdc663e31bb1c830fa70e5d1f2237d",
    evaluated_epoch: Epoch40,
    transactions: [
      ExpectedTransactionOutput(
        tx: "ContractCall(address: ST1AW6EKPGT61SQ9FNVDS17RKNWT8ZP582VF9HSCP, contract_name: pow-large-Epoch2_05-Clarity1, function_name: trigger, function_args: [[]])",
        vm_error: "Some(Arithmetic(\"Power argument to (pow ...) must be a u32 integer\")) [NON-CONSENSUS BREAKING]",
        return_type: Response(ResponseData(
          committed: false,
          data: Optional(OptionalData(
            data: None,
          )),
        )),
        cost: ExecutionCost(
          write_length: 0,
          write_count: 0,
          read_length: 52,
          read_count: 3,
          runtime: 183,
        ),
      ),
    ],
    total_block_cost: ExecutionCost(
      write_length: 0,
      write_count: 0,
      read_length: 52,
      read_count: 3,
      runtime: 183,
    ),
  )),
  Success(ExpectedBlockOutput(
    marf_hash: "48b142a738a58f7af4737711311bd1becb7e034baf1c9dbbf484bbf5875af1ec",
    evaluated_epoch: Epoch40,
    transactions: [
      ExpectedTransactionOutput(
        tx: "ContractCall(address: ST1AW6EKPGT61SQ9FNVDS17RKNWT8ZP582VF9HSCP, contract_name: pow-large-Epoch2_1-Clarity1, function_name: trigger, function_args: [[]])",
        vm_error: "Some(Arithmetic(\"Power argument to (pow ...) must be a u32 integer\")) [NON-CONSENSUS BREAKING]",
        return_type: Response(ResponseData(
          committed: false,
          data: Optional(OptionalData(
            data: None,
          )),
        )),
        cost: ExecutionCost(
          write_length: 0,
          write_count: 0,
          read_length: 52,
          read_count: 3,
          runtime: 183,
        ),
      ),
    ],
    total_block_cost: ExecutionCost(
      write_length: 0,
      write_count: 0,
      read_length: 52,
      read_count: 3,
      runtime: 183,
    ),
  )),
  Success(ExpectedBlockOutput(
    marf_hash: "64a8ffcf0a63d915cda439ed6dc837ce69d00abc6d191593cd106e9aa543af37",
    evaluated_epoch: Epoch40,
    transactions: [
      ExpectedTransactionOutput(
        tx: "ContractCall(address: ST1AW6EKPGT61SQ9FNVDS17RKNWT8ZP582VF9HSCP, contract_name: pow-large-Epoch2_1-Clarity2, function_name: trigger, function_args: [[]])",
        vm_error: "Some(Arithmetic(\"Power argument to (pow ...) must be a u32 integer\")) [NON-CONSENSUS BREAKING]",
        return_type: Response(ResponseData(
          committed: false,
          data: Optional(OptionalData(
            data: None,
          )),
        )),
        cost: ExecutionCost(
          write_length: 0,
          write_count: 0,
          read_length: 52,
          read_count: 3,
          runtime: 183,
        ),
      ),
    ],
    total_block_cost: ExecutionCost(
      write_length: 0,
      write_count: 0,
      read_length: 52,
      read_count: 3,
      runtime: 183,
    ),
  )),
  Success(ExpectedBlockOutput(
    marf_hash: "8385713b013c37ab13cfdbdd0b3b3ceaee87df556649fcbe4209baf676f98f65",
    evaluated_epoch: Epoch40,
    transactions: [
      ExpectedTransactionOutput(
        tx: "ContractCall(address: ST1AW6EKPGT61SQ9FNVDS17RKNWT8ZP582VF9HSCP, contract_name: pow-large-Epoch2_2-Clarity1, function_name: trigger, function_args: [[]])",
        vm_error: "Some(Arithmetic(\"Power argument to (pow ...) must be a u32 integer\")) [NON-CONSENSUS BREAKING]",
        return_type: Response(ResponseData(
          committed: false,
          data: Optional(OptionalData(
            data: None,
          )),
        )),
        cost: ExecutionCost(
          write_length: 0,
          write_count: 0,
          read_length: 52,
          read_count: 3,
          runtime: 183,
        ),
      ),
    ],
    total_block_cost: ExecutionCost(
      write_length: 0,
      write_count: 0,
      read_length: 52,
      read_count: 3,
      runtime: 183,
    ),
  )),
  Success(ExpectedBlockOutput(
    marf_hash: "d0c747aaa3561b36cfbe67c89a9040e66db3d2dd9ab190e5bc4e6f30cd41cf13",
    evaluated_epoch: Epoch40,
    transactions: [
      ExpectedTransactionOutput(
        tx: "ContractCall(address: ST1AW6EKPGT61SQ9FNVDS17RKNWT8ZP582VF9HSCP, contract_name: pow-large-Epoch2_2-Clarity2, function_name: trigger, function_args: [[]])",
        vm_error: "Some(Arithmetic(\"Power argument to (pow ...) must be a u32 integer\")) [NON-CONSENSUS BREAKING]",
        return_type: Response(ResponseData(
          committed: false,
          data: Optional(OptionalData(
            data: None,
          )),
        )),
        cost: ExecutionCost(
          write_length: 0,
          write_count: 0,
          read_length: 52,
          read_count: 3,
          runtime: 183,
        ),
      ),
    ],
    total_block_cost: ExecutionCost(
      write_length: 0,
      write_count: 0,
      read_length: 52,
      read_count: 3,
      runtime: 183,
    ),
  )),
  Success(ExpectedBlockOutput(
    marf_hash: "0353749f1b09f3ee70ea80b79bb526af1b4f8a4f3372f2dca8c57ebe4f8390f0",
    evaluated_epoch: Epoch40,
    transactions: [
      ExpectedTransactionOutput(
        tx: "ContractCall(address: ST1AW6EKPGT61SQ9FNVDS17RKNWT8ZP582VF9HSCP, contract_name: pow-large-Epoch2_3-Clarity1, function_name: trigger, function_args: [[]])",
        vm_error: "Some(Arithmetic(\"Power argument to (pow ...) must be a u32 integer\")) [NON-CONSENSUS BREAKING]",
        return_type: Response(ResponseData(
          committed: false,
          data: Optional(OptionalData(
            data: None,
          )),
        )),
        cost: ExecutionCost(
          write_length: 0,
          write_count: 0,
          read_length: 52,
          read_count: 3,
          runtime: 183,
        ),
      ),
    ],
    total_block_cost: ExecutionCost(
      write_length: 0,
      write_count: 0,
      read_length: 52,
      read_count: 3,
      runtime: 183,
    ),
  )),
  Success(ExpectedBlockOutput(
    marf_hash: "4a47c69ebe3e3a0efcd0091f4971b61271c2e17957e0ce37fbb2e85f17959ce2",
    evaluated_epoch: Epoch40,
    transactions: [
      ExpectedTransactionOutput(
        tx: "ContractCall(address: ST1AW6EKPGT61SQ9FNVDS17RKNWT8ZP582VF9HSCP, contract_name: pow-large-Epoch2_3-Clarity2, function_name: trigger, function_args: [[]])",
        vm_error: "Some(Arithmetic(\"Power argument to (pow ...) must be a u32 integer\")) [NON-CONSENSUS BREAKING]",
        return_type: Response(ResponseData(
          committed: false,
          data: Optional(OptionalData(
            data: None,
          )),
        )),
        cost: ExecutionCost(
          write_length: 0,
          write_count: 0,
          read_length: 52,
          read_count: 3,
          runtime: 183,
        ),
      ),
    ],
    total_block_cost: ExecutionCost(
      write_length: 0,
      write_count: 0,
      read_length: 52,
      read_count: 3,
      runtime: 183,
    ),
  )),
  Success(ExpectedBlockOutput(
    marf_hash: "d2e793c8e86ab706ee5a0b6b02e7490b2ddc41acaf6620b21e0c6e3fba73dd86",
    evaluated_epoch: Epoch40,
    transactions: [
      ExpectedTransactionOutput(
        tx: "ContractCall(address: ST1AW6EKPGT61SQ9FNVDS17RKNWT8ZP582VF9HSCP, contract_name: pow-large-Epoch2_4-Clarity1, function_name: trigger, function_args: [[]])",
        vm_error: "Some(Arithmetic(\"Power argument to (pow ...) must be a u32 integer\")) [NON-CONSENSUS BREAKING]",
        return_type: Response(ResponseData(
          committed: false,
          data: Optional(OptionalData(
            data: None,
          )),
        )),
        cost: ExecutionCost(
          write_length: 0,
          write_count: 0,
          read_length: 52,
          read_count: 3,
          runtime: 183,
        ),
      ),
    ],
    total_block_cost: ExecutionCost(
      write_length: 0,
      write_count: 0,
      read_length: 52,
      read_count: 3,
      runtime: 183,
    ),
  )),
  Success(ExpectedBlockOutput(
    marf_hash: "9256e30a631bd213c4950a97926b469f5d2fcc83fe84f014ebd8909c807721a8",
    evaluated_epoch: Epoch40,
    transactions: [
      ExpectedTransactionOutput(
        tx: "ContractCall(address: ST1AW6EKPGT61SQ9FNVDS17RKNWT8ZP582VF9HSCP, contract_name: pow-large-Epoch2_4-Clarity2, function_name: trigger, function_args: [[]])",
        vm_error: "Some(Arithmetic(\"Power argument to (pow ...) must be a u32 integer\")) [NON-CONSENSUS BREAKING]",
        return_type: Response(ResponseData(
          committed: false,
          data: Optional(OptionalData(
            data: None,
          )),
        )),
        cost: ExecutionCost(
          write_length: 0,
          write_count: 0,
          read_length: 52,
          read_count: 3,
          runtime: 183,
        ),
      ),
    ],
    total_block_cost: ExecutionCost(
      write_length: 0,
      write_count: 0,
      read_length: 52,
      read_count: 3,
      runtime: 183,
    ),
  )),
  Success(ExpectedBlockOutput(
    marf_hash: "266474b812fcb3d8d36ece482973e289f85be258441bd11012ca9ac9fc9eec2c",
    evaluated_epoch: Epoch40,
    transactions: [
      ExpectedTransactionOutput(
        tx: "ContractCall(address: ST1AW6EKPGT61SQ9FNVDS17RKNWT8ZP582VF9HSCP, contract_name: pow-large-Epoch2_5-Clarity1, function_name: trigger, function_args: [[]])",
        vm_error: "Some(Arithmetic(\"Power argument to (pow ...) must be a u32 integer\")) [NON-CONSENSUS BREAKING]",
        return_type: Response(ResponseData(
          committed: false,
          data: Optional(OptionalData(
            data: None,
          )),
        )),
        cost: ExecutionCost(
          write_length: 0,
          write_count: 0,
          read_length: 52,
          read_count: 3,
          runtime: 183,
        ),
      ),
    ],
    total_block_cost: ExecutionCost(
      write_length: 0,
      write_count: 0,
      read_length: 52,
      read_count: 3,
      runtime: 183,
    ),
  )),
  Success(ExpectedBlockOutput(
    marf_hash: "e0cd56d3ae27953fd8a19f20cb46d0c0691cab93d58a0e57a7e41e015609331d",
    evaluated_epoch: Epoch40,
    transactions: [
      ExpectedTransactionOutput(
        tx: "ContractCall(address: ST1AW6EKPGT61SQ9FNVDS17RKNWT8ZP582VF9HSCP, contract_name: pow-large-Epoch2_5-Clarity2, function_name: trigger, function_args: [[]])",
        vm_error: "Some(Arithmetic(\"Power argument to (pow ...) must be a u32 integer\")) [NON-CONSENSUS BREAKING]",
        return_type: Response(ResponseData(
          committed: false,
          data: Optional(OptionalData(
            data: None,
          )),
        )),
        cost: ExecutionCost(
          write_length: 0,
          write_count: 0,
          read_length: 52,
          read_count: 3,
          runtime: 183,
        ),
      ),
    ],
    total_block_cost: ExecutionCost(
      write_length: 0,
      write_count: 0,
      read_length: 52,
      read_count: 3,
      runtime: 183,
    ),
  )),
  Success(ExpectedBlockOutput(
    marf_hash: "11d01cad7fe9d1141e137e853d2c0d318242aaac5c836e3732b5aceb874b4364",
    evaluated_epoch: Epoch40,
    transactions: [
      ExpectedTransactionOutput(
        tx: "ContractCall(address: ST1AW6EKPGT61SQ9FNVDS17RKNWT8ZP582VF9HSCP, contract_name: pow-large-Epoch3_0-Clarity1, function_name: trigger, function_args: [[]])",
        vm_error: "Some(Arithmetic(\"Power argument to (pow ...) must be a u32 integer\")) [NON-CONSENSUS BREAKING]",
        return_type: Response(ResponseData(
          committed: false,
          data: Optional(OptionalData(
            data: None,
          )),
        )),
        cost: ExecutionCost(
          write_length: 0,
          write_count: 0,
          read_length: 52,
          read_count: 3,
          runtime: 183,
        ),
      ),
    ],
    total_block_cost: ExecutionCost(
      write_length: 0,
      write_count: 0,
      read_length: 52,
      read_count: 3,
      runtime: 183,
    ),
  )),
  Success(ExpectedBlockOutput(
    marf_hash: "4430cbdca4e840652dd953eb8bd55da4352aa483b6716aa219b157b8b27b077f",
    evaluated_epoch: Epoch40,
    transactions: [
      ExpectedTransactionOutput(
        tx: "ContractCall(address: ST1AW6EKPGT61SQ9FNVDS17RKNWT8ZP582VF9HSCP, contract_name: pow-large-Epoch3_0-Clarity2, function_name: trigger, function_args: [[]])",
        vm_error: "Some(Arithmetic(\"Power argument to (pow ...) must be a u32 integer\")) [NON-CONSENSUS BREAKING]",
        return_type: Response(ResponseData(
          committed: false,
          data: Optional(OptionalData(
            data: None,
          )),
        )),
        cost: ExecutionCost(
          write_length: 0,
          write_count: 0,
          read_length: 52,
          read_count: 3,
          runtime: 183,
        ),
      ),
    ],
    total_block_cost: ExecutionCost(
      write_length: 0,
      write_count: 0,
      read_length: 52,
      read_count: 3,
      runtime: 183,
    ),
  )),
  Success(ExpectedBlockOutput(
    marf_hash: "fe2ff62a44a5a68bdd8763eaea29822d8b81bdac873eb9f2eb4802626b403f50",
    evaluated_epoch: Epoch40,
    transactions: [
      ExpectedTransactionOutput(
        tx: "ContractCall(address: ST1AW6EKPGT61SQ9FNVDS17RKNWT8ZP582VF9HSCP, contract_name: pow-large-Epoch3_0-Clarity3, function_name: trigger, function_args: [[]])",
        vm_error: "Some(Arithmetic(\"Power argument to (pow ...) must be a u32 integer\")) [NON-CONSENSUS BREAKING]",
        return_type: Response(ResponseData(
          committed: false,
          data: Optional(OptionalData(
            data: None,
          )),
        )),
        cost: ExecutionCost(
          write_length: 0,
          write_count: 0,
          read_length: 52,
          read_count: 3,
          runtime: 183,
        ),
      ),
    ],
    total_block_cost: ExecutionCost(
      write_length: 0,
      write_count: 0,
      read_length: 52,
      read_count: 3,
      runtime: 183,
    ),
  )),
  Success(ExpectedBlockOutput(
    marf_hash: "d1e493edd6fe2e0e26ad84101b903f35b2503a96934475d2f15a6215aa67c4ba",
    evaluated_epoch: Epoch40,
    transactions: [
      ExpectedTransactionOutput(
        tx: "ContractCall(address: ST1AW6EKPGT61SQ9FNVDS17RKNWT8ZP582VF9HSCP, contract_name: pow-large-Epoch3_1-Clarity1, function_name: trigger, function_args: [[]])",
        vm_error: "Some(Arithmetic(\"Power argument to (pow ...) must be a u32 integer\")) [NON-CONSENSUS BREAKING]",
        return_type: Response(ResponseData(
          committed: false,
          data: Optional(OptionalData(
            data: None,
          )),
        )),
        cost: ExecutionCost(
          write_length: 0,
          write_count: 0,
          read_length: 52,
          read_count: 3,
          runtime: 183,
        ),
      ),
    ],
    total_block_cost: ExecutionCost(
      write_length: 0,
      write_count: 0,
      read_length: 52,
      read_count: 3,
      runtime: 183,
    ),
  )),
  Success(ExpectedBlockOutput(
    marf_hash: "c7d3ff85a44485a53d9fab9a0071ffbab5911e3cc99a0d517bfa83dcaa92a701",
    evaluated_epoch: Epoch40,
    transactions: [
      ExpectedTransactionOutput(
        tx: "ContractCall(address: ST1AW6EKPGT61SQ9FNVDS17RKNWT8ZP582VF9HSCP, contract_name: pow-large-Epoch3_1-Clarity2, function_name: trigger, function_args: [[]])",
        vm_error: "Some(Arithmetic(\"Power argument to (pow ...) must be a u32 integer\")) [NON-CONSENSUS BREAKING]",
        return_type: Response(ResponseData(
          committed: false,
          data: Optional(OptionalData(
            data: None,
          )),
        )),
        cost: ExecutionCost(
          write_length: 0,
          write_count: 0,
          read_length: 52,
          read_count: 3,
          runtime: 183,
        ),
      ),
    ],
    total_block_cost: ExecutionCost(
      write_length: 0,
      write_count: 0,
      read_length: 52,
      read_count: 3,
      runtime: 183,
    ),
  )),
  Success(ExpectedBlockOutput(
    marf_hash: "82eb86d5290c577c30ce95ec9a51954d9f9100d00f204eb33492e68c4393ad73",
    evaluated_epoch: Epoch40,
    transactions: [
      ExpectedTransactionOutput(
        tx: "ContractCall(address: ST1AW6EKPGT61SQ9FNVDS17RKNWT8ZP582VF9HSCP, contract_name: pow-large-Epoch3_1-Clarity3, function_name: trigger, function_args: [[]])",
        vm_error: "Some(Arithmetic(\"Power argument to (pow ...) must be a u32 integer\")) [NON-CONSENSUS BREAKING]",
        return_type: Response(ResponseData(
          committed: false,
          data: Optional(OptionalData(
            data: None,
          )),
        )),
        cost: ExecutionCost(
          write_length: 0,
          write_count: 0,
          read_length: 52,
          read_count: 3,
          runtime: 183,
        ),
      ),
    ],
    total_block_cost: ExecutionCost(
      write_length: 0,
      write_count: 0,
      read_length: 52,
      read_count: 3,
      runtime: 183,
    ),
  )),
  Success(ExpectedBlockOutput(
    marf_hash: "7abfc259943ef3a96036df456fd495cacc6c35f390da432818c618573197a17b",
    evaluated_epoch: Epoch40,
    transactions: [
      ExpectedTransactionOutput(
        tx: "ContractCall(address: ST1AW6EKPGT61SQ9FNVDS17RKNWT8ZP582VF9HSCP, contract_name: pow-large-Epoch3_2-Clarity1, function_name: trigger, function_args: [[]])",
        vm_error: "Some(Arithmetic(\"Power argument to (pow ...) must be a u32 integer\")) [NON-CONSENSUS BREAKING]",
        return_type: Response(ResponseData(
          committed: false,
          data: Optional(OptionalData(
            data: None,
          )),
        )),
        cost: ExecutionCost(
          write_length: 0,
          write_count: 0,
          read_length: 52,
          read_count: 3,
          runtime: 183,
        ),
      ),
    ],
    total_block_cost: ExecutionCost(
      write_length: 0,
      write_count: 0,
      read_length: 52,
      read_count: 3,
      runtime: 183,
    ),
  )),
  Success(ExpectedBlockOutput(
    marf_hash: "0107072789c6b0546ea9edc986296240781d17a844ffcbeb14a85e98c1188d3a",
    evaluated_epoch: Epoch40,
    transactions: [
      ExpectedTransactionOutput(
        tx: "ContractCall(address: ST1AW6EKPGT61SQ9FNVDS17RKNWT8ZP582VF9HSCP, contract_name: pow-large-Epoch3_2-Clarity2, function_name: trigger, function_args: [[]])",
        vm_error: "Some(Arithmetic(\"Power argument to (pow ...) must be a u32 integer\")) [NON-CONSENSUS BREAKING]",
        return_type: Response(ResponseData(
          committed: false,
          data: Optional(OptionalData(
            data: None,
          )),
        )),
        cost: ExecutionCost(
          write_length: 0,
          write_count: 0,
          read_length: 52,
          read_count: 3,
          runtime: 183,
        ),
      ),
    ],
    total_block_cost: ExecutionCost(
      write_length: 0,
      write_count: 0,
      read_length: 52,
      read_count: 3,
      runtime: 183,
    ),
  )),
  Success(ExpectedBlockOutput(
    marf_hash: "5b31fe69d842bfe55d5bcdecec6aeeb24ab712e27cabb549cccfe5b475bfa994",
    evaluated_epoch: Epoch40,
    transactions: [
      ExpectedTransactionOutput(
        tx: "ContractCall(address: ST1AW6EKPGT61SQ9FNVDS17RKNWT8ZP582VF9HSCP, contract_name: pow-large-Epoch3_2-Clarity3, function_name: trigger, function_args: [[]])",
        vm_error: "Some(Arithmetic(\"Power argument to (pow ...) must be a u32 integer\")) [NON-CONSENSUS BREAKING]",
        return_type: Response(ResponseData(
          committed: false,
          data: Optional(OptionalData(
            data: None,
          )),
        )),
        cost: ExecutionCost(
          write_length: 0,
          write_count: 0,
          read_length: 52,
          read_count: 3,
          runtime: 183,
        ),
      ),
    ],
    total_block_cost: ExecutionCost(
      write_length: 0,
      write_count: 0,
      read_length: 52,
      read_count: 3,
      runtime: 183,
    ),
  )),
  Success(ExpectedBlockOutput(
    marf_hash: "46ace28224edab83dddb6cae4e4400ce10114baa04b1c6642d98c23faeabbaed",
    evaluated_epoch: Epoch40,
    transactions: [
      ExpectedTransactionOutput(
        tx: "ContractCall(address: ST1AW6EKPGT61SQ9FNVDS17RKNWT8ZP582VF9HSCP, contract_name: pow-large-Epoch3_3-Clarity1, function_name: trigger, function_args: [[]])",
        vm_error: "Some(Arithmetic(\"Power argument to (pow ...) must be a u32 integer\")) [NON-CONSENSUS BREAKING]",
        return_type: Response(ResponseData(
          committed: false,
          data: Optional(OptionalData(
            data: None,
          )),
        )),
        cost: ExecutionCost(
          write_length: 0,
          write_count: 0,
          read_length: 52,
          read_count: 3,
          runtime: 183,
        ),
      ),
    ],
    total_block_cost: ExecutionCost(
      write_length: 0,
      write_count: 0,
      read_length: 52,
      read_count: 3,
      runtime: 183,
    ),
  )),
  Success(ExpectedBlockOutput(
    marf_hash: "d91d8c52dacacf7cd1b44d7caf4105c018066eee2446dc5e8a540d0ffef767b3",
    evaluated_epoch: Epoch40,
    transactions: [
      ExpectedTransactionOutput(
        tx: "ContractCall(address: ST1AW6EKPGT61SQ9FNVDS17RKNWT8ZP582VF9HSCP, contract_name: pow-large-Epoch3_3-Clarity2, function_name: trigger, function_args: [[]])",
        vm_error: "Some(Arithmetic(\"Power argument to (pow ...) must be a u32 integer\")) [NON-CONSENSUS BREAKING]",
        return_type: Response(ResponseData(
          committed: false,
          data: Optional(OptionalData(
            data: None,
          )),
        )),
        cost: ExecutionCost(
          write_length: 0,
          write_count: 0,
          read_length: 52,
          read_count: 3,
          runtime: 183,
        ),
      ),
    ],
    total_block_cost: ExecutionCost(
      write_length: 0,
      write_count: 0,
      read_length: 52,
      read_count: 3,
      runtime: 183,
    ),
  )),
  Success(ExpectedBlockOutput(
    marf_hash: "022ddbe19260c6af7e48dbec73d37dd1cee334691e970cb5de2d47baff0ddf8b",
    evaluated_epoch: Epoch40,
    transactions: [
      ExpectedTransactionOutput(
        tx: "ContractCall(address: ST1AW6EKPGT61SQ9FNVDS17RKNWT8ZP582VF9HSCP, contract_name: pow-large-Epoch3_3-Clarity3, function_name: trigger, function_args: [[]])",
        vm_error: "Some(Arithmetic(\"Power argument to (pow ...) must be a u32 integer\")) [NON-CONSENSUS BREAKING]",
        return_type: Response(ResponseData(
          committed: false,
          data: Optional(OptionalData(
            data: None,
          )),
        )),
        cost: ExecutionCost(
          write_length: 0,
          write_count: 0,
          read_length: 52,
          read_count: 3,
          runtime: 183,
        ),
      ),
    ],
    total_block_cost: ExecutionCost(
      write_length: 0,
      write_count: 0,
      read_length: 52,
      read_count: 3,
      runtime: 183,
    ),
  )),
  Success(ExpectedBlockOutput(
    marf_hash: "6ba3301f4eb9abc0a251737c884b815857952c583edf0f8c27cea38f0912cd8f",
    evaluated_epoch: Epoch40,
    transactions: [
      ExpectedTransactionOutput(
        tx: "ContractCall(address: ST1AW6EKPGT61SQ9FNVDS17RKNWT8ZP582VF9HSCP, contract_name: pow-large-Epoch3_3-Clarity4, function_name: trigger, function_args: [[]])",
        vm_error: "Some(Arithmetic(\"Power argument to (pow ...) must be a u32 integer\")) [NON-CONSENSUS BREAKING]",
        return_type: Response(ResponseData(
          committed: false,
          data: Optional(OptionalData(
            data: None,
          )),
        )),
        cost: ExecutionCost(
          write_length: 0,
          write_count: 0,
          read_length: 52,
          read_count: 3,
          runtime: 183,
        ),
      ),
    ],
    total_block_cost: ExecutionCost(
      write_length: 0,
      write_count: 0,
      read_length: 52,
      read_count: 3,
      runtime: 183,
    ),
  )),
  Success(ExpectedBlockOutput(
    marf_hash: "269df4bb51417efa85fcdd9935455c9aaef9258939a639cfef4f5cc2bab82b19",
    evaluated_epoch: Epoch40,
    transactions: [
      ExpectedTransactionOutput(
        tx: "ContractCall(address: ST1AW6EKPGT61SQ9FNVDS17RKNWT8ZP582VF9HSCP, contract_name: pow-large-Epoch3_4-Clarity1, function_name: trigger, function_args: [[]])",
        vm_error: "Some(Arithmetic(\"Power argument to (pow ...) must be a u32 integer\")) [NON-CONSENSUS BREAKING]",
        return_type: Response(ResponseData(
          committed: false,
          data: Optional(OptionalData(
            data: None,
          )),
        )),
        cost: ExecutionCost(
          write_length: 0,
          write_count: 0,
          read_length: 52,
          read_count: 3,
          runtime: 183,
        ),
      ),
    ],
    total_block_cost: ExecutionCost(
      write_length: 0,
      write_count: 0,
      read_length: 52,
      read_count: 3,
      runtime: 183,
    ),
  )),
  Success(ExpectedBlockOutput(
    marf_hash: "1a9de54c48d5f62fd91aa9fc58b3406af3f34521647e2fa40a702fca6fa69882",
    evaluated_epoch: Epoch40,
    transactions: [
      ExpectedTransactionOutput(
        tx: "ContractCall(address: ST1AW6EKPGT61SQ9FNVDS17RKNWT8ZP582VF9HSCP, contract_name: pow-large-Epoch3_4-Clarity2, function_name: trigger, function_args: [[]])",
        vm_error: "Some(Arithmetic(\"Power argument to (pow ...) must be a u32 integer\")) [NON-CONSENSUS BREAKING]",
        return_type: Response(ResponseData(
          committed: false,
          data: Optional(OptionalData(
            data: None,
          )),
        )),
        cost: ExecutionCost(
          write_length: 0,
          write_count: 0,
          read_length: 52,
          read_count: 3,
          runtime: 183,
        ),
      ),
    ],
    total_block_cost: ExecutionCost(
      write_length: 0,
      write_count: 0,
      read_length: 52,
      read_count: 3,
      runtime: 183,
    ),
  )),
  Success(ExpectedBlockOutput(
    marf_hash: "56cefc2e3f04414fa780ca8a56b9299df51be106f169c3919fe0a90be7ec872d",
    evaluated_epoch: Epoch40,
    transactions: [
      ExpectedTransactionOutput(
        tx: "ContractCall(address: ST1AW6EKPGT61SQ9FNVDS17RKNWT8ZP582VF9HSCP, contract_name: pow-large-Epoch3_4-Clarity3, function_name: trigger, function_args: [[]])",
        vm_error: "Some(Arithmetic(\"Power argument to (pow ...) must be a u32 integer\")) [NON-CONSENSUS BREAKING]",
        return_type: Response(ResponseData(
          committed: false,
          data: Optional(OptionalData(
            data: None,
          )),
        )),
        cost: ExecutionCost(
          write_length: 0,
          write_count: 0,
          read_length: 52,
          read_count: 3,
          runtime: 183,
        ),
      ),
    ],
    total_block_cost: ExecutionCost(
      write_length: 0,
      write_count: 0,
      read_length: 52,
      read_count: 3,
      runtime: 183,
    ),
  )),
  Success(ExpectedBlockOutput(
    marf_hash: "b7f0ae4a25ff35c2d455b563de89bc86fca9eb56dfeb51491917bd609ab6b7fb",
    evaluated_epoch: Epoch40,
    transactions: [
      ExpectedTransactionOutput(
        tx: "ContractCall(address: ST1AW6EKPGT61SQ9FNVDS17RKNWT8ZP582VF9HSCP, contract_name: pow-large-Epoch3_4-Clarity4, function_name: trigger, function_args: [[]])",
        vm_error: "Some(Arithmetic(\"Power argument to (pow ...) must be a u32 integer\")) [NON-CONSENSUS BREAKING]",
        return_type: Response(ResponseData(
          committed: false,
          data: Optional(OptionalData(
            data: None,
          )),
        )),
        cost: ExecutionCost(
          write_length: 0,
          write_count: 0,
          read_length: 52,
          read_count: 3,
          runtime: 183,
        ),
      ),
    ],
    total_block_cost: ExecutionCost(
      write_length: 0,
      write_count: 0,
      read_length: 52,
      read_count: 3,
      runtime: 183,
    ),
  )),
  Success(ExpectedBlockOutput(
    marf_hash: "9fe8819060c64e6878f13f63e2a66ed8f1cab4666487c37c7ad6284439436d0d",
    evaluated_epoch: Epoch40,
    transactions: [
      ExpectedTransactionOutput(
        tx: "ContractCall(address: ST1AW6EKPGT61SQ9FNVDS17RKNWT8ZP582VF9HSCP, contract_name: pow-large-Epoch3_4-Clarity5, function_name: trigger, function_args: [[]])",
        vm_error: "Some(Arithmetic(\"Power argument to (pow ...) must be a u32 integer\")) [NON-CONSENSUS BREAKING]",
        return_type: Response(ResponseData(
          committed: false,
          data: Optional(OptionalData(
            data: None,
          )),
        )),
        cost: ExecutionCost(
          write_length: 0,
          write_count: 0,
          read_length: 52,
          read_count: 3,
          runtime: 183,
        ),
      ),
    ],
    total_block_cost: ExecutionCost(
      write_length: 0,
      write_count: 0,
      read_length: 52,
      read_count: 3,
      runtime: 183,
    ),
  )),
  Success(ExpectedBlockOutput(
    marf_hash: "8234c522ebfdf3567247cdf359d88d9c8604cfd52ec2b3bb8ee57a2e3439f0a5",
    evaluated_epoch: Epoch40,
    transactions: [
      ExpectedTransactionOutput(
        tx: "ContractCall(address: ST1AW6EKPGT61SQ9FNVDS17RKNWT8ZP582VF9HSCP, contract_name: pow-large-Epoch4_0-Clarity1, function_name: trigger, function_args: [[]])",
        vm_error: "Some(Arithmetic(\"Power argument to (pow ...) must be a u32 integer\")) [NON-CONSENSUS BREAKING]",
        return_type: Response(ResponseData(
          committed: false,
          data: Optional(OptionalData(
            data: None,
          )),
        )),
        cost: ExecutionCost(
          write_length: 0,
          write_count: 0,
          read_length: 52,
          read_count: 3,
          runtime: 183,
        ),
      ),
    ],
    total_block_cost: ExecutionCost(
      write_length: 0,
      write_count: 0,
      read_length: 52,
      read_count: 3,
      runtime: 183,
    ),
  )),
  Success(ExpectedBlockOutput(
    marf_hash: "b5d62d5006753232e04e8753612777ac3044e832ddf3c83841ded9c4a9bb7e15",
    evaluated_epoch: Epoch40,
    transactions: [
      ExpectedTransactionOutput(
        tx: "ContractCall(address: ST1AW6EKPGT61SQ9FNVDS17RKNWT8ZP582VF9HSCP, contract_name: pow-large-Epoch4_0-Clarity2, function_name: trigger, function_args: [[]])",
        vm_error: "Some(Arithmetic(\"Power argument to (pow ...) must be a u32 integer\")) [NON-CONSENSUS BREAKING]",
        return_type: Response(ResponseData(
          committed: false,
          data: Optional(OptionalData(
            data: None,
          )),
        )),
        cost: ExecutionCost(
          write_length: 0,
          write_count: 0,
          read_length: 52,
          read_count: 3,
          runtime: 183,
        ),
      ),
    ],
    total_block_cost: ExecutionCost(
      write_length: 0,
      write_count: 0,
      read_length: 52,
      read_count: 3,
      runtime: 183,
    ),
  )),
  Success(ExpectedBlockOutput(
    marf_hash: "8ef1f1d4a83b505c772872348f21e949ddce9b8316a6d9953576342a347738cf",
    evaluated_epoch: Epoch40,
    transactions: [
      ExpectedTransactionOutput(
        tx: "ContractCall(address: ST1AW6EKPGT61SQ9FNVDS17RKNWT8ZP582VF9HSCP, contract_name: pow-large-Epoch4_0-Clarity3, function_name: trigger, function_args: [[]])",
        vm_error: "Some(Arithmetic(\"Power argument to (pow ...) must be a u32 integer\")) [NON-CONSENSUS BREAKING]",
        return_type: Response(ResponseData(
          committed: false,
          data: Optional(OptionalData(
            data: None,
          )),
        )),
        cost: ExecutionCost(
          write_length: 0,
          write_count: 0,
          read_length: 52,
          read_count: 3,
          runtime: 183,
        ),
      ),
    ],
    total_block_cost: ExecutionCost(
      write_length: 0,
      write_count: 0,
      read_length: 52,
      read_count: 3,
      runtime: 183,
    ),
  )),
  Success(ExpectedBlockOutput(
    marf_hash: "aae330f78e873587fbb355169be2700962baf27ec1434aed598b8f2c42d63983",
    evaluated_epoch: Epoch40,
    transactions: [
      ExpectedTransactionOutput(
        tx: "ContractCall(address: ST1AW6EKPGT61SQ9FNVDS17RKNWT8ZP582VF9HSCP, contract_name: pow-large-Epoch4_0-Clarity4, function_name: trigger, function_args: [[]])",
        vm_error: "Some(Arithmetic(\"Power argument to (pow ...) must be a u32 integer\")) [NON-CONSENSUS BREAKING]",
        return_type: Response(ResponseData(
          committed: false,
          data: Optional(OptionalData(
            data: None,
          )),
        )),
        cost: ExecutionCost(
          write_length: 0,
          write_count: 0,
          read_length: 52,
          read_count: 3,
          runtime: 183,
        ),
      ),
    ],
    total_block_cost: ExecutionCost(
      write_length: 0,
      write_count: 0,
      read_length: 52,
      read_count: 3,
      runtime: 183,
    ),
  )),
  Success(ExpectedBlockOutput(
    marf_hash: "84b43e6b787cc21c40f0d04966691e79f14956d37c3309635045e5b986751c44",
    evaluated_epoch: Epoch40,
    transactions: [
      ExpectedTransactionOutput(
        tx: "ContractCall(address: ST1AW6EKPGT61SQ9FNVDS17RKNWT8ZP582VF9HSCP, contract_name: pow-large-Epoch4_0-Clarity5, function_name: trigger, function_args: [[]])",
        vm_error: "Some(Arithmetic(\"Power argument to (pow ...) must be a u32 integer\")) [NON-CONSENSUS BREAKING]",
        return_type: Response(ResponseData(
          committed: false,
          data: Optional(OptionalData(
            data: None,
          )),
        )),
        cost: ExecutionCost(
          write_length: 0,
          write_count: 0,
          read_length: 52,
          read_count: 3,
          runtime: 183,
        ),
      ),
    ],
    total_block_cost: ExecutionCost(
      write_length: 0,
      write_count: 0,
      read_length: 52,
      read_count: 3,
      runtime: 183,
    ),
  )),
  Success(ExpectedBlockOutput(
    marf_hash: "0e90c14773a6d8cc08216b2b2f0691a4dc797f202dc8afb1a840bbdb38704b0b",
    evaluated_epoch: Epoch40,
    transactions: [
      ExpectedTransactionOutput(
        tx: "ContractCall(address: ST1AW6EKPGT61SQ9FNVDS17RKNWT8ZP582VF9HSCP, contract_name: pow-large-Epoch4_0-Clarity6, function_name: trigger, function_args: [[]])",
        vm_error: "Some(Arithmetic(\"Power argument to (pow ...) must be a u32 integer\")) [NON-CONSENSUS BREAKING]",
        return_type: Response(ResponseData(
          committed: false,
          data: Optional(OptionalData(
            data: None,
          )),
        )),
        cost: ExecutionCost(
          write_length: 0,
          write_count: 0,
          read_length: 52,
          read_count: 3,
          runtime: 183,
        ),
      ),
    ],
    total_block_cost: ExecutionCost(
      write_length: 0,
      write_count: 0,
      read_length: 52,
      read_count: 3,
      runtime: 183,
    ),
  )),
]
