---
source: stackslib/src/chainstate/tests/static_analysis_tests.rs
expression: result.get_expected_results()
---
[
  Success(ExpectedBlockOutput(
    marf_hash: "874ee21973095305a514da9e286158f2cd8d4aeaa9ed1f71894583983ea1bc5a",
    evaluated_epoch: Epoch40,
    transactions: [
      ExpectedTransactionOutput(
        tx: "SmartContract(name: def-trait-bad-sign-Epoch4_0-Clarity1, code_body: [..], clarity_version: Some(Clarity1))",
        vm_error: "Some(:0:0: invalid trait definition) [NON-CONSENSUS BREAKING]",
        return_type: Response(ResponseData(
          committed: false,
          data: Optional(OptionalData(
            data: None,
          )),
        )),
        cost: ExecutionCost(
          write_length: 9,
          write_count: 1,
          read_length: 1,
          read_count: 1,
          runtime: 1397,
        ),
      ),
    ],
    total_block_cost: ExecutionCost(
      write_length: 9,
      write_count: 1,
      read_length: 1,
      read_count: 1,
      runtime: 1397,
    ),
  )),
  Success(ExpectedBlockOutput(
    marf_hash: "4eda60d125b0cc90b27e150d2f53247b51f3b4642f3c544c73375dbff3364501",
    evaluated_epoch: Epoch40,
    transactions: [
      ExpectedTransactionOutput(
        tx: "SmartContract(name: def-trait-bad-sign-Epoch4_0-Clarity2, code_body: [..], clarity_version: Some(Clarity2))",
        vm_error: "Some(:0:0: invalid trait definition) [NON-CONSENSUS BREAKING]",
        return_type: Response(ResponseData(
          committed: false,
          data: Optional(OptionalData(
            data: None,
          )),
        )),
        cost: ExecutionCost(
          write_length: 9,
          write_count: 1,
          read_length: 1,
          read_count: 1,
          runtime: 1397,
        ),
      ),
    ],
    total_block_cost: ExecutionCost(
      write_length: 9,
      write_count: 1,
      read_length: 1,
      read_count: 1,
      runtime: 1397,
    ),
  )),
  Success(ExpectedBlockOutput(
    marf_hash: "b94a20a2866db492a4e565bd86b79437bc13fcc5d926f806d7885a5847bacbfc",
    evaluated_epoch: Epoch40,
    transactions: [
      ExpectedTransactionOutput(
        tx: "SmartContract(name: def-trait-bad-sign-Epoch4_0-Clarity3, code_body: [..], clarity_version: Some(Clarity3))",
        vm_error: "Some(:0:0: invalid trait definition) [NON-CONSENSUS BREAKING]",
        return_type: Response(ResponseData(
          committed: false,
          data: Optional(OptionalData(
            data: None,
          )),
        )),
        cost: ExecutionCost(
          write_length: 9,
          write_count: 1,
          read_length: 1,
          read_count: 1,
          runtime: 1397,
        ),
      ),
    ],
    total_block_cost: ExecutionCost(
      write_length: 9,
      write_count: 1,
      read_length: 1,
      read_count: 1,
      runtime: 1397,
    ),
  )),
  Success(ExpectedBlockOutput(
    marf_hash: "0872fa7e81ec8fcb5e780f77e4b67c05451fa645755a7fc20ec8cae0d4f81b57",
    evaluated_epoch: Epoch40,
    transactions: [
      ExpectedTransactionOutput(
        tx: "SmartContract(name: def-trait-bad-sign-Epoch4_0-Clarity4, code_body: [..], clarity_version: Some(Clarity4))",
        vm_error: "Some(:0:0: invalid trait definition) [NON-CONSENSUS BREAKING]",
        return_type: Response(ResponseData(
          committed: false,
          data: Optional(OptionalData(
            data: None,
          )),
        )),
        cost: ExecutionCost(
          write_length: 9,
          write_count: 1,
          read_length: 1,
          read_count: 1,
          runtime: 1397,
        ),
      ),
    ],
    total_block_cost: ExecutionCost(
      write_length: 9,
      write_count: 1,
      read_length: 1,
      read_count: 1,
      runtime: 1397,
    ),
  )),
  Success(ExpectedBlockOutput(
    marf_hash: "ac471cdb004d3e9699fa1ee3b81272cc8475d2666ded723309a28263867a5385",
    evaluated_epoch: Epoch40,
    transactions: [
      ExpectedTransactionOutput(
        tx: "SmartContract(name: def-trait-bad-sign-Epoch4_0-Clarity5, code_body: [..], clarity_version: Some(Clarity5))",
        vm_error: "Some(:0:0: invalid trait definition) [NON-CONSENSUS BREAKING]",
        return_type: Response(ResponseData(
          committed: false,
          data: Optional(OptionalData(
            data: None,
          )),
        )),
        cost: ExecutionCost(
          write_length: 9,
          write_count: 1,
          read_length: 1,
          read_count: 1,
          runtime: 1397,
        ),
      ),
    ],
    total_block_cost: ExecutionCost(
      write_length: 9,
      write_count: 1,
      read_length: 1,
      read_count: 1,
      runtime: 1397,
    ),
  )),
  Success(ExpectedBlockOutput(
    marf_hash: "cb499779c1e087a15168116a5e4d0ac47cdfa822803d9d444bca93d1efc3e580",
    evaluated_epoch: Epoch40,
    transactions: [
      ExpectedTransactionOutput(
        tx: "SmartContract(name: def-trait-bad-sign-Epoch4_0-Clarity6, code_body: [..], clarity_version: Some(Clarity6))",
        vm_error: "Some(:0:0: invalid trait definition) [NON-CONSENSUS BREAKING]",
        return_type: Response(ResponseData(
          committed: false,
          data: Optional(OptionalData(
            data: None,
          )),
        )),
        cost: ExecutionCost(
          write_length: 9,
          write_count: 1,
          read_length: 1,
          read_count: 1,
          runtime: 1397,
        ),
      ),
    ],
    total_block_cost: ExecutionCost(
      write_length: 9,
      write_count: 1,
      read_length: 1,
      read_count: 1,
      runtime: 1397,
    ),
  )),
]
