---
source: stackslib/src/chainstate/tests/parse_tests.rs
expression: result.get_expected_results()
---
[
  Success(ExpectedBlockOutput(
    marf_hash: "af5a03027fedfae9260eff92eeba6942de91f97b0a0a801569ec7a485f4be385",
    evaluated_epoch: Epoch40,
    transactions: [
      ExpectedTransactionOutput(
        tx: "SmartContract(name: my-contract-Epoch4_0-Clarity1, code_body: [..], clarity_version: Some(Clarity1))",
        vm_error: "Some(expected value expression for tuple) [NON-CONSENSUS BREAKING]",
        return_type: Response(ResponseData(
          committed: false,
          data: Optional(OptionalData(
            data: None,
          )),
        )),
        cost: ExecutionCost(
          write_length: 0,
          write_count: 0,
          read_length: 0,
          read_count: 0,
          runtime: 243,
        ),
      ),
    ],
    total_block_cost: ExecutionCost(
      write_length: 0,
      write_count: 0,
      read_length: 0,
      read_count: 0,
      runtime: 243,
    ),
  )),
  Success(ExpectedBlockOutput(
    marf_hash: "d34be354b70a0489c658a657e639f3b9aa24a02b760e65ce5830bbbe8c5fefdf",
    evaluated_epoch: Epoch40,
    transactions: [
      ExpectedTransactionOutput(
        tx: "SmartContract(name: my-contract-Epoch4_0-Clarity2, code_body: [..], clarity_version: Some(Clarity2))",
        vm_error: "Some(expected value expression for tuple) [NON-CONSENSUS BREAKING]",
        return_type: Response(ResponseData(
          committed: false,
          data: Optional(OptionalData(
            data: None,
          )),
        )),
        cost: ExecutionCost(
          write_length: 0,
          write_count: 0,
          read_length: 0,
          read_count: 0,
          runtime: 243,
        ),
      ),
    ],
    total_block_cost: ExecutionCost(
      write_length: 0,
      write_count: 0,
      read_length: 0,
      read_count: 0,
      runtime: 243,
    ),
  )),
  Success(ExpectedBlockOutput(
    marf_hash: "e8b47e2bc279fd3a5cd986d5a7ddb42b5fe0a6e449fecb160441889a9099af78",
    evaluated_epoch: Epoch40,
    transactions: [
      ExpectedTransactionOutput(
        tx: "SmartContract(name: my-contract-Epoch4_0-Clarity3, code_body: [..], clarity_version: Some(Clarity3))",
        vm_error: "Some(expected value expression for tuple) [NON-CONSENSUS BREAKING]",
        return_type: Response(ResponseData(
          committed: false,
          data: Optional(OptionalData(
            data: None,
          )),
        )),
        cost: ExecutionCost(
          write_length: 0,
          write_count: 0,
          read_length: 0,
          read_count: 0,
          runtime: 243,
        ),
      ),
    ],
    total_block_cost: ExecutionCost(
      write_length: 0,
      write_count: 0,
      read_length: 0,
      read_count: 0,
      runtime: 243,
    ),
  )),
  Success(ExpectedBlockOutput(
    marf_hash: "dde872a4d7fa4fc55d283c2a1486aa39ee19b06b7c90c3bb3b83ec2cc5202a48",
    evaluated_epoch: Epoch40,
    transactions: [
      ExpectedTransactionOutput(
        tx: "SmartContract(name: my-contract-Epoch4_0-Clarity4, code_body: [..], clarity_version: Some(Clarity4))",
        vm_error: "Some(expected value expression for tuple) [NON-CONSENSUS BREAKING]",
        return_type: Response(ResponseData(
          committed: false,
          data: Optional(OptionalData(
            data: None,
          )),
        )),
        cost: ExecutionCost(
          write_length: 0,
          write_count: 0,
          read_length: 0,
          read_count: 0,
          runtime: 243,
        ),
      ),
    ],
    total_block_cost: ExecutionCost(
      write_length: 0,
      write_count: 0,
      read_length: 0,
      read_count: 0,
      runtime: 243,
    ),
  )),
  Success(ExpectedBlockOutput(
    marf_hash: "3ce258af36c55c4cbdc77ebbdf3f8b2d8946f3be42742f38dcf115bc64488b59",
    evaluated_epoch: Epoch40,
    transactions: [
      ExpectedTransactionOutput(
        tx: "SmartContract(name: my-contract-Epoch4_0-Clarity5, code_body: [..], clarity_version: Some(Clarity5))",
        vm_error: "Some(expected value expression for tuple) [NON-CONSENSUS BREAKING]",
        return_type: Response(ResponseData(
          committed: false,
          data: Optional(OptionalData(
            data: None,
          )),
        )),
        cost: ExecutionCost(
          write_length: 0,
          write_count: 0,
          read_length: 0,
          read_count: 0,
          runtime: 243,
        ),
      ),
    ],
    total_block_cost: ExecutionCost(
      write_length: 0,
      write_count: 0,
      read_length: 0,
      read_count: 0,
      runtime: 243,
    ),
  )),
  Success(ExpectedBlockOutput(
    marf_hash: "844ba06da974c6cf77c8072fea0a981e4f0444907a54e5c13d5f53a546226976",
    evaluated_epoch: Epoch40,
    transactions: [
      ExpectedTransactionOutput(
        tx: "SmartContract(name: my-contract-Epoch4_0-Clarity6, code_body: [..], clarity_version: Some(Clarity6))",
        vm_error: "Some(expected value expression for tuple) [NON-CONSENSUS BREAKING]",
        return_type: Response(ResponseData(
          committed: false,
          data: Optional(OptionalData(
            data: None,
          )),
        )),
        cost: ExecutionCost(
          write_length: 0,
          write_count: 0,
          read_length: 0,
          read_count: 0,
          runtime: 243,
        ),
      ),
    ],
    total_block_cost: ExecutionCost(
      write_length: 0,
      write_count: 0,
      read_length: 0,
      read_count: 0,
      runtime: 243,
    ),
  )),
]
