---
source: stackslib/src/chainstate/tests/static_analysis_tests.rs
expression: result
---
[
  Success(ExpectedBlockOutput(
    marf_hash: "a78f8b097673c6e4caf19547688c1fb1a8d8ea4bf67c6d4d5e596747de8ff3fb",
    evaluated_epoch: Epoch33,
    transactions: [
      ExpectedTransactionOutput(
        tx: "SmartContract(name: could-not-determine-Epoch3_3-Clarity1, code_body: [..], clarity_version: Some(Clarity1))",
        vm_error: "Some(:0:0: type of expression cannot be determined) [NON-CONSENSUS BREAKING]",
        return_type: Response(ResponseData(
          committed: false,
          data: Optional(OptionalData(
            data: None,
          )),
        )),
        cost: ExecutionCost(
          write_length: 6,
          write_count: 1,
          read_length: 1,
          read_count: 1,
          runtime: 1136,
        ),
      ),
    ],
    total_block_cost: ExecutionCost(
      write_length: 6,
      write_count: 1,
      read_length: 1,
      read_count: 1,
      runtime: 1136,
    ),
  )),
  Success(ExpectedBlockOutput(
    marf_hash: "bb84844535aa3e3d57379939c3424394e2f0c01c1f1df320fddd72da8c40847e",
    evaluated_epoch: Epoch33,
    transactions: [
      ExpectedTransactionOutput(
        tx: "SmartContract(name: could-not-determine-Epoch3_3-Clarity2, code_body: [..], clarity_version: Some(Clarity2))",
        vm_error: "Some(:0:0: type of expression cannot be determined) [NON-CONSENSUS BREAKING]",
        return_type: Response(ResponseData(
          committed: false,
          data: Optional(OptionalData(
            data: None,
          )),
        )),
        cost: ExecutionCost(
          write_length: 6,
          write_count: 1,
          read_length: 1,
          read_count: 1,
          runtime: 1124,
        ),
      ),
    ],
    total_block_cost: ExecutionCost(
      write_length: 6,
      write_count: 1,
      read_length: 1,
      read_count: 1,
      runtime: 1124,
    ),
  )),
  Success(ExpectedBlockOutput(
    marf_hash: "aefebf3f3158906d5338dce46fc57251e21b705e698f9d9c4cb968b7d3deed4a",
    evaluated_epoch: Epoch33,
    transactions: [
      ExpectedTransactionOutput(
        tx: "SmartContract(name: could-not-determine-Epoch3_3-Clarity3, code_body: [..], clarity_version: Some(Clarity3))",
        vm_error: "Some(:0:0: type of expression cannot be determined) [NON-CONSENSUS BREAKING]",
        return_type: Response(ResponseData(
          committed: false,
          data: Optional(OptionalData(
            data: None,
          )),
        )),
        cost: ExecutionCost(
          write_length: 6,
          write_count: 1,
          read_length: 1,
          read_count: 1,
          runtime: 1124,
        ),
      ),
    ],
    total_block_cost: ExecutionCost(
      write_length: 6,
      write_count: 1,
      read_length: 1,
      read_count: 1,
      runtime: 1124,
    ),
  )),
  Success(ExpectedBlockOutput(
    marf_hash: "1f111241cd2ea6996e4d52b41c578684ea9d85c4cdf043a4cd05de70663ef177",
    evaluated_epoch: Epoch33,
    transactions: [
      ExpectedTransactionOutput(
        tx: "SmartContract(name: could-not-determine-Epoch3_3-Clarity4, code_body: [..], clarity_version: Some(Clarity4))",
        vm_error: "Some(:0:0: type of expression cannot be determined) [NON-CONSENSUS BREAKING]",
        return_type: Response(ResponseData(
          committed: false,
          data: Optional(OptionalData(
            data: None,
          )),
        )),
        cost: ExecutionCost(
          write_length: 6,
          write_count: 1,
          read_length: 1,
          read_count: 1,
          runtime: 1124,
        ),
      ),
    ],
    total_block_cost: ExecutionCost(
      write_length: 6,
      write_count: 1,
      read_length: 1,
      read_count: 1,
      runtime: 1124,
    ),
  )),
]
