---
source: stackslib/src/chainstate/tests/static_analysis_tests.rs
expression: result.get_expected_results()
---
[
  Success(ExpectedBlockOutput(
    marf_hash: "c460d6f0924bd25945c0498a2f0a6b1b874775060366e7b82b53b4cdca8de279",
    evaluated_epoch: Epoch34,
    transactions: [
      ExpectedTransactionOutput(
        tx: "SmartContract(name: illegal-or-unknown-Epoch3_4-Clarity1, code_body: [..], clarity_version: Some(Clarity1))",
        vm_error: "Some(:0:0: use of illegal / unresolved function \'if) [NON-CONSENSUS BREAKING]",
        return_type: Response(ResponseData(
          committed: false,
          data: Optional(OptionalData(
            data: None,
          )),
        )),
        cost: ExecutionCost(
          write_length: 11,
          write_count: 1,
          read_length: 1,
          read_count: 1,
          runtime: 961,
        ),
      ),
    ],
    total_block_cost: ExecutionCost(
      write_length: 11,
      write_count: 1,
      read_length: 1,
      read_count: 1,
      runtime: 961,
    ),
  )),
  Success(ExpectedBlockOutput(
    marf_hash: "a5b167f3613dc207bf87d2565b0a8e01c5eaca2bef6a98b28ca64c9a996fbc4d",
    evaluated_epoch: Epoch34,
    transactions: [
      ExpectedTransactionOutput(
        tx: "SmartContract(name: illegal-or-unknown-Epoch3_4-Clarity2, code_body: [..], clarity_version: Some(Clarity2))",
        vm_error: "Some(:0:0: use of illegal / unresolved function \'if) [NON-CONSENSUS BREAKING]",
        return_type: Response(ResponseData(
          committed: false,
          data: Optional(OptionalData(
            data: None,
          )),
        )),
        cost: ExecutionCost(
          write_length: 11,
          write_count: 1,
          read_length: 1,
          read_count: 1,
          runtime: 961,
        ),
      ),
    ],
    total_block_cost: ExecutionCost(
      write_length: 11,
      write_count: 1,
      read_length: 1,
      read_count: 1,
      runtime: 961,
    ),
  )),
  Success(ExpectedBlockOutput(
    marf_hash: "8b2e637a4ff5ee4e0b9e3ee3ae66cb1baf02b0f60333efec5ddf0359f86cc09f",
    evaluated_epoch: Epoch34,
    transactions: [
      ExpectedTransactionOutput(
        tx: "SmartContract(name: illegal-or-unknown-Epoch3_4-Clarity3, code_body: [..], clarity_version: Some(Clarity3))",
        vm_error: "Some(:0:0: use of illegal / unresolved function \'if) [NON-CONSENSUS BREAKING]",
        return_type: Response(ResponseData(
          committed: false,
          data: Optional(OptionalData(
            data: None,
          )),
        )),
        cost: ExecutionCost(
          write_length: 11,
          write_count: 1,
          read_length: 1,
          read_count: 1,
          runtime: 961,
        ),
      ),
    ],
    total_block_cost: ExecutionCost(
      write_length: 11,
      write_count: 1,
      read_length: 1,
      read_count: 1,
      runtime: 961,
    ),
  )),
  Success(ExpectedBlockOutput(
    marf_hash: "90cc7199f32988058e84eb2988e65e705abaa633c35bbf41329183c7693ce27b",
    evaluated_epoch: Epoch34,
    transactions: [
      ExpectedTransactionOutput(
        tx: "SmartContract(name: illegal-or-unknown-Epoch3_4-Clarity4, code_body: [..], clarity_version: Some(Clarity4))",
        vm_error: "Some(:0:0: use of illegal / unresolved function \'if) [NON-CONSENSUS BREAKING]",
        return_type: Response(ResponseData(
          committed: false,
          data: Optional(OptionalData(
            data: None,
          )),
        )),
        cost: ExecutionCost(
          write_length: 11,
          write_count: 1,
          read_length: 1,
          read_count: 1,
          runtime: 961,
        ),
      ),
    ],
    total_block_cost: ExecutionCost(
      write_length: 11,
      write_count: 1,
      read_length: 1,
      read_count: 1,
      runtime: 961,
    ),
  )),
  Success(ExpectedBlockOutput(
    marf_hash: "cf7ab7e851479cfac9db93e30db4852ab052bb12880fec9687719991a945f37f",
    evaluated_epoch: Epoch34,
    transactions: [
      ExpectedTransactionOutput(
        tx: "SmartContract(name: illegal-or-unknown-Epoch3_4-Clarity5, code_body: [..], clarity_version: Some(Clarity5))",
        vm_error: "Some(:0:0: use of illegal / unresolved function \'if) [NON-CONSENSUS BREAKING]",
        return_type: Response(ResponseData(
          committed: false,
          data: Optional(OptionalData(
            data: None,
          )),
        )),
        cost: ExecutionCost(
          write_length: 11,
          write_count: 1,
          read_length: 1,
          read_count: 1,
          runtime: 961,
        ),
      ),
    ],
    total_block_cost: ExecutionCost(
      write_length: 11,
      write_count: 1,
      read_length: 1,
      read_count: 1,
      runtime: 961,
    ),
  )),
]
