---
source: stackslib/src/chainstate/tests/static_analysis_tests.rs
expression: result.get_expected_results()
---
[
  Success(ExpectedBlockOutput(
    marf_hash: "f02fb4000b62cc784014211b59e613a0371cd0d5f68ba2b6c7ee29d33229c9b3",
    evaluated_epoch: Epoch34,
    transactions: [
      ExpectedTransactionOutput(
        tx: "SmartContract(name: write-attempted-in-ro-Epoch3_4-Clarity1, code_body: [..], clarity_version: Some(Clarity1))",
        vm_error: "Some(:0:0: expecting read-only statements, detected a writing operation) [NON-CONSENSUS BREAKING]",
        return_type: Response(ResponseData(
          committed: false,
          data: Optional(OptionalData(
            data: None,
          )),
        )),
        cost: ExecutionCost(
          write_length: 0,
          write_count: 0,
          read_length: 0,
          read_count: 0,
          runtime: 3075,
        ),
      ),
    ],
    total_block_cost: ExecutionCost(
      write_length: 0,
      write_count: 0,
      read_length: 0,
      read_count: 0,
      runtime: 3075,
    ),
  )),
  Success(ExpectedBlockOutput(
    marf_hash: "08cddb77976fd248ccfae94f8dc24201ee5e8cb4fae422f2a7c0fa0d3020487a",
    evaluated_epoch: Epoch34,
    transactions: [
      ExpectedTransactionOutput(
        tx: "SmartContract(name: write-attempted-in-ro-Epoch3_4-Clarity2, code_body: [..], clarity_version: Some(Clarity2))",
        vm_error: "Some(:0:0: expecting read-only statements, detected a writing operation) [NON-CONSENSUS BREAKING]",
        return_type: Response(ResponseData(
          committed: false,
          data: Optional(OptionalData(
            data: None,
          )),
        )),
        cost: ExecutionCost(
          write_length: 0,
          write_count: 0,
          read_length: 0,
          read_count: 0,
          runtime: 3075,
        ),
      ),
    ],
    total_block_cost: ExecutionCost(
      write_length: 0,
      write_count: 0,
      read_length: 0,
      read_count: 0,
      runtime: 3075,
    ),
  )),
  Success(ExpectedBlockOutput(
    marf_hash: "c9340e7bb33db54358c505b93ed4d935825b30a285495137cc62af127aeea500",
    evaluated_epoch: Epoch34,
    transactions: [
      ExpectedTransactionOutput(
        tx: "SmartContract(name: write-attempted-in-ro-Epoch3_4-Clarity3, code_body: [..], clarity_version: Some(Clarity3))",
        vm_error: "Some(:0:0: expecting read-only statements, detected a writing operation) [NON-CONSENSUS BREAKING]",
        return_type: Response(ResponseData(
          committed: false,
          data: Optional(OptionalData(
            data: None,
          )),
        )),
        cost: ExecutionCost(
          write_length: 0,
          write_count: 0,
          read_length: 0,
          read_count: 0,
          runtime: 3075,
        ),
      ),
    ],
    total_block_cost: ExecutionCost(
      write_length: 0,
      write_count: 0,
      read_length: 0,
      read_count: 0,
      runtime: 3075,
    ),
  )),
  Success(ExpectedBlockOutput(
    marf_hash: "42b5aba42c79a6e1b933b721362173dc182865657c519a2d843c714f00b5bde1",
    evaluated_epoch: Epoch34,
    transactions: [
      ExpectedTransactionOutput(
        tx: "SmartContract(name: write-attempted-in-ro-Epoch3_4-Clarity4, code_body: [..], clarity_version: Some(Clarity4))",
        vm_error: "Some(:0:0: expecting read-only statements, detected a writing operation) [NON-CONSENSUS BREAKING]",
        return_type: Response(ResponseData(
          committed: false,
          data: Optional(OptionalData(
            data: None,
          )),
        )),
        cost: ExecutionCost(
          write_length: 0,
          write_count: 0,
          read_length: 0,
          read_count: 0,
          runtime: 3075,
        ),
      ),
    ],
    total_block_cost: ExecutionCost(
      write_length: 0,
      write_count: 0,
      read_length: 0,
      read_count: 0,
      runtime: 3075,
    ),
  )),
  Success(ExpectedBlockOutput(
    marf_hash: "d46ff455ad714693df77c9bbdb16bd9f40ae8519a5e763d067c62c14e1260e73",
    evaluated_epoch: Epoch34,
    transactions: [
      ExpectedTransactionOutput(
        tx: "SmartContract(name: write-attempted-in-ro-Epoch3_4-Clarity5, code_body: [..], clarity_version: Some(Clarity5))",
        vm_error: "Some(:0:0: expecting read-only statements, detected a writing operation) [NON-CONSENSUS BREAKING]",
        return_type: Response(ResponseData(
          committed: false,
          data: Optional(OptionalData(
            data: None,
          )),
        )),
        cost: ExecutionCost(
          write_length: 0,
          write_count: 0,
          read_length: 0,
          read_count: 0,
          runtime: 3075,
        ),
      ),
    ],
    total_block_cost: ExecutionCost(
      write_length: 0,
      write_count: 0,
      read_length: 0,
      read_count: 0,
      runtime: 3075,
    ),
  )),
  Success(ExpectedBlockOutput(
    marf_hash: "99054908180008e6db7aae4fe5f5c8fddbafb5cbf3515bafc4a7075fdd0dcf83",
    evaluated_epoch: Epoch40,
    transactions: [
      ExpectedTransactionOutput(
        tx: "SmartContract(name: write-attempted-in-ro-Epoch4_0-Clarity1, code_body: [..], clarity_version: Some(Clarity1))",
        vm_error: "Some(:0:0: expecting read-only statements, detected a writing operation) [NON-CONSENSUS BREAKING]",
        return_type: Response(ResponseData(
          committed: false,
          data: Optional(OptionalData(
            data: None,
          )),
        )),
        cost: ExecutionCost(
          write_length: 0,
          write_count: 0,
          read_length: 0,
          read_count: 0,
          runtime: 3075,
        ),
      ),
    ],
    total_block_cost: ExecutionCost(
      write_length: 0,
      write_count: 0,
      read_length: 0,
      read_count: 0,
      runtime: 3075,
    ),
  )),
  Success(ExpectedBlockOutput(
    marf_hash: "5c60d9cf5d32191841e9c8eedf41e60c4e7d6b9411e9655d031ec7bd0482e54f",
    evaluated_epoch: Epoch40,
    transactions: [
      ExpectedTransactionOutput(
        tx: "SmartContract(name: write-attempted-in-ro-Epoch4_0-Clarity2, code_body: [..], clarity_version: Some(Clarity2))",
        vm_error: "Some(:0:0: expecting read-only statements, detected a writing operation) [NON-CONSENSUS BREAKING]",
        return_type: Response(ResponseData(
          committed: false,
          data: Optional(OptionalData(
            data: None,
          )),
        )),
        cost: ExecutionCost(
          write_length: 0,
          write_count: 0,
          read_length: 0,
          read_count: 0,
          runtime: 3075,
        ),
      ),
    ],
    total_block_cost: ExecutionCost(
      write_length: 0,
      write_count: 0,
      read_length: 0,
      read_count: 0,
      runtime: 3075,
    ),
  )),
  Success(ExpectedBlockOutput(
    marf_hash: "899d87d7893b37381387a46fc40f30f5846d7058bde91dde4b164ce8c8c91c89",
    evaluated_epoch: Epoch40,
    transactions: [
      ExpectedTransactionOutput(
        tx: "SmartContract(name: write-attempted-in-ro-Epoch4_0-Clarity3, code_body: [..], clarity_version: Some(Clarity3))",
        vm_error: "Some(:0:0: expecting read-only statements, detected a writing operation) [NON-CONSENSUS BREAKING]",
        return_type: Response(ResponseData(
          committed: false,
          data: Optional(OptionalData(
            data: None,
          )),
        )),
        cost: ExecutionCost(
          write_length: 0,
          write_count: 0,
          read_length: 0,
          read_count: 0,
          runtime: 3075,
        ),
      ),
    ],
    total_block_cost: ExecutionCost(
      write_length: 0,
      write_count: 0,
      read_length: 0,
      read_count: 0,
      runtime: 3075,
    ),
  )),
  Success(ExpectedBlockOutput(
    marf_hash: "61a98639c4170d4243ad549d55ec24860db89b05a39166d9637f404d5cee75ff",
    evaluated_epoch: Epoch40,
    transactions: [
      ExpectedTransactionOutput(
        tx: "SmartContract(name: write-attempted-in-ro-Epoch4_0-Clarity4, code_body: [..], clarity_version: Some(Clarity4))",
        vm_error: "Some(:0:0: expecting read-only statements, detected a writing operation) [NON-CONSENSUS BREAKING]",
        return_type: Response(ResponseData(
          committed: false,
          data: Optional(OptionalData(
            data: None,
          )),
        )),
        cost: ExecutionCost(
          write_length: 0,
          write_count: 0,
          read_length: 0,
          read_count: 0,
          runtime: 3075,
        ),
      ),
    ],
    total_block_cost: ExecutionCost(
      write_length: 0,
      write_count: 0,
      read_length: 0,
      read_count: 0,
      runtime: 3075,
    ),
  )),
  Success(ExpectedBlockOutput(
    marf_hash: "935a8fbfcd74a96e38349f6da626cd453560f46787a6add79f7d7d741237cf7d",
    evaluated_epoch: Epoch40,
    transactions: [
      ExpectedTransactionOutput(
        tx: "SmartContract(name: write-attempted-in-ro-Epoch4_0-Clarity5, code_body: [..], clarity_version: Some(Clarity5))",
        vm_error: "Some(:0:0: expecting read-only statements, detected a writing operation) [NON-CONSENSUS BREAKING]",
        return_type: Response(ResponseData(
          committed: false,
          data: Optional(OptionalData(
            data: None,
          )),
        )),
        cost: ExecutionCost(
          write_length: 0,
          write_count: 0,
          read_length: 0,
          read_count: 0,
          runtime: 3075,
        ),
      ),
    ],
    total_block_cost: ExecutionCost(
      write_length: 0,
      write_count: 0,
      read_length: 0,
      read_count: 0,
      runtime: 3075,
    ),
  )),
  Success(ExpectedBlockOutput(
    marf_hash: "9abaf5a9239986aa62f55bccacbc8e0536f658de9fb55db821d8f2b55b883318",
    evaluated_epoch: Epoch40,
    transactions: [
      ExpectedTransactionOutput(
        tx: "SmartContract(name: write-attempted-in-ro-Epoch4_0-Clarity6, code_body: [..], clarity_version: Some(Clarity6))",
        vm_error: "Some(:0:0: expecting read-only statements, detected a writing operation) [NON-CONSENSUS BREAKING]",
        return_type: Response(ResponseData(
          committed: false,
          data: Optional(OptionalData(
            data: None,
          )),
        )),
        cost: ExecutionCost(
          write_length: 0,
          write_count: 0,
          read_length: 0,
          read_count: 0,
          runtime: 3075,
        ),
      ),
    ],
    total_block_cost: ExecutionCost(
      write_length: 0,
      write_count: 0,
      read_length: 0,
      read_count: 0,
      runtime: 3075,
    ),
  )),
]
