---
source: stackslib/src/chainstate/tests/static_analysis_tests.rs
expression: result
---
[
  Success(ExpectedBlockOutput(
    marf_hash: "a018ab4423d4b1d71a62d6add6f83598a93fdc070ca3d4d351086d692715727a",
    evaluated_epoch: Epoch34,
    transactions: [
      ExpectedTransactionOutput(
        tx: "SmartContract(name: all-allow-not-alone-Epoch3_4-Clarity4, code_body: [..], clarity_version: Some(Clarity4))",
        vm_error: "Some(:0:0: with-all-assets-unsafe must not be used along with other allowances) [NON-CONSENSUS BREAKING]",
        return_type: Response(ResponseData(
          committed: false,
          data: Optional(OptionalData(
            data: None,
          )),
        )),
        cost: ExecutionCost(
          write_length: 10,
          write_count: 1,
          read_length: 1,
          read_count: 1,
          runtime: 1977,
        ),
      ),
    ],
    total_block_cost: ExecutionCost(
      write_length: 10,
      write_count: 1,
      read_length: 1,
      read_count: 1,
      runtime: 1977,
    ),
  )),
  Success(ExpectedBlockOutput(
    marf_hash: "43ee8929a230f7e609ec996e865cf6a84fe58af40fc264d6877b721af6adabd2",
    evaluated_epoch: Epoch34,
    transactions: [
      ExpectedTransactionOutput(
        tx: "SmartContract(name: all-allow-not-alone-Epoch3_4-Clarity5, code_body: [..], clarity_version: Some(Clarity5))",
        vm_error: "Some(:0:0: with-all-assets-unsafe must not be used along with other allowances) [NON-CONSENSUS BREAKING]",
        return_type: Response(ResponseData(
          committed: false,
          data: Optional(OptionalData(
            data: None,
          )),
        )),
        cost: ExecutionCost(
          write_length: 10,
          write_count: 1,
          read_length: 1,
          read_count: 1,
          runtime: 1977,
        ),
      ),
    ],
    total_block_cost: ExecutionCost(
      write_length: 10,
      write_count: 1,
      read_length: 1,
      read_count: 1,
      runtime: 1977,
    ),
  )),
  Success(ExpectedBlockOutput(
    marf_hash: "326c57c5aa83c252ba7c9535dd9d35d849e696daa83a401e7250e0a5bec7aa10",
    evaluated_epoch: Epoch40,
    transactions: [
      ExpectedTransactionOutput(
        tx: "SmartContract(name: all-allow-not-alone-Epoch4_0-Clarity4, code_body: [..], clarity_version: Some(Clarity4))",
        vm_error: "Some(:0:0: with-all-assets-unsafe must not be used along with other allowances) [NON-CONSENSUS BREAKING]",
        return_type: Response(ResponseData(
          committed: false,
          data: Optional(OptionalData(
            data: None,
          )),
        )),
        cost: ExecutionCost(
          write_length: 10,
          write_count: 1,
          read_length: 1,
          read_count: 1,
          runtime: 1977,
        ),
      ),
    ],
    total_block_cost: ExecutionCost(
      write_length: 10,
      write_count: 1,
      read_length: 1,
      read_count: 1,
      runtime: 1977,
    ),
  )),
  Success(ExpectedBlockOutput(
    marf_hash: "dbb9ca1621d8688b41583e8f185cb2243407e184f1fe2ce381dfb7be485fc644",
    evaluated_epoch: Epoch40,
    transactions: [
      ExpectedTransactionOutput(
        tx: "SmartContract(name: all-allow-not-alone-Epoch4_0-Clarity5, code_body: [..], clarity_version: Some(Clarity5))",
        vm_error: "Some(:0:0: with-all-assets-unsafe must not be used along with other allowances) [NON-CONSENSUS BREAKING]",
        return_type: Response(ResponseData(
          committed: false,
          data: Optional(OptionalData(
            data: None,
          )),
        )),
        cost: ExecutionCost(
          write_length: 10,
          write_count: 1,
          read_length: 1,
          read_count: 1,
          runtime: 1977,
        ),
      ),
    ],
    total_block_cost: ExecutionCost(
      write_length: 10,
      write_count: 1,
      read_length: 1,
      read_count: 1,
      runtime: 1977,
    ),
  )),
  Success(ExpectedBlockOutput(
    marf_hash: "a7a0469e87edb67b5a091fc4351a8a88e3d22ae1be917a28986fbe62d30e8c1a",
    evaluated_epoch: Epoch40,
    transactions: [
      ExpectedTransactionOutput(
        tx: "SmartContract(name: all-allow-not-alone-Epoch4_0-Clarity6, code_body: [..], clarity_version: Some(Clarity6))",
        vm_error: "Some(:0:0: with-all-assets-unsafe must not be used along with other allowances) [NON-CONSENSUS BREAKING]",
        return_type: Response(ResponseData(
          committed: false,
          data: Optional(OptionalData(
            data: None,
          )),
        )),
        cost: ExecutionCost(
          write_length: 10,
          write_count: 1,
          read_length: 1,
          read_count: 1,
          runtime: 1977,
        ),
      ),
    ],
    total_block_cost: ExecutionCost(
      write_length: 10,
      write_count: 1,
      read_length: 1,
      read_count: 1,
      runtime: 1977,
    ),
  )),
]
