---
source: stackslib/src/chainstate/tests/runtime_tests.rs
expression: result
---
[
  Success(ExpectedBlockOutput(
    marf_hash: "be40f8a54523c7443bb770b1718dc4806cc68f0885911edd4bad0880a2c8ec4b",
    evaluated_epoch: Epoch20,
    transactions: [
      ExpectedTransactionOutput(
        tx: "SmartContract(name: overflow-to-int-Epoch2_0-Clarity1, code_body: [..], clarity_version: None)",
        vm_error: "None [NON-CONSENSUS BREAKING]",
        return_type: Response(ResponseData(
          committed: true,
          data: Bool(true),
        )),
        cost: ExecutionCost(
          write_length: 128,
          write_count: 2,
          read_length: 1,
          read_count: 1,
          runtime: 1319000,
        ),
      ),
    ],
    total_block_cost: ExecutionCost(
      write_length: 128,
      write_count: 2,
      read_length: 1,
      read_count: 1,
      runtime: 1319000,
    ),
  )),
  Success(ExpectedBlockOutput(
    marf_hash: "b63750ce8250f9258c17cc283d263a186225735fe3f98ae47af12b01f2ed11d4",
    evaluated_epoch: Epoch2_05,
    transactions: [
      ExpectedTransactionOutput(
        tx: "SmartContract(name: overflow-to-int-Epoch2_05-Clarity1, code_body: [..], clarity_version: None)",
        vm_error: "None [NON-CONSENSUS BREAKING]",
        return_type: Response(ResponseData(
          committed: true,
          data: Bool(true),
        )),
        cost: ExecutionCost(
          write_length: 128,
          write_count: 2,
          read_length: 1,
          read_count: 1,
          runtime: 317851,
        ),
      ),
    ],
    total_block_cost: ExecutionCost(
      write_length: 128,
      write_count: 2,
      read_length: 1,
      read_count: 1,
      runtime: 317851,
    ),
  )),
  Success(ExpectedBlockOutput(
    marf_hash: "fca9c868356af689d5443d5a4da886c033413c8e3565dfe5f8f8b816f90cb821",
    evaluated_epoch: Epoch21,
    transactions: [
      ExpectedTransactionOutput(
        tx: "SmartContract(name: overflow-to-int-Epoch2_1-Clarity1, code_body: [..], clarity_version: Some(Clarity1))",
        vm_error: "None [NON-CONSENSUS BREAKING]",
        return_type: Response(ResponseData(
          committed: true,
          data: Bool(true),
        )),
        cost: ExecutionCost(
          write_length: 128,
          write_count: 2,
          read_length: 1,
          read_count: 1,
          runtime: 12308,
        ),
      ),
    ],
    total_block_cost: ExecutionCost(
      write_length: 128,
      write_count: 2,
      read_length: 1,
      read_count: 1,
      runtime: 12308,
    ),
  )),
  Success(ExpectedBlockOutput(
    marf_hash: "7ecb9c41db8352dc50f841cc73686b2c95ff3663c52005c6c1ed50082abdc835",
    evaluated_epoch: Epoch21,
    transactions: [
      ExpectedTransactionOutput(
        tx: "SmartContract(name: overflow-to-int-Epoch2_1-Clarity2, code_body: [..], clarity_version: Some(Clarity2))",
        vm_error: "None [NON-CONSENSUS BREAKING]",
        return_type: Response(ResponseData(
          committed: true,
          data: Bool(true),
        )),
        cost: ExecutionCost(
          write_length: 128,
          write_count: 2,
          read_length: 1,
          read_count: 1,
          runtime: 12308,
        ),
      ),
    ],
    total_block_cost: ExecutionCost(
      write_length: 128,
      write_count: 2,
      read_length: 1,
      read_count: 1,
      runtime: 12308,
    ),
  )),
  Success(ExpectedBlockOutput(
    marf_hash: "838885b15199775aed3a94d3caac4953ab17ffd68d1da6924229d7e726dd9b8a",
    evaluated_epoch: Epoch22,
    transactions: [
      ExpectedTransactionOutput(
        tx: "SmartContract(name: overflow-to-int-Epoch2_2-Clarity1, code_body: [..], clarity_version: Some(Clarity1))",
        vm_error: "None [NON-CONSENSUS BREAKING]",
        return_type: Response(ResponseData(
          committed: true,
          data: Bool(true),
        )),
        cost: ExecutionCost(
          write_length: 128,
          write_count: 2,
          read_length: 1,
          read_count: 1,
          runtime: 12308,
        ),
      ),
    ],
    total_block_cost: ExecutionCost(
      write_length: 128,
      write_count: 2,
      read_length: 1,
      read_count: 1,
      runtime: 12308,
    ),
  )),
  Success(ExpectedBlockOutput(
    marf_hash: "b856f2d1c9d31f08c042117a340c0ad7bae55785ed79c177642244f2ce3556da",
    evaluated_epoch: Epoch22,
    transactions: [
      ExpectedTransactionOutput(
        tx: "SmartContract(name: overflow-to-int-Epoch2_2-Clarity2, code_body: [..], clarity_version: Some(Clarity2))",
        vm_error: "None [NON-CONSENSUS BREAKING]",
        return_type: Response(ResponseData(
          committed: true,
          data: Bool(true),
        )),
        cost: ExecutionCost(
          write_length: 128,
          write_count: 2,
          read_length: 1,
          read_count: 1,
          runtime: 12308,
        ),
      ),
    ],
    total_block_cost: ExecutionCost(
      write_length: 128,
      write_count: 2,
      read_length: 1,
      read_count: 1,
      runtime: 12308,
    ),
  )),
  Success(ExpectedBlockOutput(
    marf_hash: "78abf9746bd248f4996a97d6c3bf2dce4534f65409bb8a4d5337ba0c6c00bd62",
    evaluated_epoch: Epoch23,
    transactions: [
      ExpectedTransactionOutput(
        tx: "SmartContract(name: overflow-to-int-Epoch2_3-Clarity1, code_body: [..], clarity_version: Some(Clarity1))",
        vm_error: "None [NON-CONSENSUS BREAKING]",
        return_type: Response(ResponseData(
          committed: true,
          data: Bool(true),
        )),
        cost: ExecutionCost(
          write_length: 128,
          write_count: 2,
          read_length: 1,
          read_count: 1,
          runtime: 12308,
        ),
      ),
    ],
    total_block_cost: ExecutionCost(
      write_length: 128,
      write_count: 2,
      read_length: 1,
      read_count: 1,
      runtime: 12308,
    ),
  )),
  Success(ExpectedBlockOutput(
    marf_hash: "ceb708b205a8e6a61d1df216067c27501930d622d8c428a825f6d28d16958eba",
    evaluated_epoch: Epoch23,
    transactions: [
      ExpectedTransactionOutput(
        tx: "SmartContract(name: overflow-to-int-Epoch2_3-Clarity2, code_body: [..], clarity_version: Some(Clarity2))",
        vm_error: "None [NON-CONSENSUS BREAKING]",
        return_type: Response(ResponseData(
          committed: true,
          data: Bool(true),
        )),
        cost: ExecutionCost(
          write_length: 128,
          write_count: 2,
          read_length: 1,
          read_count: 1,
          runtime: 12308,
        ),
      ),
    ],
    total_block_cost: ExecutionCost(
      write_length: 128,
      write_count: 2,
      read_length: 1,
      read_count: 1,
      runtime: 12308,
    ),
  )),
  Success(ExpectedBlockOutput(
    marf_hash: "9adb6caf47bbb347c37090b617a06df00715afa843045e16fe58de1e6050360e",
    evaluated_epoch: Epoch24,
    transactions: [
      ExpectedTransactionOutput(
        tx: "SmartContract(name: overflow-to-int-Epoch2_4-Clarity1, code_body: [..], clarity_version: Some(Clarity1))",
        vm_error: "None [NON-CONSENSUS BREAKING]",
        return_type: Response(ResponseData(
          committed: true,
          data: Bool(true),
        )),
        cost: ExecutionCost(
          write_length: 128,
          write_count: 2,
          read_length: 1,
          read_count: 1,
          runtime: 12308,
        ),
      ),
    ],
    total_block_cost: ExecutionCost(
      write_length: 128,
      write_count: 2,
      read_length: 1,
      read_count: 1,
      runtime: 12308,
    ),
  )),
  Success(ExpectedBlockOutput(
    marf_hash: "b31f2832ef9322e7c79450580e9705d5b8c3115fee72233b27dd548254c57378",
    evaluated_epoch: Epoch24,
    transactions: [
      ExpectedTransactionOutput(
        tx: "SmartContract(name: overflow-to-int-Epoch2_4-Clarity2, code_body: [..], clarity_version: Some(Clarity2))",
        vm_error: "None [NON-CONSENSUS BREAKING]",
        return_type: Response(ResponseData(
          committed: true,
          data: Bool(true),
        )),
        cost: ExecutionCost(
          write_length: 128,
          write_count: 2,
          read_length: 1,
          read_count: 1,
          runtime: 12308,
        ),
      ),
    ],
    total_block_cost: ExecutionCost(
      write_length: 128,
      write_count: 2,
      read_length: 1,
      read_count: 1,
      runtime: 12308,
    ),
  )),
  Success(ExpectedBlockOutput(
    marf_hash: "9a3f0ffe15ad3994cc35a52240169e7cd4b74b93478fd5d9bda671361035fff7",
    evaluated_epoch: Epoch25,
    transactions: [
      ExpectedTransactionOutput(
        tx: "SmartContract(name: overflow-to-int-Epoch2_5-Clarity1, code_body: [..], clarity_version: Some(Clarity1))",
        vm_error: "None [NON-CONSENSUS BREAKING]",
        return_type: Response(ResponseData(
          committed: true,
          data: Bool(true),
        )),
        cost: ExecutionCost(
          write_length: 128,
          write_count: 2,
          read_length: 1,
          read_count: 1,
          runtime: 12308,
        ),
      ),
    ],
    total_block_cost: ExecutionCost(
      write_length: 128,
      write_count: 2,
      read_length: 1,
      read_count: 1,
      runtime: 12308,
    ),
  )),
  Success(ExpectedBlockOutput(
    marf_hash: "97c598c5e43318223a698a380ac2e39fa7f1d61daf25b86f0b4569a63021d5f3",
    evaluated_epoch: Epoch25,
    transactions: [
      ExpectedTransactionOutput(
        tx: "SmartContract(name: overflow-to-int-Epoch2_5-Clarity2, code_body: [..], clarity_version: Some(Clarity2))",
        vm_error: "None [NON-CONSENSUS BREAKING]",
        return_type: Response(ResponseData(
          committed: true,
          data: Bool(true),
        )),
        cost: ExecutionCost(
          write_length: 128,
          write_count: 2,
          read_length: 1,
          read_count: 1,
          runtime: 12308,
        ),
      ),
    ],
    total_block_cost: ExecutionCost(
      write_length: 128,
      write_count: 2,
      read_length: 1,
      read_count: 1,
      runtime: 12308,
    ),
  )),
  Success(ExpectedBlockOutput(
    marf_hash: "2dc0496e97bdd5a526040c09d50132e522234ed389d9b69abf6eb136d9d96659",
    evaluated_epoch: Epoch30,
    transactions: [
      ExpectedTransactionOutput(
        tx: "SmartContract(name: overflow-to-int-Epoch3_0-Clarity1, code_body: [..], clarity_version: Some(Clarity1))",
        vm_error: "None [NON-CONSENSUS BREAKING]",
        return_type: Response(ResponseData(
          committed: true,
          data: Bool(true),
        )),
        cost: ExecutionCost(
          write_length: 128,
          write_count: 2,
          read_length: 1,
          read_count: 1,
          runtime: 12308,
        ),
      ),
    ],
    total_block_cost: ExecutionCost(
      write_length: 128,
      write_count: 2,
      read_length: 1,
      read_count: 1,
      runtime: 12308,
    ),
  )),
  Success(ExpectedBlockOutput(
    marf_hash: "c3a3350912c40cf2a977e41d4180f1734333a3e0bc3de95ac8440024c2387b34",
    evaluated_epoch: Epoch30,
    transactions: [
      ExpectedTransactionOutput(
        tx: "SmartContract(name: overflow-to-int-Epoch3_0-Clarity2, code_body: [..], clarity_version: Some(Clarity2))",
        vm_error: "None [NON-CONSENSUS BREAKING]",
        return_type: Response(ResponseData(
          committed: true,
          data: Bool(true),
        )),
        cost: ExecutionCost(
          write_length: 128,
          write_count: 2,
          read_length: 1,
          read_count: 1,
          runtime: 12308,
        ),
      ),
    ],
    total_block_cost: ExecutionCost(
      write_length: 128,
      write_count: 2,
      read_length: 1,
      read_count: 1,
      runtime: 12308,
    ),
  )),
  Success(ExpectedBlockOutput(
    marf_hash: "24fd2a95e46d18f1ff132b1f66ad3a36e12cb9b8f970868e682a8252112b8520",
    evaluated_epoch: Epoch30,
    transactions: [
      ExpectedTransactionOutput(
        tx: "SmartContract(name: overflow-to-int-Epoch3_0-Clarity3, code_body: [..], clarity_version: Some(Clarity3))",
        vm_error: "None [NON-CONSENSUS BREAKING]",
        return_type: Response(ResponseData(
          committed: true,
          data: Bool(true),
        )),
        cost: ExecutionCost(
          write_length: 128,
          write_count: 2,
          read_length: 1,
          read_count: 1,
          runtime: 12308,
        ),
      ),
    ],
    total_block_cost: ExecutionCost(
      write_length: 128,
      write_count: 2,
      read_length: 1,
      read_count: 1,
      runtime: 12308,
    ),
  )),
  Success(ExpectedBlockOutput(
    marf_hash: "cd79c70f8095b447a441314b6f3ca0528b449b6d4090e514dd399b6353904397",
    evaluated_epoch: Epoch31,
    transactions: [
      ExpectedTransactionOutput(
        tx: "SmartContract(name: overflow-to-int-Epoch3_1-Clarity1, code_body: [..], clarity_version: Some(Clarity1))",
        vm_error: "None [NON-CONSENSUS BREAKING]",
        return_type: Response(ResponseData(
          committed: true,
          data: Bool(true),
        )),
        cost: ExecutionCost(
          write_length: 128,
          write_count: 2,
          read_length: 1,
          read_count: 1,
          runtime: 12308,
        ),
      ),
    ],
    total_block_cost: ExecutionCost(
      write_length: 128,
      write_count: 2,
      read_length: 1,
      read_count: 1,
      runtime: 12308,
    ),
  )),
  Success(ExpectedBlockOutput(
    marf_hash: "702c94a2e7e2262811ce14627354bd52225ab2be2eebd23319c76028d056125b",
    evaluated_epoch: Epoch31,
    transactions: [
      ExpectedTransactionOutput(
        tx: "SmartContract(name: overflow-to-int-Epoch3_1-Clarity2, code_body: [..], clarity_version: Some(Clarity2))",
        vm_error: "None [NON-CONSENSUS BREAKING]",
        return_type: Response(ResponseData(
          committed: true,
          data: Bool(true),
        )),
        cost: ExecutionCost(
          write_length: 128,
          write_count: 2,
          read_length: 1,
          read_count: 1,
          runtime: 12308,
        ),
      ),
    ],
    total_block_cost: ExecutionCost(
      write_length: 128,
      write_count: 2,
      read_length: 1,
      read_count: 1,
      runtime: 12308,
    ),
  )),
  Success(ExpectedBlockOutput(
    marf_hash: "da59e0548a1d358d6e7178e86e2eadffb17cd76ca0bfda13ac97d78859ae06c9",
    evaluated_epoch: Epoch31,
    transactions: [
      ExpectedTransactionOutput(
        tx: "SmartContract(name: overflow-to-int-Epoch3_1-Clarity3, code_body: [..], clarity_version: Some(Clarity3))",
        vm_error: "None [NON-CONSENSUS BREAKING]",
        return_type: Response(ResponseData(
          committed: true,
          data: Bool(true),
        )),
        cost: ExecutionCost(
          write_length: 128,
          write_count: 2,
          read_length: 1,
          read_count: 1,
          runtime: 12308,
        ),
      ),
    ],
    total_block_cost: ExecutionCost(
      write_length: 128,
      write_count: 2,
      read_length: 1,
      read_count: 1,
      runtime: 12308,
    ),
  )),
  Success(ExpectedBlockOutput(
    marf_hash: "a39c508bf3aba3118609f1ff005cf2d8c318743e6b4ece3b9cce300713d012ca",
    evaluated_epoch: Epoch32,
    transactions: [
      ExpectedTransactionOutput(
        tx: "SmartContract(name: overflow-to-int-Epoch3_2-Clarity1, code_body: [..], clarity_version: Some(Clarity1))",
        vm_error: "None [NON-CONSENSUS BREAKING]",
        return_type: Response(ResponseData(
          committed: true,
          data: Bool(true),
        )),
        cost: ExecutionCost(
          write_length: 128,
          write_count: 2,
          read_length: 1,
          read_count: 1,
          runtime: 12308,
        ),
      ),
    ],
    total_block_cost: ExecutionCost(
      write_length: 128,
      write_count: 2,
      read_length: 1,
      read_count: 1,
      runtime: 12308,
    ),
  )),
  Success(ExpectedBlockOutput(
    marf_hash: "734c46d34d0cc840145e9a930a2266085b0fc56ca812dd14d44c011c5c2bb0b8",
    evaluated_epoch: Epoch32,
    transactions: [
      ExpectedTransactionOutput(
        tx: "SmartContract(name: overflow-to-int-Epoch3_2-Clarity2, code_body: [..], clarity_version: Some(Clarity2))",
        vm_error: "None [NON-CONSENSUS BREAKING]",
        return_type: Response(ResponseData(
          committed: true,
          data: Bool(true),
        )),
        cost: ExecutionCost(
          write_length: 128,
          write_count: 2,
          read_length: 1,
          read_count: 1,
          runtime: 12308,
        ),
      ),
    ],
    total_block_cost: ExecutionCost(
      write_length: 128,
      write_count: 2,
      read_length: 1,
      read_count: 1,
      runtime: 12308,
    ),
  )),
  Success(ExpectedBlockOutput(
    marf_hash: "f123cb579fd49350fc265a70c641a10102c76bd193d38f03a9a1d212f8719abf",
    evaluated_epoch: Epoch32,
    transactions: [
      ExpectedTransactionOutput(
        tx: "SmartContract(name: overflow-to-int-Epoch3_2-Clarity3, code_body: [..], clarity_version: Some(Clarity3))",
        vm_error: "None [NON-CONSENSUS BREAKING]",
        return_type: Response(ResponseData(
          committed: true,
          data: Bool(true),
        )),
        cost: ExecutionCost(
          write_length: 128,
          write_count: 2,
          read_length: 1,
          read_count: 1,
          runtime: 12308,
        ),
      ),
    ],
    total_block_cost: ExecutionCost(
      write_length: 128,
      write_count: 2,
      read_length: 1,
      read_count: 1,
      runtime: 12308,
    ),
  )),
  Success(ExpectedBlockOutput(
    marf_hash: "618f462156b3db7a37372b95888251c76803ffc563632729ba624d8db2056e4b",
    evaluated_epoch: Epoch33,
    transactions: [
      ExpectedTransactionOutput(
        tx: "SmartContract(name: overflow-to-int-Epoch3_3-Clarity1, code_body: [..], clarity_version: Some(Clarity1))",
        vm_error: "None [NON-CONSENSUS BREAKING]",
        return_type: Response(ResponseData(
          committed: true,
          data: Bool(true),
        )),
        cost: ExecutionCost(
          write_length: 128,
          write_count: 2,
          read_length: 1,
          read_count: 1,
          runtime: 12308,
        ),
      ),
    ],
    total_block_cost: ExecutionCost(
      write_length: 128,
      write_count: 2,
      read_length: 1,
      read_count: 1,
      runtime: 12308,
    ),
  )),
  Success(ExpectedBlockOutput(
    marf_hash: "d6c4616a1fd55721f7727026f9f7c6272cfa737b6ad43d34cbd716ad00a7b1d5",
    evaluated_epoch: Epoch33,
    transactions: [
      ExpectedTransactionOutput(
        tx: "SmartContract(name: overflow-to-int-Epoch3_3-Clarity2, code_body: [..], clarity_version: Some(Clarity2))",
        vm_error: "None [NON-CONSENSUS BREAKING]",
        return_type: Response(ResponseData(
          committed: true,
          data: Bool(true),
        )),
        cost: ExecutionCost(
          write_length: 128,
          write_count: 2,
          read_length: 1,
          read_count: 1,
          runtime: 12308,
        ),
      ),
    ],
    total_block_cost: ExecutionCost(
      write_length: 128,
      write_count: 2,
      read_length: 1,
      read_count: 1,
      runtime: 12308,
    ),
  )),
  Success(ExpectedBlockOutput(
    marf_hash: "96dc91f1f776ab67c995d863bab078cdde6bc5417ca8a43c5eaf9934bd8cbcfa",
    evaluated_epoch: Epoch33,
    transactions: [
      ExpectedTransactionOutput(
        tx: "SmartContract(name: overflow-to-int-Epoch3_3-Clarity3, code_body: [..], clarity_version: Some(Clarity3))",
        vm_error: "None [NON-CONSENSUS BREAKING]",
        return_type: Response(ResponseData(
          committed: true,
          data: Bool(true),
        )),
        cost: ExecutionCost(
          write_length: 128,
          write_count: 2,
          read_length: 1,
          read_count: 1,
          runtime: 12308,
        ),
      ),
    ],
    total_block_cost: ExecutionCost(
      write_length: 128,
      write_count: 2,
      read_length: 1,
      read_count: 1,
      runtime: 12308,
    ),
  )),
  Success(ExpectedBlockOutput(
    marf_hash: "f468ca0647de96eb8eda5fce7ba3ed302014a80472dd239f61fc455019b02a05",
    evaluated_epoch: Epoch33,
    transactions: [
      ExpectedTransactionOutput(
        tx: "SmartContract(name: overflow-to-int-Epoch3_3-Clarity4, code_body: [..], clarity_version: Some(Clarity4))",
        vm_error: "None [NON-CONSENSUS BREAKING]",
        return_type: Response(ResponseData(
          committed: true,
          data: Bool(true),
        )),
        cost: ExecutionCost(
          write_length: 128,
          write_count: 2,
          read_length: 1,
          read_count: 1,
          runtime: 12308,
        ),
      ),
    ],
    total_block_cost: ExecutionCost(
      write_length: 128,
      write_count: 2,
      read_length: 1,
      read_count: 1,
      runtime: 12308,
    ),
  )),
  Success(ExpectedBlockOutput(
    marf_hash: "fddeaa0e916cbe72c099a8eb1d9471b442b98d25a32a99fb5972b715fbde5f1a",
    evaluated_epoch: Epoch33,
    transactions: [
      ExpectedTransactionOutput(
        tx: "ContractCall(address: ST1AW6EKPGT61SQ9FNVDS17RKNWT8ZP582VF9HSCP, contract_name: overflow-to-int-Epoch2_0-Clarity1, function_name: overflow-to-int-large, function_args: [[]])",
        vm_error: "Some(ArithmeticOverflow) [NON-CONSENSUS BREAKING]",
        return_type: Response(ResponseData(
          committed: false,
          data: Optional(OptionalData(
            data: None,
          )),
        )),
        cost: ExecutionCost(
          write_length: 0,
          write_count: 0,
          read_length: 118,
          read_count: 3,
          runtime: 369,
        ),
      ),
    ],
    total_block_cost: ExecutionCost(
      write_length: 0,
      write_count: 0,
      read_length: 118,
      read_count: 3,
      runtime: 369,
    ),
  )),
  Success(ExpectedBlockOutput(
    marf_hash: "60239b5d49b4e1eb87d7ed364bd8544cd8818d446a63c5519f164cf02f0f4b90",
    evaluated_epoch: Epoch33,
    transactions: [
      ExpectedTransactionOutput(
        tx: "ContractCall(address: ST1AW6EKPGT61SQ9FNVDS17RKNWT8ZP582VF9HSCP, contract_name: overflow-to-int-Epoch2_05-Clarity1, function_name: overflow-to-int-large, function_args: [[]])",
        vm_error: "Some(ArithmeticOverflow) [NON-CONSENSUS BREAKING]",
        return_type: Response(ResponseData(
          committed: false,
          data: Optional(OptionalData(
            data: None,
          )),
        )),
        cost: ExecutionCost(
          write_length: 0,
          write_count: 0,
          read_length: 118,
          read_count: 3,
          runtime: 369,
        ),
      ),
    ],
    total_block_cost: ExecutionCost(
      write_length: 0,
      write_count: 0,
      read_length: 118,
      read_count: 3,
      runtime: 369,
    ),
  )),
  Success(ExpectedBlockOutput(
    marf_hash: "6f9dcbb67c988ed64facd839d5828fb841cffcd8a6d40655a323da6dcfd687eb",
    evaluated_epoch: Epoch33,
    transactions: [
      ExpectedTransactionOutput(
        tx: "ContractCall(address: ST1AW6EKPGT61SQ9FNVDS17RKNWT8ZP582VF9HSCP, contract_name: overflow-to-int-Epoch2_1-Clarity1, function_name: overflow-to-int-large, function_args: [[]])",
        vm_error: "Some(ArithmeticOverflow) [NON-CONSENSUS BREAKING]",
        return_type: Response(ResponseData(
          committed: false,
          data: Optional(OptionalData(
            data: None,
          )),
        )),
        cost: ExecutionCost(
          write_length: 0,
          write_count: 0,
          read_length: 118,
          read_count: 3,
          runtime: 369,
        ),
      ),
    ],
    total_block_cost: ExecutionCost(
      write_length: 0,
      write_count: 0,
      read_length: 118,
      read_count: 3,
      runtime: 369,
    ),
  )),
  Success(ExpectedBlockOutput(
    marf_hash: "54087e7aa18983d57eaedd1739a5b7b2b8333a669b06287c62cbcbba8b7ff82c",
    evaluated_epoch: Epoch33,
    transactions: [
      ExpectedTransactionOutput(
        tx: "ContractCall(address: ST1AW6EKPGT61SQ9FNVDS17RKNWT8ZP582VF9HSCP, contract_name: overflow-to-int-Epoch2_1-Clarity2, function_name: overflow-to-int-large, function_args: [[]])",
        vm_error: "Some(ArithmeticOverflow) [NON-CONSENSUS BREAKING]",
        return_type: Response(ResponseData(
          committed: false,
          data: Optional(OptionalData(
            data: None,
          )),
        )),
        cost: ExecutionCost(
          write_length: 0,
          write_count: 0,
          read_length: 118,
          read_count: 3,
          runtime: 369,
        ),
      ),
    ],
    total_block_cost: ExecutionCost(
      write_length: 0,
      write_count: 0,
      read_length: 118,
      read_count: 3,
      runtime: 369,
    ),
  )),
  Success(ExpectedBlockOutput(
    marf_hash: "d1a68f44967470e2652876a11b0b47a2dfe856309e5fb555cc496dbb34f0a2cc",
    evaluated_epoch: Epoch33,
    transactions: [
      ExpectedTransactionOutput(
        tx: "ContractCall(address: ST1AW6EKPGT61SQ9FNVDS17RKNWT8ZP582VF9HSCP, contract_name: overflow-to-int-Epoch2_2-Clarity1, function_name: overflow-to-int-large, function_args: [[]])",
        vm_error: "Some(ArithmeticOverflow) [NON-CONSENSUS BREAKING]",
        return_type: Response(ResponseData(
          committed: false,
          data: Optional(OptionalData(
            data: None,
          )),
        )),
        cost: ExecutionCost(
          write_length: 0,
          write_count: 0,
          read_length: 118,
          read_count: 3,
          runtime: 369,
        ),
      ),
    ],
    total_block_cost: ExecutionCost(
      write_length: 0,
      write_count: 0,
      read_length: 118,
      read_count: 3,
      runtime: 369,
    ),
  )),
  Success(ExpectedBlockOutput(
    marf_hash: "4dfd039205ba1cc689bf2dfd6587f74a052844c9fc427f1cd3427159aeeb652b",
    evaluated_epoch: Epoch33,
    transactions: [
      ExpectedTransactionOutput(
        tx: "ContractCall(address: ST1AW6EKPGT61SQ9FNVDS17RKNWT8ZP582VF9HSCP, contract_name: overflow-to-int-Epoch2_2-Clarity2, function_name: overflow-to-int-large, function_args: [[]])",
        vm_error: "Some(ArithmeticOverflow) [NON-CONSENSUS BREAKING]",
        return_type: Response(ResponseData(
          committed: false,
          data: Optional(OptionalData(
            data: None,
          )),
        )),
        cost: ExecutionCost(
          write_length: 0,
          write_count: 0,
          read_length: 118,
          read_count: 3,
          runtime: 369,
        ),
      ),
    ],
    total_block_cost: ExecutionCost(
      write_length: 0,
      write_count: 0,
      read_length: 118,
      read_count: 3,
      runtime: 369,
    ),
  )),
  Success(ExpectedBlockOutput(
    marf_hash: "de185386adabebc051abb716bb5792069eb61896c66c9ca3c4aaee04fef7e337",
    evaluated_epoch: Epoch33,
    transactions: [
      ExpectedTransactionOutput(
        tx: "ContractCall(address: ST1AW6EKPGT61SQ9FNVDS17RKNWT8ZP582VF9HSCP, contract_name: overflow-to-int-Epoch2_3-Clarity1, function_name: overflow-to-int-large, function_args: [[]])",
        vm_error: "Some(ArithmeticOverflow) [NON-CONSENSUS BREAKING]",
        return_type: Response(ResponseData(
          committed: false,
          data: Optional(OptionalData(
            data: None,
          )),
        )),
        cost: ExecutionCost(
          write_length: 0,
          write_count: 0,
          read_length: 118,
          read_count: 3,
          runtime: 369,
        ),
      ),
    ],
    total_block_cost: ExecutionCost(
      write_length: 0,
      write_count: 0,
      read_length: 118,
      read_count: 3,
      runtime: 369,
    ),
  )),
  Success(ExpectedBlockOutput(
    marf_hash: "3167a46b30d06acbd02d3dd5f44512da946bf3987b2ab16a6e9596d10ee9db13",
    evaluated_epoch: Epoch33,
    transactions: [
      ExpectedTransactionOutput(
        tx: "ContractCall(address: ST1AW6EKPGT61SQ9FNVDS17RKNWT8ZP582VF9HSCP, contract_name: overflow-to-int-Epoch2_3-Clarity2, function_name: overflow-to-int-large, function_args: [[]])",
        vm_error: "Some(ArithmeticOverflow) [NON-CONSENSUS BREAKING]",
        return_type: Response(ResponseData(
          committed: false,
          data: Optional(OptionalData(
            data: None,
          )),
        )),
        cost: ExecutionCost(
          write_length: 0,
          write_count: 0,
          read_length: 118,
          read_count: 3,
          runtime: 369,
        ),
      ),
    ],
    total_block_cost: ExecutionCost(
      write_length: 0,
      write_count: 0,
      read_length: 118,
      read_count: 3,
      runtime: 369,
    ),
  )),
  Success(ExpectedBlockOutput(
    marf_hash: "0af69dc0123600347b3f769c556eb5ba172817be3cfbc6fb77df8bf20a81731f",
    evaluated_epoch: Epoch33,
    transactions: [
      ExpectedTransactionOutput(
        tx: "ContractCall(address: ST1AW6EKPGT61SQ9FNVDS17RKNWT8ZP582VF9HSCP, contract_name: overflow-to-int-Epoch2_4-Clarity1, function_name: overflow-to-int-large, function_args: [[]])",
        vm_error: "Some(ArithmeticOverflow) [NON-CONSENSUS BREAKING]",
        return_type: Response(ResponseData(
          committed: false,
          data: Optional(OptionalData(
            data: None,
          )),
        )),
        cost: ExecutionCost(
          write_length: 0,
          write_count: 0,
          read_length: 118,
          read_count: 3,
          runtime: 369,
        ),
      ),
    ],
    total_block_cost: ExecutionCost(
      write_length: 0,
      write_count: 0,
      read_length: 118,
      read_count: 3,
      runtime: 369,
    ),
  )),
  Success(ExpectedBlockOutput(
    marf_hash: "159e65a9943d015b72bcd55dcb80a20dd2fc0b0c8a0277d340adde5e5496437a",
    evaluated_epoch: Epoch33,
    transactions: [
      ExpectedTransactionOutput(
        tx: "ContractCall(address: ST1AW6EKPGT61SQ9FNVDS17RKNWT8ZP582VF9HSCP, contract_name: overflow-to-int-Epoch2_4-Clarity2, function_name: overflow-to-int-large, function_args: [[]])",
        vm_error: "Some(ArithmeticOverflow) [NON-CONSENSUS BREAKING]",
        return_type: Response(ResponseData(
          committed: false,
          data: Optional(OptionalData(
            data: None,
          )),
        )),
        cost: ExecutionCost(
          write_length: 0,
          write_count: 0,
          read_length: 118,
          read_count: 3,
          runtime: 369,
        ),
      ),
    ],
    total_block_cost: ExecutionCost(
      write_length: 0,
      write_count: 0,
      read_length: 118,
      read_count: 3,
      runtime: 369,
    ),
  )),
  Success(ExpectedBlockOutput(
    marf_hash: "223775d69d5abcff515de24aec4915fdf0e630863b0b56e7c9cbf8e61e5dd366",
    evaluated_epoch: Epoch33,
    transactions: [
      ExpectedTransactionOutput(
        tx: "ContractCall(address: ST1AW6EKPGT61SQ9FNVDS17RKNWT8ZP582VF9HSCP, contract_name: overflow-to-int-Epoch2_5-Clarity1, function_name: overflow-to-int-large, function_args: [[]])",
        vm_error: "Some(ArithmeticOverflow) [NON-CONSENSUS BREAKING]",
        return_type: Response(ResponseData(
          committed: false,
          data: Optional(OptionalData(
            data: None,
          )),
        )),
        cost: ExecutionCost(
          write_length: 0,
          write_count: 0,
          read_length: 118,
          read_count: 3,
          runtime: 369,
        ),
      ),
    ],
    total_block_cost: ExecutionCost(
      write_length: 0,
      write_count: 0,
      read_length: 118,
      read_count: 3,
      runtime: 369,
    ),
  )),
  Success(ExpectedBlockOutput(
    marf_hash: "106a2e1929395f37f25b81a33ae7bc969cfb97f3fc9abc4010e87e67fdf26632",
    evaluated_epoch: Epoch33,
    transactions: [
      ExpectedTransactionOutput(
        tx: "ContractCall(address: ST1AW6EKPGT61SQ9FNVDS17RKNWT8ZP582VF9HSCP, contract_name: overflow-to-int-Epoch2_5-Clarity2, function_name: overflow-to-int-large, function_args: [[]])",
        vm_error: "Some(ArithmeticOverflow) [NON-CONSENSUS BREAKING]",
        return_type: Response(ResponseData(
          committed: false,
          data: Optional(OptionalData(
            data: None,
          )),
        )),
        cost: ExecutionCost(
          write_length: 0,
          write_count: 0,
          read_length: 118,
          read_count: 3,
          runtime: 369,
        ),
      ),
    ],
    total_block_cost: ExecutionCost(
      write_length: 0,
      write_count: 0,
      read_length: 118,
      read_count: 3,
      runtime: 369,
    ),
  )),
  Success(ExpectedBlockOutput(
    marf_hash: "401fa95ca212ece4ec9292f7baea8898e163e17b7c521f24f65dfe3b54e6d98a",
    evaluated_epoch: Epoch33,
    transactions: [
      ExpectedTransactionOutput(
        tx: "ContractCall(address: ST1AW6EKPGT61SQ9FNVDS17RKNWT8ZP582VF9HSCP, contract_name: overflow-to-int-Epoch3_0-Clarity1, function_name: overflow-to-int-large, function_args: [[]])",
        vm_error: "Some(ArithmeticOverflow) [NON-CONSENSUS BREAKING]",
        return_type: Response(ResponseData(
          committed: false,
          data: Optional(OptionalData(
            data: None,
          )),
        )),
        cost: ExecutionCost(
          write_length: 0,
          write_count: 0,
          read_length: 118,
          read_count: 3,
          runtime: 369,
        ),
      ),
    ],
    total_block_cost: ExecutionCost(
      write_length: 0,
      write_count: 0,
      read_length: 118,
      read_count: 3,
      runtime: 369,
    ),
  )),
  Success(ExpectedBlockOutput(
    marf_hash: "e891be968e70fc43f811ee34454a414b2455eb7d9e77f55b161c2ab2c261c7cd",
    evaluated_epoch: Epoch33,
    transactions: [
      ExpectedTransactionOutput(
        tx: "ContractCall(address: ST1AW6EKPGT61SQ9FNVDS17RKNWT8ZP582VF9HSCP, contract_name: overflow-to-int-Epoch3_0-Clarity2, function_name: overflow-to-int-large, function_args: [[]])",
        vm_error: "Some(ArithmeticOverflow) [NON-CONSENSUS BREAKING]",
        return_type: Response(ResponseData(
          committed: false,
          data: Optional(OptionalData(
            data: None,
          )),
        )),
        cost: ExecutionCost(
          write_length: 0,
          write_count: 0,
          read_length: 118,
          read_count: 3,
          runtime: 369,
        ),
      ),
    ],
    total_block_cost: ExecutionCost(
      write_length: 0,
      write_count: 0,
      read_length: 118,
      read_count: 3,
      runtime: 369,
    ),
  )),
  Success(ExpectedBlockOutput(
    marf_hash: "b58f55ddc9f1e54fedb42943c622cd1ddaf1d4e0be8dfb0f3e7fae117f2ce3b5",
    evaluated_epoch: Epoch33,
    transactions: [
      ExpectedTransactionOutput(
        tx: "ContractCall(address: ST1AW6EKPGT61SQ9FNVDS17RKNWT8ZP582VF9HSCP, contract_name: overflow-to-int-Epoch3_0-Clarity3, function_name: overflow-to-int-large, function_args: [[]])",
        vm_error: "Some(ArithmeticOverflow) [NON-CONSENSUS BREAKING]",
        return_type: Response(ResponseData(
          committed: false,
          data: Optional(OptionalData(
            data: None,
          )),
        )),
        cost: ExecutionCost(
          write_length: 0,
          write_count: 0,
          read_length: 118,
          read_count: 3,
          runtime: 369,
        ),
      ),
    ],
    total_block_cost: ExecutionCost(
      write_length: 0,
      write_count: 0,
      read_length: 118,
      read_count: 3,
      runtime: 369,
    ),
  )),
  Success(ExpectedBlockOutput(
    marf_hash: "96b0bbf0fe027ccac9b267377163a420e04e2d3decbeab34df6aad15dc1850f9",
    evaluated_epoch: Epoch33,
    transactions: [
      ExpectedTransactionOutput(
        tx: "ContractCall(address: ST1AW6EKPGT61SQ9FNVDS17RKNWT8ZP582VF9HSCP, contract_name: overflow-to-int-Epoch3_1-Clarity1, function_name: overflow-to-int-large, function_args: [[]])",
        vm_error: "Some(ArithmeticOverflow) [NON-CONSENSUS BREAKING]",
        return_type: Response(ResponseData(
          committed: false,
          data: Optional(OptionalData(
            data: None,
          )),
        )),
        cost: ExecutionCost(
          write_length: 0,
          write_count: 0,
          read_length: 118,
          read_count: 3,
          runtime: 369,
        ),
      ),
    ],
    total_block_cost: ExecutionCost(
      write_length: 0,
      write_count: 0,
      read_length: 118,
      read_count: 3,
      runtime: 369,
    ),
  )),
  Success(ExpectedBlockOutput(
    marf_hash: "f09a26872e7525f1515b66d38beba4d7bcb756933256f38af43a68bc9e228486",
    evaluated_epoch: Epoch33,
    transactions: [
      ExpectedTransactionOutput(
        tx: "ContractCall(address: ST1AW6EKPGT61SQ9FNVDS17RKNWT8ZP582VF9HSCP, contract_name: overflow-to-int-Epoch3_1-Clarity2, function_name: overflow-to-int-large, function_args: [[]])",
        vm_error: "Some(ArithmeticOverflow) [NON-CONSENSUS BREAKING]",
        return_type: Response(ResponseData(
          committed: false,
          data: Optional(OptionalData(
            data: None,
          )),
        )),
        cost: ExecutionCost(
          write_length: 0,
          write_count: 0,
          read_length: 118,
          read_count: 3,
          runtime: 369,
        ),
      ),
    ],
    total_block_cost: ExecutionCost(
      write_length: 0,
      write_count: 0,
      read_length: 118,
      read_count: 3,
      runtime: 369,
    ),
  )),
  Success(ExpectedBlockOutput(
    marf_hash: "6f2b155a9dfff8ea11dbafef92f79e83aca2396a25c9b43765abbf8d66f5464a",
    evaluated_epoch: Epoch33,
    transactions: [
      ExpectedTransactionOutput(
        tx: "ContractCall(address: ST1AW6EKPGT61SQ9FNVDS17RKNWT8ZP582VF9HSCP, contract_name: overflow-to-int-Epoch3_1-Clarity3, function_name: overflow-to-int-large, function_args: [[]])",
        vm_error: "Some(ArithmeticOverflow) [NON-CONSENSUS BREAKING]",
        return_type: Response(ResponseData(
          committed: false,
          data: Optional(OptionalData(
            data: None,
          )),
        )),
        cost: ExecutionCost(
          write_length: 0,
          write_count: 0,
          read_length: 118,
          read_count: 3,
          runtime: 369,
        ),
      ),
    ],
    total_block_cost: ExecutionCost(
      write_length: 0,
      write_count: 0,
      read_length: 118,
      read_count: 3,
      runtime: 369,
    ),
  )),
  Success(ExpectedBlockOutput(
    marf_hash: "a0f956af4b1434f0c4e105b1ddcf941e685b17ab9577366264bd53dd8568e0b1",
    evaluated_epoch: Epoch33,
    transactions: [
      ExpectedTransactionOutput(
        tx: "ContractCall(address: ST1AW6EKPGT61SQ9FNVDS17RKNWT8ZP582VF9HSCP, contract_name: overflow-to-int-Epoch3_2-Clarity1, function_name: overflow-to-int-large, function_args: [[]])",
        vm_error: "Some(ArithmeticOverflow) [NON-CONSENSUS BREAKING]",
        return_type: Response(ResponseData(
          committed: false,
          data: Optional(OptionalData(
            data: None,
          )),
        )),
        cost: ExecutionCost(
          write_length: 0,
          write_count: 0,
          read_length: 118,
          read_count: 3,
          runtime: 369,
        ),
      ),
    ],
    total_block_cost: ExecutionCost(
      write_length: 0,
      write_count: 0,
      read_length: 118,
      read_count: 3,
      runtime: 369,
    ),
  )),
  Success(ExpectedBlockOutput(
    marf_hash: "81cbef44af74d95ffbedd56ce6c372c5ee0837867c36f6aedb62f50a71dbbc20",
    evaluated_epoch: Epoch33,
    transactions: [
      ExpectedTransactionOutput(
        tx: "ContractCall(address: ST1AW6EKPGT61SQ9FNVDS17RKNWT8ZP582VF9HSCP, contract_name: overflow-to-int-Epoch3_2-Clarity2, function_name: overflow-to-int-large, function_args: [[]])",
        vm_error: "Some(ArithmeticOverflow) [NON-CONSENSUS BREAKING]",
        return_type: Response(ResponseData(
          committed: false,
          data: Optional(OptionalData(
            data: None,
          )),
        )),
        cost: ExecutionCost(
          write_length: 0,
          write_count: 0,
          read_length: 118,
          read_count: 3,
          runtime: 369,
        ),
      ),
    ],
    total_block_cost: ExecutionCost(
      write_length: 0,
      write_count: 0,
      read_length: 118,
      read_count: 3,
      runtime: 369,
    ),
  )),
  Success(ExpectedBlockOutput(
    marf_hash: "747f089d9dd793689ee473f2674a89417e2826a106257a68806fd8c029330060",
    evaluated_epoch: Epoch33,
    transactions: [
      ExpectedTransactionOutput(
        tx: "ContractCall(address: ST1AW6EKPGT61SQ9FNVDS17RKNWT8ZP582VF9HSCP, contract_name: overflow-to-int-Epoch3_2-Clarity3, function_name: overflow-to-int-large, function_args: [[]])",
        vm_error: "Some(ArithmeticOverflow) [NON-CONSENSUS BREAKING]",
        return_type: Response(ResponseData(
          committed: false,
          data: Optional(OptionalData(
            data: None,
          )),
        )),
        cost: ExecutionCost(
          write_length: 0,
          write_count: 0,
          read_length: 118,
          read_count: 3,
          runtime: 369,
        ),
      ),
    ],
    total_block_cost: ExecutionCost(
      write_length: 0,
      write_count: 0,
      read_length: 118,
      read_count: 3,
      runtime: 369,
    ),
  )),
  Success(ExpectedBlockOutput(
    marf_hash: "dfb79b6738fd0d3c46ece7c74a90a6fcf3cff61da630d044d802a2dc62064a8f",
    evaluated_epoch: Epoch33,
    transactions: [
      ExpectedTransactionOutput(
        tx: "ContractCall(address: ST1AW6EKPGT61SQ9FNVDS17RKNWT8ZP582VF9HSCP, contract_name: overflow-to-int-Epoch3_3-Clarity1, function_name: overflow-to-int-large, function_args: [[]])",
        vm_error: "Some(ArithmeticOverflow) [NON-CONSENSUS BREAKING]",
        return_type: Response(ResponseData(
          committed: false,
          data: Optional(OptionalData(
            data: None,
          )),
        )),
        cost: ExecutionCost(
          write_length: 0,
          write_count: 0,
          read_length: 118,
          read_count: 3,
          runtime: 369,
        ),
      ),
    ],
    total_block_cost: ExecutionCost(
      write_length: 0,
      write_count: 0,
      read_length: 118,
      read_count: 3,
      runtime: 369,
    ),
  )),
  Success(ExpectedBlockOutput(
    marf_hash: "c5d8ed9c276fd66c47edc1c5c4bbfad686070413dffa709eb452d32d3819b30d",
    evaluated_epoch: Epoch33,
    transactions: [
      ExpectedTransactionOutput(
        tx: "ContractCall(address: ST1AW6EKPGT61SQ9FNVDS17RKNWT8ZP582VF9HSCP, contract_name: overflow-to-int-Epoch3_3-Clarity2, function_name: overflow-to-int-large, function_args: [[]])",
        vm_error: "Some(ArithmeticOverflow) [NON-CONSENSUS BREAKING]",
        return_type: Response(ResponseData(
          committed: false,
          data: Optional(OptionalData(
            data: None,
          )),
        )),
        cost: ExecutionCost(
          write_length: 0,
          write_count: 0,
          read_length: 118,
          read_count: 3,
          runtime: 369,
        ),
      ),
    ],
    total_block_cost: ExecutionCost(
      write_length: 0,
      write_count: 0,
      read_length: 118,
      read_count: 3,
      runtime: 369,
    ),
  )),
  Success(ExpectedBlockOutput(
    marf_hash: "e583f5d59b7cd94636a70cb9daeac08c43bfc6f7b48bd4b6979ac8bb4700fc49",
    evaluated_epoch: Epoch33,
    transactions: [
      ExpectedTransactionOutput(
        tx: "ContractCall(address: ST1AW6EKPGT61SQ9FNVDS17RKNWT8ZP582VF9HSCP, contract_name: overflow-to-int-Epoch3_3-Clarity3, function_name: overflow-to-int-large, function_args: [[]])",
        vm_error: "Some(ArithmeticOverflow) [NON-CONSENSUS BREAKING]",
        return_type: Response(ResponseData(
          committed: false,
          data: Optional(OptionalData(
            data: None,
          )),
        )),
        cost: ExecutionCost(
          write_length: 0,
          write_count: 0,
          read_length: 118,
          read_count: 3,
          runtime: 369,
        ),
      ),
    ],
    total_block_cost: ExecutionCost(
      write_length: 0,
      write_count: 0,
      read_length: 118,
      read_count: 3,
      runtime: 369,
    ),
  )),
  Success(ExpectedBlockOutput(
    marf_hash: "d8af9577adec58f8647b646fdb05287aedab7bb14815665e2f9a05446b14dfd7",
    evaluated_epoch: Epoch33,
    transactions: [
      ExpectedTransactionOutput(
        tx: "ContractCall(address: ST1AW6EKPGT61SQ9FNVDS17RKNWT8ZP582VF9HSCP, contract_name: overflow-to-int-Epoch3_3-Clarity4, function_name: overflow-to-int-large, function_args: [[]])",
        vm_error: "Some(ArithmeticOverflow) [NON-CONSENSUS BREAKING]",
        return_type: Response(ResponseData(
          committed: false,
          data: Optional(OptionalData(
            data: None,
          )),
        )),
        cost: ExecutionCost(
          write_length: 0,
          write_count: 0,
          read_length: 118,
          read_count: 3,
          runtime: 369,
        ),
      ),
    ],
    total_block_cost: ExecutionCost(
      write_length: 0,
      write_count: 0,
      read_length: 118,
      read_count: 3,
      runtime: 369,
    ),
  )),
]
