---
source: stackslib/src/chainstate/tests/static_analysis_tests.rs
expression: result
---
[
  Success(ExpectedBlockOutput(
    marf_hash: "d92126b4c978b8a1fe4eaf2c13506334a55c7632b97d7a6eeb53eeadb450bea8",
    evaluated_epoch: Epoch34,
    transactions: [
      ExpectedTransactionOutput(
        tx: "SmartContract(name: union-type-error-Epoch3_4-Clarity1, code_body: [..], clarity_version: Some(Clarity1))",
        vm_error: "Some(:0:0: expecting expression of type \'int\' or \'uint\', found \'bool\') [NON-CONSENSUS BREAKING]",
        return_type: Response(ResponseData(
          committed: false,
          data: Optional(OptionalData(
            data: None,
          )),
        )),
        cost: ExecutionCost(
          write_length: 10,
          write_count: 1,
          read_length: 1,
          read_count: 1,
          runtime: 1532,
        ),
      ),
    ],
    total_block_cost: ExecutionCost(
      write_length: 10,
      write_count: 1,
      read_length: 1,
      read_count: 1,
      runtime: 1532,
    ),
  )),
  Success(ExpectedBlockOutput(
    marf_hash: "6361f4d92fb8c4b5fccf858bfde42655a2c2d4e8201ecb6a7c0584e044a51a63",
    evaluated_epoch: Epoch34,
    transactions: [
      ExpectedTransactionOutput(
        tx: "SmartContract(name: union-type-error-Epoch3_4-Clarity2, code_body: [..], clarity_version: Some(Clarity2))",
        vm_error: "Some(:0:0: expecting expression of type \'int\' or \'uint\', found \'bool\') [NON-CONSENSUS BREAKING]",
        return_type: Response(ResponseData(
          committed: false,
          data: Optional(OptionalData(
            data: None,
          )),
        )),
        cost: ExecutionCost(
          write_length: 10,
          write_count: 1,
          read_length: 1,
          read_count: 1,
          runtime: 1532,
        ),
      ),
    ],
    total_block_cost: ExecutionCost(
      write_length: 10,
      write_count: 1,
      read_length: 1,
      read_count: 1,
      runtime: 1532,
    ),
  )),
  Success(ExpectedBlockOutput(
    marf_hash: "09858badb75b75c71790cd8d760ebabed2a3cebe1102ba2f338e33dbdda0ba86",
    evaluated_epoch: Epoch34,
    transactions: [
      ExpectedTransactionOutput(
        tx: "SmartContract(name: union-type-error-Epoch3_4-Clarity3, code_body: [..], clarity_version: Some(Clarity3))",
        vm_error: "Some(:0:0: expecting expression of type \'int\' or \'uint\', found \'bool\') [NON-CONSENSUS BREAKING]",
        return_type: Response(ResponseData(
          committed: false,
          data: Optional(OptionalData(
            data: None,
          )),
        )),
        cost: ExecutionCost(
          write_length: 10,
          write_count: 1,
          read_length: 1,
          read_count: 1,
          runtime: 1532,
        ),
      ),
    ],
    total_block_cost: ExecutionCost(
      write_length: 10,
      write_count: 1,
      read_length: 1,
      read_count: 1,
      runtime: 1532,
    ),
  )),
  Success(ExpectedBlockOutput(
    marf_hash: "da8d934197a04d380629a6f2cc93c519fd4cf61162ccd429217e27d11788fef5",
    evaluated_epoch: Epoch34,
    transactions: [
      ExpectedTransactionOutput(
        tx: "SmartContract(name: union-type-error-Epoch3_4-Clarity4, code_body: [..], clarity_version: Some(Clarity4))",
        vm_error: "Some(:0:0: expecting expression of type \'int\' or \'uint\', found \'bool\') [NON-CONSENSUS BREAKING]",
        return_type: Response(ResponseData(
          committed: false,
          data: Optional(OptionalData(
            data: None,
          )),
        )),
        cost: ExecutionCost(
          write_length: 10,
          write_count: 1,
          read_length: 1,
          read_count: 1,
          runtime: 1532,
        ),
      ),
    ],
    total_block_cost: ExecutionCost(
      write_length: 10,
      write_count: 1,
      read_length: 1,
      read_count: 1,
      runtime: 1532,
    ),
  )),
  Success(ExpectedBlockOutput(
    marf_hash: "b0a6d2fbca94657169ce5620e18b64fbb8aafe43a85e019d733e759da27a9a5b",
    evaluated_epoch: Epoch34,
    transactions: [
      ExpectedTransactionOutput(
        tx: "SmartContract(name: union-type-error-Epoch3_4-Clarity5, code_body: [..], clarity_version: Some(Clarity5))",
        vm_error: "Some(:0:0: expecting expression of type \'int\' or \'uint\', found \'bool\') [NON-CONSENSUS BREAKING]",
        return_type: Response(ResponseData(
          committed: false,
          data: Optional(OptionalData(
            data: None,
          )),
        )),
        cost: ExecutionCost(
          write_length: 10,
          write_count: 1,
          read_length: 1,
          read_count: 1,
          runtime: 1532,
        ),
      ),
    ],
    total_block_cost: ExecutionCost(
      write_length: 10,
      write_count: 1,
      read_length: 1,
      read_count: 1,
      runtime: 1532,
    ),
  )),
  Success(ExpectedBlockOutput(
    marf_hash: "2c4324612dbb29c0db935bade7ca9d2e3f178cbabcdef9fca753578f0314011a",
    evaluated_epoch: Epoch40,
    transactions: [
      ExpectedTransactionOutput(
        tx: "SmartContract(name: union-type-error-Epoch4_0-Clarity1, code_body: [..], clarity_version: Some(Clarity1))",
        vm_error: "Some(:0:0: expecting expression of type \'int\' or \'uint\', found \'bool\') [NON-CONSENSUS BREAKING]",
        return_type: Response(ResponseData(
          committed: false,
          data: Optional(OptionalData(
            data: None,
          )),
        )),
        cost: ExecutionCost(
          write_length: 10,
          write_count: 1,
          read_length: 1,
          read_count: 1,
          runtime: 1532,
        ),
      ),
    ],
    total_block_cost: ExecutionCost(
      write_length: 10,
      write_count: 1,
      read_length: 1,
      read_count: 1,
      runtime: 1532,
    ),
  )),
  Success(ExpectedBlockOutput(
    marf_hash: "f12bd87cf283d17357ce88bec20977dd28751c3356d94993d0b684e31c03573b",
    evaluated_epoch: Epoch40,
    transactions: [
      ExpectedTransactionOutput(
        tx: "SmartContract(name: union-type-error-Epoch4_0-Clarity2, code_body: [..], clarity_version: Some(Clarity2))",
        vm_error: "Some(:0:0: expecting expression of type \'int\' or \'uint\', found \'bool\') [NON-CONSENSUS BREAKING]",
        return_type: Response(ResponseData(
          committed: false,
          data: Optional(OptionalData(
            data: None,
          )),
        )),
        cost: ExecutionCost(
          write_length: 10,
          write_count: 1,
          read_length: 1,
          read_count: 1,
          runtime: 1532,
        ),
      ),
    ],
    total_block_cost: ExecutionCost(
      write_length: 10,
      write_count: 1,
      read_length: 1,
      read_count: 1,
      runtime: 1532,
    ),
  )),
  Success(ExpectedBlockOutput(
    marf_hash: "275b25ce5b8ff6b7c23d19d509dc483c4ff5806cd620964acc6be97b9e4c9f5f",
    evaluated_epoch: Epoch40,
    transactions: [
      ExpectedTransactionOutput(
        tx: "SmartContract(name: union-type-error-Epoch4_0-Clarity3, code_body: [..], clarity_version: Some(Clarity3))",
        vm_error: "Some(:0:0: expecting expression of type \'int\' or \'uint\', found \'bool\') [NON-CONSENSUS BREAKING]",
        return_type: Response(ResponseData(
          committed: false,
          data: Optional(OptionalData(
            data: None,
          )),
        )),
        cost: ExecutionCost(
          write_length: 10,
          write_count: 1,
          read_length: 1,
          read_count: 1,
          runtime: 1532,
        ),
      ),
    ],
    total_block_cost: ExecutionCost(
      write_length: 10,
      write_count: 1,
      read_length: 1,
      read_count: 1,
      runtime: 1532,
    ),
  )),
  Success(ExpectedBlockOutput(
    marf_hash: "75ac870c67200f00b619fbe95f00b4234319a61b0c4576bdd922310dce9433b3",
    evaluated_epoch: Epoch40,
    transactions: [
      ExpectedTransactionOutput(
        tx: "SmartContract(name: union-type-error-Epoch4_0-Clarity4, code_body: [..], clarity_version: Some(Clarity4))",
        vm_error: "Some(:0:0: expecting expression of type \'int\' or \'uint\', found \'bool\') [NON-CONSENSUS BREAKING]",
        return_type: Response(ResponseData(
          committed: false,
          data: Optional(OptionalData(
            data: None,
          )),
        )),
        cost: ExecutionCost(
          write_length: 10,
          write_count: 1,
          read_length: 1,
          read_count: 1,
          runtime: 1532,
        ),
      ),
    ],
    total_block_cost: ExecutionCost(
      write_length: 10,
      write_count: 1,
      read_length: 1,
      read_count: 1,
      runtime: 1532,
    ),
  )),
  Success(ExpectedBlockOutput(
    marf_hash: "debb2d48fb4e5b137f0731ec377bf9625609dd8ece0b691ac620e4f0c3a76e0d",
    evaluated_epoch: Epoch40,
    transactions: [
      ExpectedTransactionOutput(
        tx: "SmartContract(name: union-type-error-Epoch4_0-Clarity5, code_body: [..], clarity_version: Some(Clarity5))",
        vm_error: "Some(:0:0: expecting expression of type \'int\' or \'uint\', found \'bool\') [NON-CONSENSUS BREAKING]",
        return_type: Response(ResponseData(
          committed: false,
          data: Optional(OptionalData(
            data: None,
          )),
        )),
        cost: ExecutionCost(
          write_length: 10,
          write_count: 1,
          read_length: 1,
          read_count: 1,
          runtime: 1532,
        ),
      ),
    ],
    total_block_cost: ExecutionCost(
      write_length: 10,
      write_count: 1,
      read_length: 1,
      read_count: 1,
      runtime: 1532,
    ),
  )),
  Success(ExpectedBlockOutput(
    marf_hash: "ec6a23a42cb0ec700c78f8408c9b4c29f0c5718aebf4db3a70a73e5a4a6e5c9b",
    evaluated_epoch: Epoch40,
    transactions: [
      ExpectedTransactionOutput(
        tx: "SmartContract(name: union-type-error-Epoch4_0-Clarity6, code_body: [..], clarity_version: Some(Clarity6))",
        vm_error: "Some(:0:0: expecting expression of type \'int\' or \'uint\', found \'bool\') [NON-CONSENSUS BREAKING]",
        return_type: Response(ResponseData(
          committed: false,
          data: Optional(OptionalData(
            data: None,
          )),
        )),
        cost: ExecutionCost(
          write_length: 10,
          write_count: 1,
          read_length: 1,
          read_count: 1,
          runtime: 1532,
        ),
      ),
    ],
    total_block_cost: ExecutionCost(
      write_length: 10,
      write_count: 1,
      read_length: 1,
      read_count: 1,
      runtime: 1532,
    ),
  )),
]
