---
source: stackslib/src/chainstate/tests/static_analysis_tests.rs
expression: result
---
[
  Success(ExpectedBlockOutput(
    marf_hash: "dc81c3132aeb608b889d68b82df98d9af336975c96b49dcd5cae6aba6731a3cc",
    evaluated_epoch: Epoch34,
    transactions: [
      ExpectedTransactionOutput(
        tx: "SmartContract(name: bad-func-name-Epoch3_4-Clarity1, code_body: [..], clarity_version: Some(Clarity1))",
        vm_error: "Some(:0:0: invalid function name) [NON-CONSENSUS BREAKING]",
        return_type: Response(ResponseData(
          committed: false,
          data: Optional(OptionalData(
            data: None,
          )),
        )),
        cost: ExecutionCost(
          write_length: 0,
          write_count: 0,
          read_length: 0,
          read_count: 0,
          runtime: 801,
        ),
      ),
    ],
    total_block_cost: ExecutionCost(
      write_length: 0,
      write_count: 0,
      read_length: 0,
      read_count: 0,
      runtime: 801,
    ),
  )),
  Success(ExpectedBlockOutput(
    marf_hash: "5391aaa22d33201816725e18da3626fdd114e933a1b8abfee7aef9a68faaf48b",
    evaluated_epoch: Epoch34,
    transactions: [
      ExpectedTransactionOutput(
        tx: "SmartContract(name: bad-func-name-Epoch3_4-Clarity2, code_body: [..], clarity_version: Some(Clarity2))",
        vm_error: "Some(:0:0: invalid function name) [NON-CONSENSUS BREAKING]",
        return_type: Response(ResponseData(
          committed: false,
          data: Optional(OptionalData(
            data: None,
          )),
        )),
        cost: ExecutionCost(
          write_length: 0,
          write_count: 0,
          read_length: 0,
          read_count: 0,
          runtime: 801,
        ),
      ),
    ],
    total_block_cost: ExecutionCost(
      write_length: 0,
      write_count: 0,
      read_length: 0,
      read_count: 0,
      runtime: 801,
    ),
  )),
  Success(ExpectedBlockOutput(
    marf_hash: "cef85524485c3a750a11bed7b3f03293e44f46ca9f60f0265f946e30d68fff0f",
    evaluated_epoch: Epoch34,
    transactions: [
      ExpectedTransactionOutput(
        tx: "SmartContract(name: bad-func-name-Epoch3_4-Clarity3, code_body: [..], clarity_version: Some(Clarity3))",
        vm_error: "Some(:0:0: invalid function name) [NON-CONSENSUS BREAKING]",
        return_type: Response(ResponseData(
          committed: false,
          data: Optional(OptionalData(
            data: None,
          )),
        )),
        cost: ExecutionCost(
          write_length: 0,
          write_count: 0,
          read_length: 0,
          read_count: 0,
          runtime: 801,
        ),
      ),
    ],
    total_block_cost: ExecutionCost(
      write_length: 0,
      write_count: 0,
      read_length: 0,
      read_count: 0,
      runtime: 801,
    ),
  )),
  Success(ExpectedBlockOutput(
    marf_hash: "12c12a4da87bfda0f31e6d5d0f1f98cb98e89db7766e2799e3fa11b412efd22a",
    evaluated_epoch: Epoch34,
    transactions: [
      ExpectedTransactionOutput(
        tx: "SmartContract(name: bad-func-name-Epoch3_4-Clarity4, code_body: [..], clarity_version: Some(Clarity4))",
        vm_error: "Some(:0:0: invalid function name) [NON-CONSENSUS BREAKING]",
        return_type: Response(ResponseData(
          committed: false,
          data: Optional(OptionalData(
            data: None,
          )),
        )),
        cost: ExecutionCost(
          write_length: 0,
          write_count: 0,
          read_length: 0,
          read_count: 0,
          runtime: 801,
        ),
      ),
    ],
    total_block_cost: ExecutionCost(
      write_length: 0,
      write_count: 0,
      read_length: 0,
      read_count: 0,
      runtime: 801,
    ),
  )),
  Success(ExpectedBlockOutput(
    marf_hash: "87d448a2d9b8ea1f09ad29390a6bd9d35c06356b0254ea07357f5972e162e7d8",
    evaluated_epoch: Epoch34,
    transactions: [
      ExpectedTransactionOutput(
        tx: "SmartContract(name: bad-func-name-Epoch3_4-Clarity5, code_body: [..], clarity_version: Some(Clarity5))",
        vm_error: "Some(:0:0: invalid function name) [NON-CONSENSUS BREAKING]",
        return_type: Response(ResponseData(
          committed: false,
          data: Optional(OptionalData(
            data: None,
          )),
        )),
        cost: ExecutionCost(
          write_length: 0,
          write_count: 0,
          read_length: 0,
          read_count: 0,
          runtime: 801,
        ),
      ),
    ],
    total_block_cost: ExecutionCost(
      write_length: 0,
      write_count: 0,
      read_length: 0,
      read_count: 0,
      runtime: 801,
    ),
  )),
  Success(ExpectedBlockOutput(
    marf_hash: "c4208ca373b8f9a2de84bbf21a76e703f907b7d4ae8a0db2d1fc905f91247956",
    evaluated_epoch: Epoch40,
    transactions: [
      ExpectedTransactionOutput(
        tx: "SmartContract(name: bad-func-name-Epoch4_0-Clarity1, code_body: [..], clarity_version: Some(Clarity1))",
        vm_error: "Some(:0:0: invalid function name) [NON-CONSENSUS BREAKING]",
        return_type: Response(ResponseData(
          committed: false,
          data: Optional(OptionalData(
            data: None,
          )),
        )),
        cost: ExecutionCost(
          write_length: 0,
          write_count: 0,
          read_length: 0,
          read_count: 0,
          runtime: 801,
        ),
      ),
    ],
    total_block_cost: ExecutionCost(
      write_length: 0,
      write_count: 0,
      read_length: 0,
      read_count: 0,
      runtime: 801,
    ),
  )),
  Success(ExpectedBlockOutput(
    marf_hash: "7d7e6dc2123ec8b468828056723d0aaf51db0998c88ebaada3d57ffa46aa44c3",
    evaluated_epoch: Epoch40,
    transactions: [
      ExpectedTransactionOutput(
        tx: "SmartContract(name: bad-func-name-Epoch4_0-Clarity2, code_body: [..], clarity_version: Some(Clarity2))",
        vm_error: "Some(:0:0: invalid function name) [NON-CONSENSUS BREAKING]",
        return_type: Response(ResponseData(
          committed: false,
          data: Optional(OptionalData(
            data: None,
          )),
        )),
        cost: ExecutionCost(
          write_length: 0,
          write_count: 0,
          read_length: 0,
          read_count: 0,
          runtime: 801,
        ),
      ),
    ],
    total_block_cost: ExecutionCost(
      write_length: 0,
      write_count: 0,
      read_length: 0,
      read_count: 0,
      runtime: 801,
    ),
  )),
  Success(ExpectedBlockOutput(
    marf_hash: "d2ba7facac58e620765928412f5047db1312e92b65a7ff5f95d6786f36634e37",
    evaluated_epoch: Epoch40,
    transactions: [
      ExpectedTransactionOutput(
        tx: "SmartContract(name: bad-func-name-Epoch4_0-Clarity3, code_body: [..], clarity_version: Some(Clarity3))",
        vm_error: "Some(:0:0: invalid function name) [NON-CONSENSUS BREAKING]",
        return_type: Response(ResponseData(
          committed: false,
          data: Optional(OptionalData(
            data: None,
          )),
        )),
        cost: ExecutionCost(
          write_length: 0,
          write_count: 0,
          read_length: 0,
          read_count: 0,
          runtime: 801,
        ),
      ),
    ],
    total_block_cost: ExecutionCost(
      write_length: 0,
      write_count: 0,
      read_length: 0,
      read_count: 0,
      runtime: 801,
    ),
  )),
  Success(ExpectedBlockOutput(
    marf_hash: "d24b9818ca21058631f4ce170a654c05971b5042a69a2f85d72341b886938c90",
    evaluated_epoch: Epoch40,
    transactions: [
      ExpectedTransactionOutput(
        tx: "SmartContract(name: bad-func-name-Epoch4_0-Clarity4, code_body: [..], clarity_version: Some(Clarity4))",
        vm_error: "Some(:0:0: invalid function name) [NON-CONSENSUS BREAKING]",
        return_type: Response(ResponseData(
          committed: false,
          data: Optional(OptionalData(
            data: None,
          )),
        )),
        cost: ExecutionCost(
          write_length: 0,
          write_count: 0,
          read_length: 0,
          read_count: 0,
          runtime: 801,
        ),
      ),
    ],
    total_block_cost: ExecutionCost(
      write_length: 0,
      write_count: 0,
      read_length: 0,
      read_count: 0,
      runtime: 801,
    ),
  )),
  Success(ExpectedBlockOutput(
    marf_hash: "d5282de9efa28dac32119ba923bb613019afd0f90141a4081045391e842923e7",
    evaluated_epoch: Epoch40,
    transactions: [
      ExpectedTransactionOutput(
        tx: "SmartContract(name: bad-func-name-Epoch4_0-Clarity5, code_body: [..], clarity_version: Some(Clarity5))",
        vm_error: "Some(:0:0: invalid function name) [NON-CONSENSUS BREAKING]",
        return_type: Response(ResponseData(
          committed: false,
          data: Optional(OptionalData(
            data: None,
          )),
        )),
        cost: ExecutionCost(
          write_length: 0,
          write_count: 0,
          read_length: 0,
          read_count: 0,
          runtime: 801,
        ),
      ),
    ],
    total_block_cost: ExecutionCost(
      write_length: 0,
      write_count: 0,
      read_length: 0,
      read_count: 0,
      runtime: 801,
    ),
  )),
  Success(ExpectedBlockOutput(
    marf_hash: "87ccd9b13fe50193a6551d774c4559f38c011fecb2d50d6eaa16333c1d950011",
    evaluated_epoch: Epoch40,
    transactions: [
      ExpectedTransactionOutput(
        tx: "SmartContract(name: bad-func-name-Epoch4_0-Clarity6, code_body: [..], clarity_version: Some(Clarity6))",
        vm_error: "Some(:0:0: invalid function name) [NON-CONSENSUS BREAKING]",
        return_type: Response(ResponseData(
          committed: false,
          data: Optional(OptionalData(
            data: None,
          )),
        )),
        cost: ExecutionCost(
          write_length: 0,
          write_count: 0,
          read_length: 0,
          read_count: 0,
          runtime: 801,
        ),
      ),
    ],
    total_block_cost: ExecutionCost(
      write_length: 0,
      write_count: 0,
      read_length: 0,
      read_count: 0,
      runtime: 801,
    ),
  )),
]
