---
source: stackslib/src/chainstate/tests/static_analysis_tests.rs
expression: result.get_expected_results()
---
[
  Failure(ExpectedFailureOutput(
    evaluated_epoch: Epoch34,
    error: "Invalid Stacks block 83759f50ca3256129f842eba42932ce8da51d5419571102fd31b26df3b43662b: CostOverflowError(ExecutionCost { write_length: 0, write_count: 0, read_length: 0, read_count: 0, runtime: 0 }, ExecutionCost { write_length: 75013, write_count: 1, read_length: 1020001, read_count: 15001, runtime: 135183501 }, ExecutionCost { write_length: 15000000, write_count: 15000, read_length: 100000000, read_count: 15000, runtime: 5000000000 })",
  )),
  Failure(ExpectedFailureOutput(
    evaluated_epoch: Epoch34,
    error: "Invalid Stacks block 5594c5b013c314a88a0c14ceebc7b7c3f9ee9c7336699160ecbb48365caecc57: CostOverflowError(ExecutionCost { write_length: 0, write_count: 0, read_length: 0, read_count: 0, runtime: 0 }, ExecutionCost { write_length: 75013, write_count: 1, read_length: 1020001, read_count: 15001, runtime: 135168502 }, ExecutionCost { write_length: 15000000, write_count: 15000, read_length: 100000000, read_count: 15000, runtime: 5000000000 })",
  )),
  Failure(ExpectedFailureOutput(
    evaluated_epoch: Epoch34,
    error: "Invalid Stacks block 03e708fce91715e170772c8f7186c39ccbf9e70196e9eb8471be6c5717f42f0d: CostOverflowError(ExecutionCost { write_length: 0, write_count: 0, read_length: 0, read_count: 0, runtime: 0 }, ExecutionCost { write_length: 75013, write_count: 1, read_length: 1020001, read_count: 15001, runtime: 135168502 }, ExecutionCost { write_length: 15000000, write_count: 15000, read_length: 100000000, read_count: 15000, runtime: 5000000000 })",
  )),
  Failure(ExpectedFailureOutput(
    evaluated_epoch: Epoch34,
    error: "Invalid Stacks block d004a3298f3fb94db13f48e357d31352b32f08b8f49fbb1e44e94ae2596bf7bc: CostOverflowError(ExecutionCost { write_length: 0, write_count: 0, read_length: 0, read_count: 0, runtime: 0 }, ExecutionCost { write_length: 75013, write_count: 1, read_length: 1020001, read_count: 15001, runtime: 135168502 }, ExecutionCost { write_length: 15000000, write_count: 15000, read_length: 100000000, read_count: 15000, runtime: 5000000000 })",
  )),
  Failure(ExpectedFailureOutput(
    evaluated_epoch: Epoch34,
    error: "Invalid Stacks block d1b0e189a622286cb13f99fd92e3fd00b9fd08a1f32742d99dfa7eb0c25d0f26: CostOverflowError(ExecutionCost { write_length: 0, write_count: 0, read_length: 0, read_count: 0, runtime: 0 }, ExecutionCost { write_length: 75013, write_count: 1, read_length: 1020001, read_count: 15001, runtime: 135168502 }, ExecutionCost { write_length: 15000000, write_count: 15000, read_length: 100000000, read_count: 15000, runtime: 5000000000 })",
  )),
  Success(ExpectedBlockOutput(
    marf_hash: "8734a81a616593f106d6e108153c5c2c78368c682b03d995ed1d671638e7cc88",
    evaluated_epoch: Epoch40,
    transactions: [
      ExpectedTransactionOutput(
        tx: "SmartContract(name: cost-balance-exceeded-Epoch4_0-Clarity1, code_body: [..], clarity_version: Some(Clarity1))",
        vm_error: "None [NON-CONSENSUS BREAKING]",
        return_type: Response(ResponseData(
          committed: true,
          data: Bool(true),
        )),
        cost: ExecutionCost(
          write_length: 1335141,
          write_count: 2,
          read_length: 1020069,
          read_count: 15002,
          runtime: 149059309,
        ),
      ),
    ],
    total_block_cost: ExecutionCost(
      write_length: 1335141,
      write_count: 2,
      read_length: 1020069,
      read_count: 15002,
      runtime: 149059309,
    ),
  )),
  Failure(ExpectedFailureOutput(
    evaluated_epoch: Epoch40,
    error: "Invalid Stacks block ecc35c73782c52b0e12471154b47e4c847c74d031176c317065be47c67c2dd96: CostOverflowError(ExecutionCost { write_length: 1335141, write_count: 2, read_length: 1020069, read_count: 15002, runtime: 149059309 }, ExecutionCost { write_length: 1410154, write_count: 3, read_length: 2039934, read_count: 30001, runtime: 284214345 }, ExecutionCost { write_length: 15000000, write_count: 15000, read_length: 200000000, read_count: 30000, runtime: 5000000000 })",
  )),
  Failure(ExpectedFailureOutput(
    evaluated_epoch: Epoch40,
    error: "Invalid Stacks block 5a58c1510bbbdfefec258416affbdaeb4e09c5642bd91fedcaf97bb3210a3a6d: CostOverflowError(ExecutionCost { write_length: 1335141, write_count: 2, read_length: 1020069, read_count: 15002, runtime: 149059309 }, ExecutionCost { write_length: 1410154, write_count: 3, read_length: 2039934, read_count: 30001, runtime: 284214345 }, ExecutionCost { write_length: 15000000, write_count: 15000, read_length: 200000000, read_count: 30000, runtime: 5000000000 })",
  )),
  Failure(ExpectedFailureOutput(
    evaluated_epoch: Epoch40,
    error: "Invalid Stacks block 82173c894e2de151bd3ec54001bc893200673e624463ccacd29b3e0c62e6fc20: CostOverflowError(ExecutionCost { write_length: 1335141, write_count: 2, read_length: 1020069, read_count: 15002, runtime: 149059309 }, ExecutionCost { write_length: 1410154, write_count: 3, read_length: 2039934, read_count: 30001, runtime: 284214345 }, ExecutionCost { write_length: 15000000, write_count: 15000, read_length: 200000000, read_count: 30000, runtime: 5000000000 })",
  )),
  Failure(ExpectedFailureOutput(
    evaluated_epoch: Epoch40,
    error: "Invalid Stacks block 30322f891ea11b65134c2f41ddab6d30b21d472ee57ea7bf919e48787fd9b8c5: CostOverflowError(ExecutionCost { write_length: 1335141, write_count: 2, read_length: 1020069, read_count: 15002, runtime: 149059309 }, ExecutionCost { write_length: 1410154, write_count: 3, read_length: 2039934, read_count: 30001, runtime: 284214345 }, ExecutionCost { write_length: 15000000, write_count: 15000, read_length: 200000000, read_count: 30000, runtime: 5000000000 })",
  )),
  Failure(ExpectedFailureOutput(
    evaluated_epoch: Epoch40,
    error: "Invalid Stacks block fedf6112f6292f18c05ef60bd2f34ca884eaa6c0f1157bdaa83f8857993678b8: CostOverflowError(ExecutionCost { write_length: 1335141, write_count: 2, read_length: 1020069, read_count: 15002, runtime: 149059309 }, ExecutionCost { write_length: 1410154, write_count: 3, read_length: 2039934, read_count: 30001, runtime: 284214345 }, ExecutionCost { write_length: 15000000, write_count: 15000, read_length: 200000000, read_count: 30000, runtime: 5000000000 })",
  )),
]
