---
source: stackslib/src/chainstate/tests/static_analysis_tests.rs
expression: result
snapshot_kind: text
---
[
  Success(ExpectedBlockOutput(
    marf_hash: "16f56f1134cb32c4fcbdffdf9f1591883147149353d0f1559e4ea20e9469f494",
    evaluated_epoch: Epoch33,
    transactions: [
      ExpectedTransactionOutput(
        tx: "SmartContract(name: bad-map-type-Epoch3_3-Clarity1, code_body: [..], clarity_version: Some(Clarity1))",
        vm_error: "Some(:0:0: invalid map definition) [NON-CONSENSUS BREAKING]",
        return_type: Response(ResponseData(
          committed: false,
          data: Optional(OptionalData(
            data: None,
          )),
        )),
        cost: ExecutionCost(
          write_length: 10,
          write_count: 1,
          read_length: 1,
          read_count: 1,
          runtime: 1372,
        ),
      ),
    ],
    total_block_cost: ExecutionCost(
      write_length: 10,
      write_count: 1,
      read_length: 1,
      read_count: 1,
      runtime: 1372,
    ),
  )),
  Success(ExpectedBlockOutput(
    marf_hash: "c197c174d892ac45af3e538c2171e1b742711931b31df69427a8751959a0b80c",
    evaluated_epoch: Epoch33,
    transactions: [
      ExpectedTransactionOutput(
        tx: "SmartContract(name: bad-map-type-Epoch3_3-Clarity2, code_body: [..], clarity_version: Some(Clarity2))",
        vm_error: "Some(:0:0: invalid map definition) [NON-CONSENSUS BREAKING]",
        return_type: Response(ResponseData(
          committed: false,
          data: Optional(OptionalData(
            data: None,
          )),
        )),
        cost: ExecutionCost(
          write_length: 10,
          write_count: 1,
          read_length: 1,
          read_count: 1,
          runtime: 1372,
        ),
      ),
    ],
    total_block_cost: ExecutionCost(
      write_length: 10,
      write_count: 1,
      read_length: 1,
      read_count: 1,
      runtime: 1372,
    ),
  )),
  Success(ExpectedBlockOutput(
    marf_hash: "1e7a1d4a30590f40c9024d388912e12f0d2919479f03cfcd8b5c8b8a71bb7a35",
    evaluated_epoch: Epoch33,
    transactions: [
      ExpectedTransactionOutput(
        tx: "SmartContract(name: bad-map-type-Epoch3_3-Clarity3, code_body: [..], clarity_version: Some(Clarity3))",
        vm_error: "Some(:0:0: invalid map definition) [NON-CONSENSUS BREAKING]",
        return_type: Response(ResponseData(
          committed: false,
          data: Optional(OptionalData(
            data: None,
          )),
        )),
        cost: ExecutionCost(
          write_length: 10,
          write_count: 1,
          read_length: 1,
          read_count: 1,
          runtime: 1372,
        ),
      ),
    ],
    total_block_cost: ExecutionCost(
      write_length: 10,
      write_count: 1,
      read_length: 1,
      read_count: 1,
      runtime: 1372,
    ),
  )),
  Success(ExpectedBlockOutput(
    marf_hash: "f1e14929fed22b740c021ebc044411d4d97c67d2a44c5d43c37c3bee067013e4",
    evaluated_epoch: Epoch33,
    transactions: [
      ExpectedTransactionOutput(
        tx: "SmartContract(name: bad-map-type-Epoch3_3-Clarity4, code_body: [..], clarity_version: Some(Clarity4))",
        vm_error: "Some(:0:0: invalid map definition) [NON-CONSENSUS BREAKING]",
        return_type: Response(ResponseData(
          committed: false,
          data: Optional(OptionalData(
            data: None,
          )),
        )),
        cost: ExecutionCost(
          write_length: 10,
          write_count: 1,
          read_length: 1,
          read_count: 1,
          runtime: 1372,
        ),
      ),
    ],
    total_block_cost: ExecutionCost(
      write_length: 10,
      write_count: 1,
      read_length: 1,
      read_count: 1,
      runtime: 1372,
    ),
  )),
  Success(ExpectedBlockOutput(
    marf_hash: "823ddc4f983e2690bdfa117621f7c3c3b2fe7ac7db74331ad20a8d39198998ab",
    evaluated_epoch: Epoch34,
    transactions: [
      ExpectedTransactionOutput(
        tx: "SmartContract(name: bad-map-type-Epoch3_4-Clarity1, code_body: [..], clarity_version: Some(Clarity1))",
        vm_error: "Some(:0:0: invalid map definition) [NON-CONSENSUS BREAKING]",
        return_type: Response(ResponseData(
          committed: false,
          data: Optional(OptionalData(
            data: None,
          )),
        )),
        cost: ExecutionCost(
          write_length: 10,
          write_count: 1,
          read_length: 1,
          read_count: 1,
          runtime: 1372,
        ),
      ),
    ],
    total_block_cost: ExecutionCost(
      write_length: 10,
      write_count: 1,
      read_length: 1,
      read_count: 1,
      runtime: 1372,
    ),
  )),
  Success(ExpectedBlockOutput(
    marf_hash: "4f93cd363a9361e8477a84b7ac9ea5dd98480dde5bc95ec4624e96cf41c93247",
    evaluated_epoch: Epoch34,
    transactions: [
      ExpectedTransactionOutput(
        tx: "SmartContract(name: bad-map-type-Epoch3_4-Clarity2, code_body: [..], clarity_version: Some(Clarity2))",
        vm_error: "Some(:0:0: invalid map definition) [NON-CONSENSUS BREAKING]",
        return_type: Response(ResponseData(
          committed: false,
          data: Optional(OptionalData(
            data: None,
          )),
        )),
        cost: ExecutionCost(
          write_length: 10,
          write_count: 1,
          read_length: 1,
          read_count: 1,
          runtime: 1372,
        ),
      ),
    ],
    total_block_cost: ExecutionCost(
      write_length: 10,
      write_count: 1,
      read_length: 1,
      read_count: 1,
      runtime: 1372,
    ),
  )),
  Success(ExpectedBlockOutput(
    marf_hash: "aad2097c7c27ce858d26e8122f70689f7bd4a00bba4967b08a64f683f51d90b2",
    evaluated_epoch: Epoch34,
    transactions: [
      ExpectedTransactionOutput(
        tx: "SmartContract(name: bad-map-type-Epoch3_4-Clarity3, code_body: [..], clarity_version: Some(Clarity3))",
        vm_error: "Some(:0:0: invalid map definition) [NON-CONSENSUS BREAKING]",
        return_type: Response(ResponseData(
          committed: false,
          data: Optional(OptionalData(
            data: None,
          )),
        )),
        cost: ExecutionCost(
          write_length: 10,
          write_count: 1,
          read_length: 1,
          read_count: 1,
          runtime: 1372,
        ),
      ),
    ],
    total_block_cost: ExecutionCost(
      write_length: 10,
      write_count: 1,
      read_length: 1,
      read_count: 1,
      runtime: 1372,
    ),
  )),
  Success(ExpectedBlockOutput(
    marf_hash: "5c76849a42e10b0dcbac2d40cc19fab09808d2db8d9e56742befad29d5138832",
    evaluated_epoch: Epoch34,
    transactions: [
      ExpectedTransactionOutput(
        tx: "SmartContract(name: bad-map-type-Epoch3_4-Clarity4, code_body: [..], clarity_version: Some(Clarity4))",
        vm_error: "Some(:0:0: invalid map definition) [NON-CONSENSUS BREAKING]",
        return_type: Response(ResponseData(
          committed: false,
          data: Optional(OptionalData(
            data: None,
          )),
        )),
        cost: ExecutionCost(
          write_length: 10,
          write_count: 1,
          read_length: 1,
          read_count: 1,
          runtime: 1372,
        ),
      ),
    ],
    total_block_cost: ExecutionCost(
      write_length: 10,
      write_count: 1,
      read_length: 1,
      read_count: 1,
      runtime: 1372,
    ),
  )),
  Success(ExpectedBlockOutput(
    marf_hash: "3cbf722187303decaf6e2175d1aad52fe7cad0577e9ca103e590df63c12897ab",
    evaluated_epoch: Epoch34,
    transactions: [
      ExpectedTransactionOutput(
        tx: "SmartContract(name: bad-map-type-Epoch3_4-Clarity5, code_body: [..], clarity_version: Some(Clarity5))",
        vm_error: "Some(:0:0: invalid map definition) [NON-CONSENSUS BREAKING]",
        return_type: Response(ResponseData(
          committed: false,
          data: Optional(OptionalData(
            data: None,
          )),
        )),
        cost: ExecutionCost(
          write_length: 10,
          write_count: 1,
          read_length: 1,
          read_count: 1,
          runtime: 1372,
        ),
      ),
    ],
    total_block_cost: ExecutionCost(
      write_length: 10,
      write_count: 1,
      read_length: 1,
      read_count: 1,
      runtime: 1372,
    ),
  )),
  Success(ExpectedBlockOutput(
    marf_hash: "5f4c4378233098fb3d7452a9ede412ab4c9cff775e2a06a1ac432f13d8096923",
    evaluated_epoch: Epoch35,
    transactions: [
      ExpectedTransactionOutput(
        tx: "SmartContract(name: bad-map-type-Epoch3_5-Clarity1, code_body: [..], clarity_version: Some(Clarity1))",
        vm_error: "Some(:0:0: invalid map definition) [NON-CONSENSUS BREAKING]",
        return_type: Response(ResponseData(
          committed: false,
          data: Optional(OptionalData(
            data: None,
          )),
        )),
        cost: ExecutionCost(
          write_length: 10,
          write_count: 1,
          read_length: 1,
          read_count: 1,
          runtime: 1372,
        ),
      ),
    ],
    total_block_cost: ExecutionCost(
      write_length: 10,
      write_count: 1,
      read_length: 1,
      read_count: 1,
      runtime: 1372,
    ),
  )),
  Success(ExpectedBlockOutput(
    marf_hash: "a952a5175b0aa33e5db3eac160ce846de8643edea74b1a3953b011156c2f2068",
    evaluated_epoch: Epoch35,
    transactions: [
      ExpectedTransactionOutput(
        tx: "SmartContract(name: bad-map-type-Epoch3_5-Clarity2, code_body: [..], clarity_version: Some(Clarity2))",
        vm_error: "Some(:0:0: invalid map definition) [NON-CONSENSUS BREAKING]",
        return_type: Response(ResponseData(
          committed: false,
          data: Optional(OptionalData(
            data: None,
          )),
        )),
        cost: ExecutionCost(
          write_length: 10,
          write_count: 1,
          read_length: 1,
          read_count: 1,
          runtime: 1372,
        ),
      ),
    ],
    total_block_cost: ExecutionCost(
      write_length: 10,
      write_count: 1,
      read_length: 1,
      read_count: 1,
      runtime: 1372,
    ),
  )),
  Success(ExpectedBlockOutput(
    marf_hash: "636d6c9f1305c9089be0601ff14645632dd8c0504c700d9cc628ea151a2eeb36",
    evaluated_epoch: Epoch35,
    transactions: [
      ExpectedTransactionOutput(
        tx: "SmartContract(name: bad-map-type-Epoch3_5-Clarity3, code_body: [..], clarity_version: Some(Clarity3))",
        vm_error: "Some(:0:0: invalid map definition) [NON-CONSENSUS BREAKING]",
        return_type: Response(ResponseData(
          committed: false,
          data: Optional(OptionalData(
            data: None,
          )),
        )),
        cost: ExecutionCost(
          write_length: 10,
          write_count: 1,
          read_length: 1,
          read_count: 1,
          runtime: 1372,
        ),
      ),
    ],
    total_block_cost: ExecutionCost(
      write_length: 10,
      write_count: 1,
      read_length: 1,
      read_count: 1,
      runtime: 1372,
    ),
  )),
  Success(ExpectedBlockOutput(
    marf_hash: "38ca93ebe4822ac0ac5dfa2b5b360e9c95c9dd475e9599df27859389bc9ee371",
    evaluated_epoch: Epoch35,
    transactions: [
      ExpectedTransactionOutput(
        tx: "SmartContract(name: bad-map-type-Epoch3_5-Clarity4, code_body: [..], clarity_version: Some(Clarity4))",
        vm_error: "Some(:0:0: invalid map definition) [NON-CONSENSUS BREAKING]",
        return_type: Response(ResponseData(
          committed: false,
          data: Optional(OptionalData(
            data: None,
          )),
        )),
        cost: ExecutionCost(
          write_length: 10,
          write_count: 1,
          read_length: 1,
          read_count: 1,
          runtime: 1372,
        ),
      ),
    ],
    total_block_cost: ExecutionCost(
      write_length: 10,
      write_count: 1,
      read_length: 1,
      read_count: 1,
      runtime: 1372,
    ),
  )),
  Success(ExpectedBlockOutput(
    marf_hash: "3dc17ed80b384f72b8f092401fff80d6e20a9e43b03ef4384d21a71279119cb5",
    evaluated_epoch: Epoch35,
    transactions: [
      ExpectedTransactionOutput(
        tx: "SmartContract(name: bad-map-type-Epoch3_5-Clarity5, code_body: [..], clarity_version: Some(Clarity5))",
        vm_error: "Some(:0:0: invalid map definition) [NON-CONSENSUS BREAKING]",
        return_type: Response(ResponseData(
          committed: false,
          data: Optional(OptionalData(
            data: None,
          )),
        )),
        cost: ExecutionCost(
          write_length: 10,
          write_count: 1,
          read_length: 1,
          read_count: 1,
          runtime: 1372,
        ),
      ),
    ],
    total_block_cost: ExecutionCost(
      write_length: 10,
      write_count: 1,
      read_length: 1,
      read_count: 1,
      runtime: 1372,
    ),
  )),
]
