---
source: stackslib/src/chainstate/tests/static_analysis_tests.rs
expression: result
---
[
  Success(ExpectedBlockOutput(
    marf_hash: "2d2c06511d68003cf45ab102f17f601dfbb79b5342e1eb55d63670ea0b589dfb",
    evaluated_epoch: Epoch34,
    transactions: [
      ExpectedTransactionOutput(
        tx: "SmartContract(name: exp-allowa-expr-Epoch3_4-Clarity4, code_body: [..], clarity_version: Some(Clarity4))",
        vm_error: "Some(:0:0: expected an allowance expression, got: not) [NON-CONSENSUS BREAKING]",
        return_type: Response(ResponseData(
          committed: false,
          data: Optional(OptionalData(
            data: None,
          )),
        )),
        cost: ExecutionCost(
          write_length: 9,
          write_count: 1,
          read_length: 1,
          read_count: 1,
          runtime: 1653,
        ),
      ),
    ],
    total_block_cost: ExecutionCost(
      write_length: 9,
      write_count: 1,
      read_length: 1,
      read_count: 1,
      runtime: 1653,
    ),
  )),
  Success(ExpectedBlockOutput(
    marf_hash: "87f3b9a5ca8f1f8700efade1f172f4a3f97d3b11487c1c196af067832d5092b2",
    evaluated_epoch: Epoch34,
    transactions: [
      ExpectedTransactionOutput(
        tx: "SmartContract(name: exp-allowa-expr-Epoch3_4-Clarity5, code_body: [..], clarity_version: Some(Clarity5))",
        vm_error: "Some(:0:0: expected an allowance expression, got: not) [NON-CONSENSUS BREAKING]",
        return_type: Response(ResponseData(
          committed: false,
          data: Optional(OptionalData(
            data: None,
          )),
        )),
        cost: ExecutionCost(
          write_length: 9,
          write_count: 1,
          read_length: 1,
          read_count: 1,
          runtime: 1653,
        ),
      ),
    ],
    total_block_cost: ExecutionCost(
      write_length: 9,
      write_count: 1,
      read_length: 1,
      read_count: 1,
      runtime: 1653,
    ),
  )),
  Success(ExpectedBlockOutput(
    marf_hash: "d6095b3626b06be79a6e05e12da1da1c699db16434c4c02be6764cb15ba60d16",
    evaluated_epoch: Epoch40,
    transactions: [
      ExpectedTransactionOutput(
        tx: "SmartContract(name: exp-allowa-expr-Epoch4_0-Clarity4, code_body: [..], clarity_version: Some(Clarity4))",
        vm_error: "Some(:0:0: expected an allowance expression, got: not) [NON-CONSENSUS BREAKING]",
        return_type: Response(ResponseData(
          committed: false,
          data: Optional(OptionalData(
            data: None,
          )),
        )),
        cost: ExecutionCost(
          write_length: 9,
          write_count: 1,
          read_length: 1,
          read_count: 1,
          runtime: 1653,
        ),
      ),
    ],
    total_block_cost: ExecutionCost(
      write_length: 9,
      write_count: 1,
      read_length: 1,
      read_count: 1,
      runtime: 1653,
    ),
  )),
  Success(ExpectedBlockOutput(
    marf_hash: "cad2d7366f4659134436b580b5a0a068b2e2f344f718e634321bf9c074ce24b9",
    evaluated_epoch: Epoch40,
    transactions: [
      ExpectedTransactionOutput(
        tx: "SmartContract(name: exp-allowa-expr-Epoch4_0-Clarity5, code_body: [..], clarity_version: Some(Clarity5))",
        vm_error: "Some(:0:0: expected an allowance expression, got: not) [NON-CONSENSUS BREAKING]",
        return_type: Response(ResponseData(
          committed: false,
          data: Optional(OptionalData(
            data: None,
          )),
        )),
        cost: ExecutionCost(
          write_length: 9,
          write_count: 1,
          read_length: 1,
          read_count: 1,
          runtime: 1653,
        ),
      ),
    ],
    total_block_cost: ExecutionCost(
      write_length: 9,
      write_count: 1,
      read_length: 1,
      read_count: 1,
      runtime: 1653,
    ),
  )),
  Success(ExpectedBlockOutput(
    marf_hash: "e865c9d9b58b7ce948925d5a316f1819cb81b31e4b9f66ed447d96370f65c514",
    evaluated_epoch: Epoch40,
    transactions: [
      ExpectedTransactionOutput(
        tx: "SmartContract(name: exp-allowa-expr-Epoch4_0-Clarity6, code_body: [..], clarity_version: Some(Clarity6))",
        vm_error: "Some(:0:0: expected an allowance expression, got: not) [NON-CONSENSUS BREAKING]",
        return_type: Response(ResponseData(
          committed: false,
          data: Optional(OptionalData(
            data: None,
          )),
        )),
        cost: ExecutionCost(
          write_length: 9,
          write_count: 1,
          read_length: 1,
          read_count: 1,
          runtime: 1653,
        ),
      ),
    ],
    total_block_cost: ExecutionCost(
      write_length: 9,
      write_count: 1,
      read_length: 1,
      read_count: 1,
      runtime: 1653,
    ),
  )),
]
