---
source: stackslib/src/chainstate/tests/runtime_tests.rs
expression: result
---
[
  Success(ExpectedBlockOutput(
    marf_hash: "1e4d3e6f96142d8577c1abae13ef6b7694df7cb39cb6e30a017a6f58f55a664d",
    evaluated_epoch: Epoch34,
    transactions: [
      ExpectedTransactionOutput(
        tx: "SmartContract(name: overflow-to-int-Epoch3_4-Clarity1, code_body: [..], clarity_version: Some(Clarity1))",
        vm_error: "Some(ArithmeticOverflow) [NON-CONSENSUS BREAKING]",
        return_type: Response(ResponseData(
          committed: false,
          data: Optional(OptionalData(
            data: None,
          )),
        )),
        cost: ExecutionCost(
          write_length: 84,
          write_count: 2,
          read_length: 1,
          read_count: 1,
          runtime: 10659,
        ),
      ),
    ],
    total_block_cost: ExecutionCost(
      write_length: 84,
      write_count: 2,
      read_length: 1,
      read_count: 1,
      runtime: 10659,
    ),
  )),
  Success(ExpectedBlockOutput(
    marf_hash: "f4c4e9c6c94c3adc6f02e6fe4fb40f0dc416195b77a629b655af641b8a6dc522",
    evaluated_epoch: Epoch34,
    transactions: [
      ExpectedTransactionOutput(
        tx: "SmartContract(name: overflow-to-int-Epoch3_4-Clarity2, code_body: [..], clarity_version: Some(Clarity2))",
        vm_error: "Some(ArithmeticOverflow) [NON-CONSENSUS BREAKING]",
        return_type: Response(ResponseData(
          committed: false,
          data: Optional(OptionalData(
            data: None,
          )),
        )),
        cost: ExecutionCost(
          write_length: 84,
          write_count: 2,
          read_length: 1,
          read_count: 1,
          runtime: 10659,
        ),
      ),
    ],
    total_block_cost: ExecutionCost(
      write_length: 84,
      write_count: 2,
      read_length: 1,
      read_count: 1,
      runtime: 10659,
    ),
  )),
  Success(ExpectedBlockOutput(
    marf_hash: "172090a115e1b85aaa30adc9dedb8c1e3a6d3aeba715663d997b489082dc4261",
    evaluated_epoch: Epoch34,
    transactions: [
      ExpectedTransactionOutput(
        tx: "SmartContract(name: overflow-to-int-Epoch3_4-Clarity3, code_body: [..], clarity_version: Some(Clarity3))",
        vm_error: "Some(ArithmeticOverflow) [NON-CONSENSUS BREAKING]",
        return_type: Response(ResponseData(
          committed: false,
          data: Optional(OptionalData(
            data: None,
          )),
        )),
        cost: ExecutionCost(
          write_length: 84,
          write_count: 2,
          read_length: 1,
          read_count: 1,
          runtime: 10659,
        ),
      ),
    ],
    total_block_cost: ExecutionCost(
      write_length: 84,
      write_count: 2,
      read_length: 1,
      read_count: 1,
      runtime: 10659,
    ),
  )),
  Success(ExpectedBlockOutput(
    marf_hash: "42613387ce1c7751e8b4b82859e6601a458b987368604e667d3b816c913bcf16",
    evaluated_epoch: Epoch34,
    transactions: [
      ExpectedTransactionOutput(
        tx: "SmartContract(name: overflow-to-int-Epoch3_4-Clarity4, code_body: [..], clarity_version: Some(Clarity4))",
        vm_error: "Some(ArithmeticOverflow) [NON-CONSENSUS BREAKING]",
        return_type: Response(ResponseData(
          committed: false,
          data: Optional(OptionalData(
            data: None,
          )),
        )),
        cost: ExecutionCost(
          write_length: 84,
          write_count: 2,
          read_length: 1,
          read_count: 1,
          runtime: 10659,
        ),
      ),
    ],
    total_block_cost: ExecutionCost(
      write_length: 84,
      write_count: 2,
      read_length: 1,
      read_count: 1,
      runtime: 10659,
    ),
  )),
  Success(ExpectedBlockOutput(
    marf_hash: "e2f76964b89136d4be8004693951811a116d11a765ef6449eb8785134d453597",
    evaluated_epoch: Epoch34,
    transactions: [
      ExpectedTransactionOutput(
        tx: "SmartContract(name: overflow-to-int-Epoch3_4-Clarity5, code_body: [..], clarity_version: Some(Clarity5))",
        vm_error: "Some(ArithmeticOverflow) [NON-CONSENSUS BREAKING]",
        return_type: Response(ResponseData(
          committed: false,
          data: Optional(OptionalData(
            data: None,
          )),
        )),
        cost: ExecutionCost(
          write_length: 84,
          write_count: 2,
          read_length: 1,
          read_count: 1,
          runtime: 10659,
        ),
      ),
    ],
    total_block_cost: ExecutionCost(
      write_length: 84,
      write_count: 2,
      read_length: 1,
      read_count: 1,
      runtime: 10659,
    ),
  )),
  Success(ExpectedBlockOutput(
    marf_hash: "641247b970ec7cde829973c64a3c8e0d242d1874a190204864dc375455ee3027",
    evaluated_epoch: Epoch40,
    transactions: [
      ExpectedTransactionOutput(
        tx: "SmartContract(name: overflow-to-int-Epoch4_0-Clarity1, code_body: [..], clarity_version: Some(Clarity1))",
        vm_error: "Some(ArithmeticOverflow) [NON-CONSENSUS BREAKING]",
        return_type: Response(ResponseData(
          committed: false,
          data: Optional(OptionalData(
            data: None,
          )),
        )),
        cost: ExecutionCost(
          write_length: 84,
          write_count: 2,
          read_length: 1,
          read_count: 1,
          runtime: 10659,
        ),
      ),
    ],
    total_block_cost: ExecutionCost(
      write_length: 84,
      write_count: 2,
      read_length: 1,
      read_count: 1,
      runtime: 10659,
    ),
  )),
  Success(ExpectedBlockOutput(
    marf_hash: "14ed544049c7a9577856d78bc83fe29946b173429dfd8eded98cf9f21f8e7e3d",
    evaluated_epoch: Epoch40,
    transactions: [
      ExpectedTransactionOutput(
        tx: "SmartContract(name: overflow-to-int-Epoch4_0-Clarity2, code_body: [..], clarity_version: Some(Clarity2))",
        vm_error: "Some(ArithmeticOverflow) [NON-CONSENSUS BREAKING]",
        return_type: Response(ResponseData(
          committed: false,
          data: Optional(OptionalData(
            data: None,
          )),
        )),
        cost: ExecutionCost(
          write_length: 84,
          write_count: 2,
          read_length: 1,
          read_count: 1,
          runtime: 10659,
        ),
      ),
    ],
    total_block_cost: ExecutionCost(
      write_length: 84,
      write_count: 2,
      read_length: 1,
      read_count: 1,
      runtime: 10659,
    ),
  )),
  Success(ExpectedBlockOutput(
    marf_hash: "3d10a41d1fd7e26effacb9b86e8603fb85319f318fcfec4d74a4c96c14be5740",
    evaluated_epoch: Epoch40,
    transactions: [
      ExpectedTransactionOutput(
        tx: "SmartContract(name: overflow-to-int-Epoch4_0-Clarity3, code_body: [..], clarity_version: Some(Clarity3))",
        vm_error: "Some(ArithmeticOverflow) [NON-CONSENSUS BREAKING]",
        return_type: Response(ResponseData(
          committed: false,
          data: Optional(OptionalData(
            data: None,
          )),
        )),
        cost: ExecutionCost(
          write_length: 84,
          write_count: 2,
          read_length: 1,
          read_count: 1,
          runtime: 10659,
        ),
      ),
    ],
    total_block_cost: ExecutionCost(
      write_length: 84,
      write_count: 2,
      read_length: 1,
      read_count: 1,
      runtime: 10659,
    ),
  )),
  Success(ExpectedBlockOutput(
    marf_hash: "b98de1a18a1224df535101ff26fdcbf83987e6ddc2752cef200c9462913e3b9f",
    evaluated_epoch: Epoch40,
    transactions: [
      ExpectedTransactionOutput(
        tx: "SmartContract(name: overflow-to-int-Epoch4_0-Clarity4, code_body: [..], clarity_version: Some(Clarity4))",
        vm_error: "Some(ArithmeticOverflow) [NON-CONSENSUS BREAKING]",
        return_type: Response(ResponseData(
          committed: false,
          data: Optional(OptionalData(
            data: None,
          )),
        )),
        cost: ExecutionCost(
          write_length: 84,
          write_count: 2,
          read_length: 1,
          read_count: 1,
          runtime: 10659,
        ),
      ),
    ],
    total_block_cost: ExecutionCost(
      write_length: 84,
      write_count: 2,
      read_length: 1,
      read_count: 1,
      runtime: 10659,
    ),
  )),
  Success(ExpectedBlockOutput(
    marf_hash: "4e47f8c43ba2204b058afa5e4a7ab10b7bc9d3fc8f8ed3daa0d96730f8536451",
    evaluated_epoch: Epoch40,
    transactions: [
      ExpectedTransactionOutput(
        tx: "SmartContract(name: overflow-to-int-Epoch4_0-Clarity5, code_body: [..], clarity_version: Some(Clarity5))",
        vm_error: "Some(ArithmeticOverflow) [NON-CONSENSUS BREAKING]",
        return_type: Response(ResponseData(
          committed: false,
          data: Optional(OptionalData(
            data: None,
          )),
        )),
        cost: ExecutionCost(
          write_length: 84,
          write_count: 2,
          read_length: 1,
          read_count: 1,
          runtime: 10659,
        ),
      ),
    ],
    total_block_cost: ExecutionCost(
      write_length: 84,
      write_count: 2,
      read_length: 1,
      read_count: 1,
      runtime: 10659,
    ),
  )),
  Success(ExpectedBlockOutput(
    marf_hash: "79d2119412f44e455dbff2718c3a0027a83b9a8f3d99086cf389a8dc47cdf385",
    evaluated_epoch: Epoch40,
    transactions: [
      ExpectedTransactionOutput(
        tx: "SmartContract(name: overflow-to-int-Epoch4_0-Clarity6, code_body: [..], clarity_version: Some(Clarity6))",
        vm_error: "Some(ArithmeticOverflow) [NON-CONSENSUS BREAKING]",
        return_type: Response(ResponseData(
          committed: false,
          data: Optional(OptionalData(
            data: None,
          )),
        )),
        cost: ExecutionCost(
          write_length: 84,
          write_count: 2,
          read_length: 1,
          read_count: 1,
          runtime: 10659,
        ),
      ),
    ],
    total_block_cost: ExecutionCost(
      write_length: 84,
      write_count: 2,
      read_length: 1,
      read_count: 1,
      runtime: 10659,
    ),
  )),
]
