---
source: stackslib/src/chainstate/tests/parse_tests.rs
expression: result
---
[
  Success(ExpectedBlockOutput(
    marf_hash: "863fbb2cac39c175b28b867dfb388f4fe0d6cf0a8585cc250e842b95eb901611",
    evaluated_epoch: Epoch33,
    transactions: [
      ExpectedTransactionOutput(
        tx: "SmartContract(name: my-contract-Epoch3_3-Clarity1, code_body: [..], clarity_version: Some(Clarity1))",
        vm_error: "Some(defining \'trait-1\' conflicts with previous value) [NON-CONSENSUS BREAKING]",
        return_type: Response(ResponseData(
          committed: false,
          data: Optional(OptionalData(
            data: None,
          )),
        )),
        cost: ExecutionCost(
          write_length: 0,
          write_count: 0,
          read_length: 0,
          read_count: 0,
          runtime: 5256,
        ),
      ),
    ],
    total_block_cost: ExecutionCost(
      write_length: 0,
      write_count: 0,
      read_length: 0,
      read_count: 0,
      runtime: 5256,
    ),
  )),
  Success(ExpectedBlockOutput(
    marf_hash: "71f06f0152b590dee043b03a389a79a41e2bd33829ef80fc865fc3ab28851adc",
    evaluated_epoch: Epoch33,
    transactions: [
      ExpectedTransactionOutput(
        tx: "SmartContract(name: my-contract-Epoch3_3-Clarity2, code_body: [..], clarity_version: Some(Clarity2))",
        vm_error: "Some(defining \'trait-1\' conflicts with previous value) [NON-CONSENSUS BREAKING]",
        return_type: Response(ResponseData(
          committed: false,
          data: Optional(OptionalData(
            data: None,
          )),
        )),
        cost: ExecutionCost(
          write_length: 0,
          write_count: 0,
          read_length: 0,
          read_count: 0,
          runtime: 5256,
        ),
      ),
    ],
    total_block_cost: ExecutionCost(
      write_length: 0,
      write_count: 0,
      read_length: 0,
      read_count: 0,
      runtime: 5256,
    ),
  )),
  Success(ExpectedBlockOutput(
    marf_hash: "49e8b9190a0bae9d95d1b480bf3821e10f2c80813fefd0c6e22b9db60f521088",
    evaluated_epoch: Epoch33,
    transactions: [
      ExpectedTransactionOutput(
        tx: "SmartContract(name: my-contract-Epoch3_3-Clarity3, code_body: [..], clarity_version: Some(Clarity3))",
        vm_error: "Some(defining \'trait-1\' conflicts with previous value) [NON-CONSENSUS BREAKING]",
        return_type: Response(ResponseData(
          committed: false,
          data: Optional(OptionalData(
            data: None,
          )),
        )),
        cost: ExecutionCost(
          write_length: 0,
          write_count: 0,
          read_length: 0,
          read_count: 0,
          runtime: 5256,
        ),
      ),
    ],
    total_block_cost: ExecutionCost(
      write_length: 0,
      write_count: 0,
      read_length: 0,
      read_count: 0,
      runtime: 5256,
    ),
  )),
  Success(ExpectedBlockOutput(
    marf_hash: "8bc2f3404b84d09537ee3bac4327859c16abd0b5ef2b245b97e7c5e91f6f1bcb",
    evaluated_epoch: Epoch33,
    transactions: [
      ExpectedTransactionOutput(
        tx: "SmartContract(name: my-contract-Epoch3_3-Clarity4, code_body: [..], clarity_version: Some(Clarity4))",
        vm_error: "Some(defining \'trait-1\' conflicts with previous value) [NON-CONSENSUS BREAKING]",
        return_type: Response(ResponseData(
          committed: false,
          data: Optional(OptionalData(
            data: None,
          )),
        )),
        cost: ExecutionCost(
          write_length: 0,
          write_count: 0,
          read_length: 0,
          read_count: 0,
          runtime: 5256,
        ),
      ),
    ],
    total_block_cost: ExecutionCost(
      write_length: 0,
      write_count: 0,
      read_length: 0,
      read_count: 0,
      runtime: 5256,
    ),
  )),
]
